Component: ARM Compiler 5.06 update 6 (build 750) Tool: armlink [4d35ed]

==============================================================================

Section Cross References

    tutorial.o(i.main) refers to mylcd.o(i.InitDisplay) for InitDisplay
    tutorial.o(i.main) refers to myaccelerometer.o(i.I2C_Initialize) for I2C_Initialize
    tutorial.o(i.main) refers to mylcd.o(i.Display) for Display
    tutorial.o(i.main) refers to rt_cmsis.o(i.osThreadCreate) for osThreadCreate
    tutorial.o(i.main) refers to tutorial.o(.constdata) for os_thread_def_I2CHandler
    tutorial.o(i.main) refers to tutorial.o(.data) for TID_Accelerometer
    tutorial.o(.constdata) refers to myaccelerometer.o(i.I2CHandler) for I2CHandler
    mylcd.o(i.Display) refers to glcd_mcbstm32c.o(i.GLCD_DrawString) for GLCD_DrawString
    mylcd.o(i.InitDisplay) refers to glcd_mcbstm32c.o(i.GLCD_Initialize) for GLCD_Initialize
    mylcd.o(i.InitDisplay) refers to glcd_mcbstm32c.o(i.GLCD_SetBackgroundColor) for GLCD_SetBackgroundColor
    mylcd.o(i.InitDisplay) refers to glcd_mcbstm32c.o(i.GLCD_SetForegroundColor) for GLCD_SetForegroundColor
    mylcd.o(i.InitDisplay) refers to glcd_mcbstm32c.o(i.GLCD_ClearScreen) for GLCD_ClearScreen
    mylcd.o(i.InitDisplay) refers to glcd_mcbstm32c.o(i.GLCD_SetFont) for GLCD_SetFont
    mylcd.o(i.InitDisplay) refers to glcd_fonts.o(.constdata) for GLCD_Font_16x24
    myaccelerometer.o(i.Accelerometer_GetState) refers to myaccelerometer.o(i.I2C_ReadBuf) for I2C_ReadBuf
    myaccelerometer.o(i.I2CHandler) refers to _printf_percent.o(.ARM.Collect$$_printf_percent$$00000000) for _printf_percent
    myaccelerometer.o(i.I2CHandler) refers to _printf_d.o(.ARM.Collect$$_printf_percent$$00000009) for _printf_d
    myaccelerometer.o(i.I2CHandler) refers to _printf_dec.o(.text) for _printf_int_dec
    myaccelerometer.o(i.I2CHandler) refers to _printf_pad.o(.text) for _printf_pre_padding
    myaccelerometer.o(i.I2CHandler) refers to _printf_x.o(.ARM.Collect$$_printf_percent$$0000000C) for _printf_x
    myaccelerometer.o(i.I2CHandler) refers to _printf_hex_int.o(.text) for _printf_longlong_hex
    myaccelerometer.o(i.I2CHandler) refers to myaccelerometer.o(i.I2C_ReadBuf) for I2C_ReadBuf
    myaccelerometer.o(i.I2CHandler) refers to noretval__2printf.o(.text) for __2printf
    myaccelerometer.o(i.I2CHandler) refers to myaccelerometer.o(i.Accelerometer_GetState) for Accelerometer_GetState
    myaccelerometer.o(i.I2CHandler) refers to rt_cmsis.o(i.osDelay) for osDelay
    myaccelerometer.o(i.I2C_Initialize) refers to noretval__2printf.o(.text) for __2printf
    myaccelerometer.o(i.I2C_Initialize) refers to myaccelerometer.o(i.I2C_WriteBuf) for I2C_WriteBuf
    myaccelerometer.o(i.I2C_Initialize) refers to i2c_stm32f10x.o(.constdata) for Driver_I2C1
    myaccelerometer.o(i.I2C_ReadBuf) refers to i2c_stm32f10x.o(.constdata) for Driver_I2C1
    myaccelerometer.o(i.I2C_WriteBuf) refers to i2c_stm32f10x.o(.constdata) for Driver_I2C1
    glcd_mcbstm32c.o(i.GLCD_ClearScreen) refers to glcd_mcbstm32c.o(i.GLCD_SetWindow) for GLCD_SetWindow
    glcd_mcbstm32c.o(i.GLCD_ClearScreen) refers to glcd_mcbstm32c.o(i.wr_cmd) for wr_cmd
    glcd_mcbstm32c.o(i.GLCD_ClearScreen) refers to glcd_mcbstm32c.o(i.wr_dat_start) for wr_dat_start
    glcd_mcbstm32c.o(i.GLCD_ClearScreen) refers to glcd_mcbstm32c.o(i.wr_dat_only) for wr_dat_only
    glcd_mcbstm32c.o(i.GLCD_ClearScreen) refers to glcd_mcbstm32c.o(i.wr_dat_stop) for wr_dat_stop
    glcd_mcbstm32c.o(i.GLCD_ClearScreen) refers to glcd_mcbstm32c.o(.data) for background_color
    glcd_mcbstm32c.o(i.GLCD_DrawBargraph) refers to glcd_mcbstm32c.o(i.GLCD_SetWindow) for GLCD_SetWindow
    glcd_mcbstm32c.o(i.GLCD_DrawBargraph) refers to glcd_mcbstm32c.o(i.wr_cmd) for wr_cmd
    glcd_mcbstm32c.o(i.GLCD_DrawBargraph) refers to glcd_mcbstm32c.o(i.wr_dat_start) for wr_dat_start
    glcd_mcbstm32c.o(i.GLCD_DrawBargraph) refers to glcd_mcbstm32c.o(i.wr_dat_only) for wr_dat_only
    glcd_mcbstm32c.o(i.GLCD_DrawBargraph) refers to glcd_mcbstm32c.o(i.wr_dat_stop) for wr_dat_stop
    glcd_mcbstm32c.o(i.GLCD_DrawBargraph) refers to glcd_mcbstm32c.o(.data) for background_color
    glcd_mcbstm32c.o(i.GLCD_DrawBitmap) refers to glcd_mcbstm32c.o(i.GLCD_SetWindow) for GLCD_SetWindow
    glcd_mcbstm32c.o(i.GLCD_DrawBitmap) refers to glcd_mcbstm32c.o(i.wr_cmd) for wr_cmd
    glcd_mcbstm32c.o(i.GLCD_DrawBitmap) refers to glcd_mcbstm32c.o(i.wr_dat_start) for wr_dat_start
    glcd_mcbstm32c.o(i.GLCD_DrawBitmap) refers to glcd_mcbstm32c.o(i.wr_dat_only) for wr_dat_only
    glcd_mcbstm32c.o(i.GLCD_DrawBitmap) refers to glcd_mcbstm32c.o(i.wr_dat_stop) for wr_dat_stop
    glcd_mcbstm32c.o(i.GLCD_DrawChar) refers to glcd_mcbstm32c.o(i.GLCD_SetWindow) for GLCD_SetWindow
    glcd_mcbstm32c.o(i.GLCD_DrawChar) refers to glcd_mcbstm32c.o(i.wr_cmd) for wr_cmd
    glcd_mcbstm32c.o(i.GLCD_DrawChar) refers to glcd_mcbstm32c.o(i.wr_dat_start) for wr_dat_start
[...]
    .data                                    0x2000006c   Section        4  streamlock.o(.data)
    .bss                                     0x20000070   Section    15952  rtx_conf_cm.o(.bss)
    std_libspace                             0x20003ba0   Data         672  rtx_conf_cm.o(.bss)
    std_libmutex                             0x20003e40   Data         128  rtx_conf_cm.o(.bss)
    .bss                                     0x20003ec0   Section       40  spi_stm32f10x.o(.bss)
    SPI3_Info                                0x20003ec0   Data          12  spi_stm32f10x.o(.bss)
    SPI3_TransferInfo                        0x20003ecc   Data          28  spi_stm32f10x.o(.bss)
    .bss                                     0x20003ee8   Section       28  i2c_stm32f10x.o(.bss)
    I2C1_Info                                0x20003ee8   Data          28  i2c_stm32f10x.o(.bss)
    .bss                                     0x20003f04   Section       52  rt_task.o(.bss)
    .bss                                     0x20003f38   Section       48  rt_list.o(.bss)
    .bss                                     0x20003f68   Section       96  libspace.o(.bss)
    .bss                                     0x20003fc8   Section       84  stdio_streams.o(.bss)
    .bss                                     0x2000401c   Section       84  stdio_streams.o(.bss)
    .bss                                     0x20004070   Section       84  stdio_streams.o(.bss)
    HEAP                                     0x200040c8   Section      512  startup_stm32f10x_cl.o(HEAP)
    Heap_Mem                                 0x200040c8   Data         512  startup_stm32f10x_cl.o(HEAP)
    STACK                                    0x200042c8   Section     1024  startup_stm32f10x_cl.o(STACK)
    Stack_Mem                                0x200042c8   Data        1024  startup_stm32f10x_cl.o(STACK)
    __initial_sp                             0x200046c8   Data           0  startup_stm32f10x_cl.o(STACK)

    Global Symbols

    Symbol Name                              Value     Ov Type        Size  Object(Section)

    BuildAttributes$$THM_ISAv4$P$D$K$B$S$PE$A:L22UL41UL21$X:L11$S22US41US21$IEEE1$IW$USESV6$~STKCKD$USESV7$~SHL$OTIME$ROPI$EBA8$UX$STANDARDLIB$REQ8$PRES8$EABIv2 0x00000000   Number         0  anon$$obj.o ABSOLUTE
    __ARM_use_no_argv                        0x00000000   Number         0  tutorial.o ABSOLUTE
    _printf_flags                            0x00000000   Number         0  printf_stubs.o ABSOLUTE
    _printf_return_value                     0x00000000   Number         0  printf_stubs.o ABSOLUTE
    _printf_sizespec                         0x00000000   Number         0  printf_stubs.o ABSOLUTE
    _printf_widthprec                        0x00000000   Number         0  printf_stubs.o ABSOLUTE
    __ARM_exceptions_init                     - Undefined Weak Reference
    __alloca_initialize                       - Undefined Weak Reference
    __arm_preinit_                            - Undefined Weak Reference
    __cpp_initialize__aeabi_                  - Undefined Weak Reference
    __cxa_finalize                            - Undefined Weak Reference
    __rt_locale                               - Undefined Weak Reference
    __sigvec_lookup                           - Undefined Weak Reference
    __user_heap_extent                        - Undefined Weak Reference
    _atexit_init                              - Undefined Weak Reference
    _call_atexit_fns                          - Undefined Weak Reference
    _clock_init                               - Undefined Weak Reference
    _fp_trap_init                             - Undefined Weak Reference
    _fp_trap_shutdown                         - Undefined Weak Reference
    _get_lc_collate                           - Undefined Weak Reference
    _get_lc_ctype                             - Undefined Weak Reference
    _get_lc_monetary                          - Undefined Weak Reference
    _get_lc_numeric                           - Undefined Weak Reference
    _get_lc_time                              - Undefined Weak Reference
    _getenv_init                              - Undefined Weak Reference
    _handle_redirection                       - Undefined Weak Reference
    _mutex_free                               - Undefined Weak Reference
    _printf_truncate_signed                   - Undefined Weak Reference
    _printf_truncate_unsigned                 - Undefined Weak Reference
    _rand_init                                - Undefined Weak Reference
    _signal_finish                            - Undefined Weak Reference
    _signal_init                              - Undefined Weak Reference
    __Vectors_Size                           0x00000150   Number         0  startup_stm32f10x_cl.o ABSOLUTE
    __RL_RTX_VER                             0x00000482   Number         0  rt_system.o ABSOLUTE
    __Vectors                                0x08000000   Data           4  startup_stm32f10x_cl.o(RESET)
    __Vectors_End                            0x08000150   Data           0  startup_stm32f10x_cl.o(RESET)
    __main                                   0x08000151   Thumb Code     8  __main.o(!!!main)
    __scatterload                            0x08000159   Thumb Code     0  __scatter.o(!!!scatter)
    __scatterload_rt2                        0x08000159   Thumb Code    44  __scatter.o(!!!scatter)
    __scatterload_rt2_thumb_only             0x08000159   Thumb Code     0  __scatter.o(!!!scatter)
    __scatterload_null                       0x08000167   Thumb Code     0  __scatter.o(!!!scatter)
    __scatterload_copy                       0x0800018d   Thumb Code    26  __scatter_copy.o(!!handler_copy)
    __scatterload_zeroinit                   0x080001a9   Thumb Code    28  __scatter_zi.o(!!handler_zi)
    _printf_d                                0x080001c5   Thumb Code     0  _printf_d.o(.ARM.Collect$$_printf_percent$$00000009)
    _printf_percent                          0x080001c5   Thumb Code     0  _printf_percent.o(.ARM.Collect$$_printf_percent$$00000000)
    _printf_x                                0x080001cb   Thumb Code     0  _printf_x.o(.ARM.Collect$$_printf_percent$$0000000C)
    _printf_percent_end                      0x080001d1   Thumb Code     0  _printf_percent_end.o(.ARM.Collect$$_printf_percent$$00000017)
    __rt_lib_init                            0x080001d5   Thumb Code     0  libinit.o(.ARM.Collect$$libinit$$00000000)
    __rt_lib_init_fp_1                       0x080001d7   Thumb Code     0  libinit2.o(.ARM.Collect$$libinit$$00000002)
    __rt_lib_init_heap_2                     0x080001d7   Thumb Code     0  libinit2.o(.ARM.Collect$$libinit$$00000005)
    __rt_lib_init_preinit_1                  0x080001d7   Thumb Code     0  libinit2.o(.ARM.Collect$$libinit$$00000004)
    __rt_lib_init_atexit_1                   0x080001df   Thumb Code     0  libinit2.o(.ARM.Collect$$libinit$$0000001B)
    __rt_lib_init_clock_1                    0x080001df   Thumb Code     0  libinit2.o(.ARM.Collect$$libinit$$00000021)
    __rt_lib_init_fp_trap_1                  0x080001df   Thumb Code     0  libinit2.o(.ARM.Collect$$libinit$$0000001F)
    __rt_lib_init_getenv_1                   0x080001df   Thumb Code     0  libinit2.o(.ARM.Collect$$libinit$$00000023)
    __rt_lib_init_heap_1                     0x080001df   Thumb Code     0  libinit2.o(.ARM.Collect$$libinit$$0000000A)
    __rt_lib_init_lc_collate_1               0x080001df   Thumb Code     0  libinit2.o(.ARM.Collect$$libinit$$00000011)
    __rt_lib_init_lc_ctype_1                 0x080001df   Thumb Code     0  libinit2.o(.ARM.Collect$$libinit$$00000013)
    __rt_lib_init_lc_monetary_1              0x080001df   Thumb Code     0  libinit2.o(.ARM.Collect$$libinit$$00000015)
    __rt_lib_init_lc_numeric_1               0x080001df   Thumb Code     0  libinit2.o(.ARM.Collect$$libinit$$00000017)
    __rt_lib_init_lc_time_1                  0x080001df   Thumb Code     0  libinit2.o(.ARM.Collect$$libinit$$00000019)
    __rt_lib_init_rand_1                     0x080001df   Thumb Code     0  libinit2.o(.ARM.Collect$$libinit$$0000000E)
    __rt_lib_init_signal_1                   0x080001df   Thumb Code     0  libinit2.o(.ARM.Collect$$libinit$$0000001D)
    __rt_lib_init_stdio_2                    0x080001df   Thumb Code     0  libinit2.o(.ARM.Collect$$libinit$$00000024)
    __rt_lib_init_user_alloc_1               0x080001df   Thumb Code     0  libinit2.o(.ARM.Collect$$libinit$$0000000C)
    __rt_lib_init_alloca_1                   0x080001e3   Thumb Code     0  libinit2.o(.ARM.Collect$$libinit$$0000002E)
    __rt_lib_init_argv_1                     0x080001e3   Thumb Code     0  libinit2.o(.ARM.Collect$$libinit$$0000002C)
    __rt_lib_init_cpp_1                      0x080001e3   Thumb Code     0  libinit2.o(.ARM.Collect$$libinit$$00000032)
    __rt_lib_init_exceptions_1               0x080001e3   Thumb Code     0  libinit2.o(.ARM.Collect$$libinit$$00000030)
    __rt_lib_init_return                     0x080001e3   Thumb Code     0  libinit2.o(.ARM.Collect$$libinit$$00000033)
    __rt_lib_init_stdio_1                    0x080001e3   Thumb Code     0  libinit2.o(.ARM.Collect$$libinit$$00000025)
    __rt_lib_shutdown                        0x080001e5   Thumb Code     0  libshutdown.o(.ARM.Collect$$libshutdown$$00000000)
    __rt_lib_shutdown_cpp_1                  0x080001e7   Thumb Code     0  libshutdown2.o(.ARM.Collect$$libshutdown$$00000002)
    __rt_lib_shutdown_stdio_2                0x080001e7   Thumb Code     0  libshutdown2.o(.ARM.Collect$$libshutdown$$00000003)
    __rt_lib_shutdown_fp_trap_1              0x080001eb   Thumb Code     0  libshutdown2.o(.ARM.Collect$$libshutdown$$00000007)
    __rt_lib_shutdown_heap_1                 0x080001eb   Thumb Code     0  libshutdown2.o(.ARM.Collect$$libshutdown$$0000000F)
    __rt_lib_shutdown_return                 0x080001eb   Thumb Code     0  libshutdown2.o(.ARM.Collect$$libshutdown$$00000010)
    __rt_lib_shutdown_signal_1               0x080001eb   Thumb Code     0  libshutdown2.o(.ARM.Collect$$libshutdown$$0000000A)
    __rt_lib_shutdown_stdio_1                0x080001eb   Thumb Code     0  libshutdown2.o(.ARM.Collect$$libshutdown$$00000004)
    __rt_lib_shutdown_user_alloc_1           0x080001eb   Thumb Code     0  libshutdown2.o(.ARM.Collect$$libshutdown$$0000000C)
    __rt_entry                               0x080001ed   Thumb Code     0  __rtentry.o(.ARM.Collect$$rtentry$$00000000)
    __rt_entry_presh_1                       0x080001ed   Thumb Code     0  __rtentry2.o(.ARM.Collect$$rtentry$$00000002)
    __rt_entry_sh                            0x080001ed   Thumb Code     0  __rtentry4.o(.ARM.Collect$$rtentry$$00000004)
    __rt_entry_li                            0x080001f3   Thumb Code     0  __rtentry2.o(.ARM.Collect$$rtentry$$0000000A)
    __rt_entry_postsh_1                      0x080001f3   Thumb Code     0  __rtentry2.o(.ARM.Collect$$rtentry$$00000009)
    __rt_entry_postli_1                      0x080001f7   Thumb Code     0  __rtentry2.o(.ARM.Collect$$rtentry$$0000000B)
    __rt_entry_main                          0x080001ff   Thumb Code     0  __rtentry2.o(.ARM.Collect$$rtentry$$0000000D)
    __rt_exit                                0x08000207   Thumb Code     0  rtexit.o(.ARM.Collect$$rtexit$$00000000)
    __rt_exit_ls                             0x08000209   Thumb Code     0  rtexit2.o(.ARM.Collect$$rtexit$$00000003)
    __rt_exit_prels_1                        0x08000209   Thumb Code     0  rtexit2.o(.ARM.Collect$$rtexit$$00000002)
    __rt_exit_exit                           0x0800020d   Thumb Code     0  rtexit2.o(.ARM.Collect$$rtexit$$00000004)
    _platform_post_lib_init                  0x08000215   Thumb Code    24  rtx_conf_cm.o(.emb_text)
    rt_set_PSP                               0x08000231   Thumb Code     6  hal_cm3.o(.emb_text)
    rt_get_PSP                               0x08000237   Thumb Code     6  hal_cm3.o(.emb_text)
    os_set_env                               0x0800023d   Thumb Code    24  hal_cm3.o(.emb_text)
    _alloc_box                               0x08000259   Thumb Code    28  hal_cm3.o(.emb_text)
    _free_box                                0x08000279   Thumb Code    28  hal_cm3.o(.emb_text)
    SVC_Handler                              0x08000299   Thumb Code   108  hal_cm3.o(.emb_text)
    PendSV_Handler                           0x08000311   Thumb Code    56  hal_cm3.o(.emb_text)
    SysTick_Handler                          0x0800034d   Thumb Code     8  hal_cm3.o(.emb_text)
    OS_Tick_Handler                          0x08000355   Thumb Code    12  hal_cm3.o(.emb_text)
    Reset_Handler                            0x08000361   Thumb Code     8  startup_stm32f10x_cl.o(.text)
    _maybe_terminate_alloc                   0x08000361   Thumb Code     0  maybetermalloc1.o(.emb_text)
    NMI_Handler                              0x08000369   Thumb Code     2  startup_stm32f10x_cl.o(.text)
    HardFault_Handler                        0x0800036b   Thumb Code     2  startup_stm32f10x_cl.o(.text)
    MemManage_Handler                        0x0800036d   Thumb Code     2  startup_stm32f10x_cl.o(.text)
    BusFault_Handler                         0x0800036f   Thumb Code     2  startup_stm32f10x_cl.o(.text)
    UsageFault_Handler                       0x08000371   Thumb Code     2  startup_stm32f10x_cl.o(.text)
    DebugMon_Handler                         0x08000375   Thumb Code     2  startup_stm32f10x_cl.o(.text)
    ADC1_2_IRQHandler                        0x0800037b   Thumb Code     0  startup_stm32f10x_cl.o(.text)
    CAN1_RX0_IRQHandler                      0x0800037b   Thumb Code     0  startup_stm32f10x_cl.o(.text)
    CAN1_RX1_IRQHandler                      0x0800037b   Thumb Code     0  startup_stm32f10x_cl.o(.text)
    CAN1_SCE_IRQHandler                      0x0800037b   Thumb Code     0  startup_stm32f10x_cl.o(.text)
    CAN1_TX_IRQHandler                       0x0800037b   Thumb Code     0  startup_stm32f10x_cl.o(.text)
    CAN2_RX0_IRQHandler                      0x0800037b   Thumb Code     0  startup_stm32f10x_cl.o(.text)
    CAN2_RX1_IRQHandler                      0x0800037b   Thumb Code     0  startup_stm32f10x_cl.o(.text)
    CAN2_SCE_IRQHandler                      0x0800037b   Thumb Code     0  startup_stm32f10x_cl.o(.text)
    CAN2_TX_IRQHandler                       0x0800037b   Thumb Code     0  startup_stm32f10x_cl.o(.text)
    DMA2_Channel4_IRQHandler                 0x0800037b   Thumb Code     0  startup_stm32f10x_cl.o(.text)
    ETH_IRQHandler                           0x0800037b   Thumb Code     0  startup_stm32f10x_cl.o(.text)
    ETH_WKUP_IRQHandler                      0x0800037b   Thumb Code     0  startup_stm32f10x_cl.o(.text)
    EXTI0_IRQHandler                         0x0800037b   Thumb Code     0  startup_stm32f10x_cl.o(.text)
    EXTI15_10_IRQHandler                     0x0800037b   Thumb Code     0  startup_stm32f10x_cl.o(.text)
    EXTI1_IRQHandler                         0x0800037b   Thumb Code     0  startup_stm32f10x_cl.o(.text)
    EXTI2_IRQHandler                         0x0800037b   Thumb Code     0  startup_stm32f10x_cl.o(.text)
    EXTI3_IRQHandler                         0x0800037b   Thumb Code     0  startup_stm32f10x_cl.o(.text)
    EXTI4_IRQHandler                         0x0800037b   Thumb Code     0  startup_stm32f10x_cl.o(.text)
    EXTI9_5_IRQHandler                       0x0800037b   Thumb Code     0  startup_stm32f10x_cl.o(.text)
    FLASH_IRQHandler                         0x0800037b   Thumb Code     0  startup_stm32f10x_cl.o(.text)
    I2C2_ER_IRQHandler                       0x0800037b   Thumb Code     0  startup_stm32f10x_cl.o(.text)
    I2C2_EV_IRQHandler                       0x0800037b   Thumb Code     0  startup_stm32f10x_cl.o(.text)
    OTG_FS_IRQHandler                        0x0800037b   Thumb Code     0  startup_stm32f10x_cl.o(.text)
    OTG_FS_WKUP_IRQHandler                   0x0800037b   Thumb Code     0  startup_stm32f10x_cl.o(.text)
    PVD_IRQHandler                           0x0800037b   Thumb Code     0  startup_stm32f10x_cl.o(.text)
    RCC_IRQHandler                           0x0800037b   Thumb Code     0  startup_stm32f10x_cl.o(.text)
    RTCAlarm_IRQHandler                      0x0800037b   Thumb Code     0  startup_stm32f10x_cl.o(.text)
    RTC_IRQHandler                           0x0800037b   Thumb Code     0  startup_stm32f10x_cl.o(.text)
    SPI1_IRQHandler                          0x0800037b   Thumb Code     0  startup_stm32f10x_cl.o(.text)
    SPI2_IRQHandler                          0x0800037b   Thumb Code     0  startup_stm32f10x_cl.o(.text)
    TAMPER_IRQHandler                        0x0800037b   Thumb Code     0  startup_stm32f10x_cl.o(.text)
    TIM1_BRK_IRQHandler                      0x0800037b   Thumb Code     0  startup_stm32f10x_cl.o(.text)
    TIM1_CC_IRQHandler                       0x0800037b   Thumb Code     0  startup_stm32f10x_cl.o(.text)
    TIM1_TRG_COM_IRQHandler                  0x0800037b   Thumb Code     0  startup_stm32f10x_cl.o(.text)
    TIM1_UP_IRQHandler                       0x0800037b   Thumb Code     0  startup_stm32f10x_cl.o(.text)
    TIM2_IRQHandler                          0x0800037b   Thumb Code     0  startup_stm32f10x_cl.o(.text)
    TIM3_IRQHandler                          0x0800037b   Thumb Code     0  startup_stm32f10x_cl.o(.text)
    TIM4_IRQHandler                          0x0800037b   Thumb Code     0  startup_stm32f10x_cl.o(.text)
    TIM5_IRQHandler                          0x0800037b   Thumb Code     0  startup_stm32f10x_cl.o(.text)
    TIM6_IRQHandler                          0x0800037b   Thumb Code     0  startup_stm32f10x_cl.o(.text)
    TIM7_IRQHandler                          0x0800037b   Thumb Code     0  startup_stm32f10x_cl.o(.text)
    UART4_IRQHandler                         0x0800037b   Thumb Code     0  startup_stm32f10x_cl.o(.text)
    UART5_IRQHandler                         0x0800037b   Thumb Code     0  startup_stm32f10x_cl.o(.text)
    USART1_IRQHandler                        0x0800037b   Thumb Code     0  startup_stm32f10x_cl.o(.text)
    USART2_IRQHandler                        0x0800037b   Thumb Code     0  startup_stm32f10x_cl.o(.text)
    USART3_IRQHandler                        0x0800037b   Thumb Code     0  startup_stm32f10x_cl.o(.text)
    WWDG_IRQHandler                          0x0800037b   Thumb Code     0  startup_stm32f10x_cl.o(.text)
    __user_initial_stackheap                 0x0800037d   Thumb Code     0  startup_stm32f10x_cl.o(.text)
    __user_libspace                          0x080003a1   Thumb Code     8  libspace.o(.text)
    __user_perproc_libspace                  0x080003a1   Thumb Code     0  libspace.o(.text)
    __2printf                                0x080003a9   Thumb Code    20  noretval__2printf.o(.text)
    _printf_pre_padding                      0x080003c1   Thumb Code    44  _printf_pad.o(.text)
    _printf_post_padding                     0x080003ed   Thumb Code    34  _printf_pad.o(.text)
    _printf_int_dec                          0x08000411   Thumb Code   104  _printf_dec.o(.text)
    _printf_int_hex                          0x08000489   Thumb Code    84  _printf_hex_int.o(.text)
    _printf_longlong_hex                     0x08000489   Thumb Code     0  _printf_hex_int.o(.text)
    __printf                                 0x080004e1   Thumb Code   308  __printf_flags_wp.o(.text)
    exit                                     0x08000619   Thumb Code    18  exit.o(.text)
    __aeabi_memclr4                          0x0800062b   Thumb Code     0  rt_memclr_w.o(.text)
    __aeabi_memclr8                          0x0800062b   Thumb Code     0  rt_memclr_w.o(.text)
    __rt_memclr_w                            0x0800062b   Thumb Code    78  rt_memclr_w.o(.text)
    _memset_w                                0x0800062f   Thumb Code     0  rt_memclr_w.o(.text)
    strcmp                                   0x08000679   Thumb Code   128  strcmpv7m.o(.text)
    __use_two_region_memory                  0x080006f9   Thumb Code     2  heapauxi.o(.text)
    __rt_heap_escrow                         0x080006fb   Thumb Code     2  heapauxi.o(.text)
    __rt_heap_expand                         0x080006fd   Thumb Code     2  heapauxi.o(.text)
    _printf_int_common                       0x080006ff   Thumb Code   178  _printf_intcommon.o(.text)
    _printf_char_common                      0x080007bb   Thumb Code    32  _printf_char_common.o(.text)
    _initio                                  0x080007e1   Thumb Code   240  initio_locked.o(.text)
    _terminateio                             0x080008d1   Thumb Code   168  initio_locked.o(.text)
    _sys_exit                                0x080009a9   Thumb Code     8  sys_exit.o(.text)
    __user_setup_stackheap                   0x080009b5   Thumb Code    74  sys_stackheap_outer.o(.text)
    _free_internal                           0x080009ff   Thumb Code    98  h1_free_mt.o(.text)
    free                                     0x08000a61   Thumb Code    20  h1_free_mt.o(.text)
    __flsbuf                                 0x08000a75   Thumb Code   470  flsbuf.o(.text)
    __flsbuf_byte                            0x08000a75   Thumb Code     0  flsbuf.o(.text)
    __flsbuf_wide                            0x08000a75   Thumb Code     0  flsbuf.o(.text)
    _fclose_internal                         0x08000c4b   Thumb Code    76  fclose.o(.text)
    fclose                                   0x08000c4b   Thumb Code     0  fclose.o(.text)
    setvbuf                                  0x08000c97   Thumb Code   104  setvbuf_locked.o(.text)
    freopen                                  0x08000daf   Thumb Code    42  fopen_locked.o(.text)
    _fopen$locked                            0x08000dd9   Thumb Code   100  fopen_locked.o(.text)
    __rt_SIGRTRED                            0x08000e45   Thumb Code    14  defsig_rtred_outer.o(.text)
    __I$use$semihosting                      0x08000e53   Thumb Code     0  use_no_semi.o(.text)
    __use_no_semihosting_swi                 0x08000e53   Thumb Code     2  use_no_semi.o(.text)
    __rt_heap_descriptor                     0x08000e55   Thumb Code    10  rt_heap_descriptor_twolibspace.o(.text)
    __semihosting_library_function           0x08000e55   Thumb Code     0  indicate_semi.o(.text)
    __use_no_heap                            0x08000e5f   Thumb Code     2  hguard.o(.text)
    __heap$guard                             0x08000e61   Thumb Code     2  hguard.o(.text)
    _terminate_user_alloc                    0x08000e63   Thumb Code     2  init_alloc.o(.text)
    _init_user_alloc                         0x08000e65   Thumb Code     2  init_alloc.o(.text)
    __Heap_Full                              0x08000e67   Thumb Code    34  init_alloc.o(.text)
    __Heap_Broken                            0x08000e89   Thumb Code     6  init_alloc.o(.text)
    _init_alloc                              0x08000e8f   Thumb Code    94  init_alloc.o(.text)
    _malloc_internal                         0x08000ef5   Thumb Code   130  h1_alloc_mt.o(.text)
    malloc                                   0x08000f77   Thumb Code    20  h1_alloc_mt.o(.text)
    _printf_char_file                        0x08000f8d   Thumb Code    58  _printf_char_file_locked.o(.text)
    _fseek                                   0x08000fcd   Thumb Code   242  fseek.o(.text)
    fseek                                    0x08000fcd   Thumb Code     0  fseek.o(.text)
    _seterr                                  0x080010c5   Thumb Code    20  stdio.o(.text)
    _writebuf                                0x080010d9   Thumb Code    84  stdio.o(.text)
    _fflush                                  0x0800112d   Thumb Code    70  stdio.o(.text)
    _deferredlazyseek                        0x08001173   Thumb Code    60  stdio.o(.text)
    __sig_exit                               0x080011b5   Thumb Code    10  defsig_exit.o(.text)
    __rt_SIGRTRED_inner                      0x080011c1   Thumb Code    14  defsig_rtred_inner.o(.text)
    __Heap_Initialize                        0x080011f5   Thumb Code    14  h1_init_mt.o(.text)
    __Heap_DescSize                          0x08001203   Thumb Code     4  h1_init_mt.o(.text)
    __Heap_ProvideMemory                     0x08001207   Thumb Code    62  h1_extend_mt.o(.text)
    _ftell_internal                          0x08001245   Thumb Code    66  ftell.o(.text)
    ftell                                    0x08001245   Thumb Code     0  ftell.o(.text)
    __default_signal_display                 0x08001287   Thumb Code    50  defsig_general.o(.text)
    __rt_SIGRTMEM                            0x080012b9   Thumb Code    14  defsig_rtmem_outer.o(.text)
    _ttywrch                                 0x080012c7   Thumb Code    14  sys_wrch.o(.text)
    __aeabi_errno_addr                       0x080012d5   Thumb Code     4  rt_errno_addr_twolibspace.o(.text)
    __errno$twolibspace                      0x080012d5   Thumb Code     0  rt_errno_addr_twolibspace.o(.text)
    __rt_errno_addr$twolibspace              0x080012d5   Thumb Code     0  rt_errno_addr_twolibspace.o(.text)
    __rt_SIGRTMEM_inner                      0x080012d9   Thumb Code    22  defsig_rtmem_inner.o(.text)
    SVC_Count                                0x08001328   Data           4  svc_table.o(SVC_TABLE)
    Accelerometer_GetState                   0x0800132d   Thumb Code    62  myaccelerometer.o(i.Accelerometer_GetState)
    SVC_Table                                0x0800132c   Data           0  svc_table.o(SVC_TABLE)
    DMA1_Channel1_Event                      0x0800136b   Thumb Code     2  dma_stm32f10x.o(i.DMA1_Channel1_Event)
    DMA1_Channel1_IRQHandler                 0x0800136d   Thumb Code    22  dma_stm32f10x.o(i.DMA1_Channel1_IRQHandler)
    DMA1_Channel2_Event                      0x08001389   Thumb Code     2  dma_stm32f10x.o(i.DMA1_Channel2_Event)
    DMA1_Channel2_IRQHandler                 0x0800138d   Thumb Code    24  dma_stm32f10x.o(i.DMA1_Channel2_IRQHandler)
    DMA1_Channel3_Event                      0x080013a9   Thumb Code     2  dma_stm32f10x.o(i.DMA1_Channel3_Event)
    DMA1_Channel3_IRQHandler                 0x080013ad   Thumb Code    24  dma_stm32f10x.o(i.DMA1_Channel3_IRQHandler)
    DMA1_Channel4_Event                      0x080013c9   Thumb Code     2  dma_stm32f10x.o(i.DMA1_Channel4_Event)
    DMA1_Channel4_IRQHandler                 0x080013cd   Thumb Code    24  dma_stm32f10x.o(i.DMA1_Channel4_IRQHandler)
    DMA1_Channel5_Event                      0x080013e9   Thumb Code     2  dma_stm32f10x.o(i.DMA1_Channel5_Event)
    DMA1_Channel5_IRQHandler                 0x080013ed   Thumb Code    24  dma_stm32f10x.o(i.DMA1_Channel5_IRQHandler)
    DMA1_Channel6_Event                      0x08001409   Thumb Code     2  dma_stm32f10x.o(i.DMA1_Channel6_Event)
    DMA1_Channel6_IRQHandler                 0x0800140d   Thumb Code    24  dma_stm32f10x.o(i.DMA1_Channel6_IRQHandler)
    DMA1_Channel7_Event                      0x08001429   Thumb Code     2  dma_stm32f10x.o(i.DMA1_Channel7_Event)
    DMA1_Channel7_IRQHandler                 0x0800142d   Thumb Code    24  dma_stm32f10x.o(i.DMA1_Channel7_IRQHandler)
    DMA2_Channel1_Event                      0x08001449   Thumb Code     2  dma_stm32f10x.o(i.DMA2_Channel1_Event)
    DMA2_Channel1_IRQHandler                 0x0800144d   Thumb Code    24  dma_stm32f10x.o(i.DMA2_Channel1_IRQHandler)
    DMA2_Channel2_Event                      0x08001469   Thumb Code     2  dma_stm32f10x.o(i.DMA2_Channel2_Event)
    DMA2_Channel2_IRQHandler                 0x0800146d   Thumb Code    26  dma_stm32f10x.o(i.DMA2_Channel2_IRQHandler)
    DMA2_Channel3_Event                      0x0800148d   Thumb Code     2  dma_stm32f10x.o(i.DMA2_Channel3_Event)
    DMA2_Channel3_IRQHandler                 0x08001491   Thumb Code    26  dma_stm32f10x.o(i.DMA2_Channel3_IRQHandler)
    DMA2_Channel5_Event                      0x080014b1   Thumb Code     2  dma_stm32f10x.o(i.DMA2_Channel5_Event)
    DMA2_Channel5_IRQHandler                 0x080014b5   Thumb Code    26  dma_stm32f10x.o(i.DMA2_Channel5_IRQHandler)
    Display                                  0x080014d5   Thumb Code    14  mylcd.o(i.Display)
    GLCD_ClearScreen                         0x080014f9   Thumb Code    54  glcd_mcbstm32c.o(i.GLCD_ClearScreen)
    GLCD_DrawChar                            0x08001535   Thumb Code   194  glcd_mcbstm32c.o(i.GLCD_DrawChar)
    GLCD_DrawString                          0x08001605   Thumb Code    38  glcd_mcbstm32c.o(i.GLCD_DrawString)
    GLCD_Initialize                          0x08001631   Thumb Code  1546  glcd_mcbstm32c.o(i.GLCD_Initialize)
    GLCD_SetBackgroundColor                  0x08001c41   Thumb Code    10  glcd_mcbstm32c.o(i.GLCD_SetBackgroundColor)
    GLCD_SetFont                             0x08001c51   Thumb Code    10  glcd_mcbstm32c.o(i.GLCD_SetFont)
    GLCD_SetForegroundColor                  0x08001c61   Thumb Code    10  glcd_mcbstm32c.o(i.GLCD_SetForegroundColor)
    GPIO_AFConfigure                         0x08001d1d   Thumb Code   146  gpio_stm32f10x.o(i.GPIO_AFConfigure)
    GPIO_GetPortClockState                   0x08001db9   Thumb Code   118  gpio_stm32f10x.o(i.GPIO_GetPortClockState)
    GPIO_PinConfigure                        0x08001e51   Thumb Code   120  gpio_stm32f10x.o(i.GPIO_PinConfigure)
    GPIO_PortClock                           0x08001ec9   Thumb Code   284  gpio_stm32f10x.o(i.GPIO_PortClock)
    I2C1_ER_IRQHandler                       0x0800201d   Thumb Code    10  i2c_stm32f10x.o(i.I2C1_ER_IRQHandler)
    I2C1_EV_IRQHandler                       0x0800202d   Thumb Code    10  i2c_stm32f10x.o(i.I2C1_EV_IRQHandler)
    I2CHandler                               0x08002105   Thumb Code    84  myaccelerometer.o(i.I2CHandler)
    I2C_Initialize                           0x08002c7d   Thumb Code    60  myaccelerometer.o(i.I2C_Initialize)
    I2C_ReadBuf                              0x0800303d   Thumb Code   134  myaccelerometer.o(i.I2C_ReadBuf)
    I2C_WriteBuf                             0x080031c9   Thumb Code    66  myaccelerometer.o(i.I2C_WriteBuf)
    ITM_SendChar                             0x08003211   Thumb Code    42  retarget_io.o(i.ITM_SendChar)
    InitDisplay                              0x08003241   Thumb Code    32  mylcd.o(i.InitDisplay)
    SPI3_IRQHandler                          0x0800329d   Thumb Code    10  spi_stm32f10x.o(i.SPI3_IRQHandler)
    SPI_IRQHandler                           0x080037df   Thumb Code   520  spi_stm32f10x.o(i.SPI_IRQHandler)
    SystemCoreClockUpdate                    0x08003fa9   Thumb Code   232  system_stm32f10x.o(i.SystemCoreClockUpdate)
    SystemInit                               0x080040a9   Thumb Code    92  system_stm32f10x.o(i.SystemInit)
    __user_perthread_libspace                0x08004189   Thumb Code    32  rtx_conf_cm.o(i.__user_perthread_libspace)
    _init_box                                0x080041b5   Thumb Code    70  rt_membox.o(i._init_box)
    _is_digit                                0x080041fb   Thumb Code    14  __printf_wp.o(i._is_digit)
    _mutex_acquire                           0x08004209   Thumb Code    22  rtx_conf_cm.o(i._mutex_acquire)
    _mutex_initialize                        0x08004229   Thumb Code    34  rtx_conf_cm.o(i._mutex_initialize)
    _mutex_release                           0x08004255   Thumb Code    18  rtx_conf_cm.o(i._mutex_release)
    _sys_close                               0x08004271   Thumb Code    38  retarget_io.o(i._sys_close)
    _sys_flen                                0x08004297   Thumb Code    36  retarget_io.o(i._sys_flen)
    _sys_istty                               0x080042bb   Thumb Code    36  retarget_io.o(i._sys_istty)
    _sys_open                                0x080042e1   Thumb Code    80  retarget_io.o(i._sys_open)
    _sys_seek                                0x08004349   Thumb Code    44  retarget_io.o(i._sys_seek)
    _sys_write                               0x08004375   Thumb Code    88  retarget_io.o(i._sys_write)
    dbg_init                                 0x080043cd   Thumb Code    34  hal_cm.o(i.dbg_init)
    dbg_task_notify                          0x080043fd   Thumb Code    32  hal_cm.o(i.dbg_task_notify)
    dbg_task_switch                          0x0800441d   Thumb Code    16  hal_cm.o(i.dbg_task_switch)
    _fputc$unlocked                          0x08004459   Thumb Code    26  fputc.o(i.fputc)
    isrMessageGet                            0x08004473   Thumb Code    42  rt_cmsis.o(i.isrMessageGet)
    isrMessagePut                            0x0800449d   Thumb Code    44  rt_cmsis.o(i.isrMessagePut)
    isr_mbx_receive                          0x080044c9   Thumb Code    86  rt_mailbox.o(i.isr_mbx_receive)
    isr_mbx_send                             0x0800451f   Thumb Code    14  rt_mailbox.o(i.isr_mbx_send)
    main                                     0x0800452d   Thumb Code    28  tutorial.o(i.main)
    osDelay                                  0x08004551   Thumb Code    18  rt_cmsis.o(i.osDelay)
    osKernelInitialize                       0x08004569   Thumb Code    30  rt_cmsis.o(i.osKernelInitialize)
    osKernelStart                            0x0800458d   Thumb Code    98  rt_cmsis.o(i.osKernelStart)
    osMessageGet                             0x080045f9   Thumb Code    18  rt_cmsis.o(i.osMessageGet)
    osThreadCreate                           0x08004611   Thumb Code    36  rt_cmsis.o(i.osThreadCreate)
    osThreadExit                             0x0800463d   Thumb Code    14  rt_cmsis.o(i.osThreadExit)
    osTimerCall                              0x08004655   Thumb Code     8  rt_cmsis.o(i.osTimerCall)
    osTimerThread                            0x08004661   Thumb Code    38  rt_cmsis.o(i.osTimerThread)
    os_error                                 0x0800468d   Thumb Code    34  rtx_conf_cm.o(i.os_error)
    os_idle_demon                            0x080046af   Thumb Code     4  rtx_conf_cm.o(i.os_idle_demon)
    os_tick_init                             0x080046b5   Thumb Code    32  rt_system.o(i.os_tick_init)
    os_tick_irqack                           0x080046dd   Thumb Code     2  rt_system.o(i.os_tick_irqack)
    rt_alloc_box                             0x0800483d   Thumb Code    26  rt_membox.o(i.rt_alloc_box)
    rt_alloc_mem                             0x08004857   Thumb Code    62  rt_memory.o(i.rt_alloc_mem)
    rt_block                                 0x08004895   Thumb Code    48  rt_task.o(i.rt_block)
    rt_chk_robin                             0x080048cd   Thumb Code    60  rt_robin.o(i.rt_chk_robin)
    rt_dec_dly                               0x08004915   Thumb Code   102  rt_list.o(i.rt_dec_dly)
    rt_dispatch                              0x08004985   Thumb Code    60  rt_task.o(i.rt_dispatch)
    rt_dly_wait                              0x080049c9   Thumb Code     6  rt_time.o(i.rt_dly_wait)
    rt_evt_psh                               0x080049d1   Thumb Code    76  rt_event.o(i.rt_evt_psh)
    rt_free_box                              0x08004a21   Thumb Code    44  rt_membox.o(i.rt_free_box)
    rt_free_mem                              0x08004a4d   Thumb Code    40  rt_memory.o(i.rt_free_mem)
    rt_get_first                             0x08004a75   Thumb Code    40  rt_list.o(i.rt_get_first)
    rt_init_mem                              0x08004aed   Thumb Code    26  rt_memory.o(i.rt_init_mem)
    rt_init_robin                            0x08004b09   Thumb Code    14  rt_robin.o(i.rt_init_robin)
    rt_init_stack                            0x08004b21   Thumb Code   118  hal_cm.o(i.rt_init_stack)
    rt_mbx_check                             0x08004ba1   Thumb Code     8  rt_mailbox.o(i.rt_mbx_check)
    rt_mbx_init                              0x08004ba9   Thumb Code    26  rt_mailbox.o(i.rt_mbx_init)
    rt_mbx_psh                               0x08004bc5   Thumb Code   236  rt_mailbox.o(i.rt_mbx_psh)
    rt_mbx_wait                              0x08004cb5   Thumb Code   174  rt_mailbox.o(i.rt_mbx_wait)
    rt_mut_init                              0x08004dad   Thumb Code    16  rt_mutex.o(i.rt_mut_init)
    rt_mut_release                           0x08004dbd   Thumb Code   208  rt_mutex.o(i.rt_mut_release)
    rt_mut_wait                              0x08004e95   Thumb Code   114  rt_mutex.o(i.rt_mut_wait)
    rt_pop_req                               0x08004f0d   Thumb Code   112  rt_system.o(i.rt_pop_req)
    rt_psh_req                               0x08004f89   Thumb Code    22  rt_system.o(i.rt_psh_req)
    rt_psq_enq                               0x08004fa9   Thumb Code    88  rt_list.o(i.rt_psq_enq)
    rt_put_dly                               0x08005005   Thumb Code    68  rt_list.o(i.rt_put_dly)
    rt_put_prio                              0x0800504d   Thumb Code    54  rt_list.o(i.rt_put_prio)
    rt_put_rdy_first                         0x08005085   Thumb Code    14  rt_list.o(i.rt_put_rdy_first)
    rt_resort_prio                           0x08005099   Thumb Code    46  rt_list.o(i.rt_resort_prio)
    rt_ret_val                               0x080050cd   Thumb Code     6  hal_cm.o(i.rt_ret_val)
    rt_ret_val2                              0x080050d3   Thumb Code     8  hal_cm.o(i.rt_ret_val2)
    rt_rmv_dly                               0x080050db   Thumb Code    40  rt_list.o(i.rt_rmv_dly)
    rt_rmv_list                              0x08005105   Thumb Code    44  rt_list.o(i.rt_rmv_list)
    rt_sem_psh                               0x08005135   Thumb Code    48  rt_semaphore.o(i.rt_sem_psh)
    rt_stk_check                             0x08005169   Thumb Code    28  rt_system.o(i.rt_stk_check)
    rt_switch_req                            0x0800518d   Thumb Code    30  rt_task.o(i.rt_switch_req)
    rt_sys_init                              0x080051b5   Thumb Code   138  rt_task.o(i.rt_sys_init)
    rt_sys_start                             0x08005281   Thumb Code   110  rt_task.o(i.rt_sys_start)
    rt_systick                               0x080052f9   Thumb Code    50  rt_system.o(i.rt_systick)
    rt_tsk_create                            0x08005381   Thumb Code   118  rt_task.o(i.rt_tsk_create)
    rt_tsk_delete                            0x08005409   Thumb Code   352  rt_task.o(i.rt_tsk_delete)
    rt_tsk_prio                              0x08005585   Thumb Code   108  rt_task.o(i.rt_tsk_prio)
    rt_tsk_self                              0x08005601   Thumb Code    12  rt_task.o(i.rt_tsk_self)
    svcDelay                                 0x08005721   Thumb Code    18  rt_cmsis.o(i.svcDelay)
    svcKernelInitialize                      0x08005735   Thumb Code    80  rt_cmsis.o(i.svcKernelInitialize)
    svcKernelStart                           0x080057a5   Thumb Code    62  rt_cmsis.o(i.svcKernelStart)
    svcMessageCreate                         0x080057ed   Thumb Code    36  rt_cmsis.o(i.svcMessageCreate)
    svcMessageGet                            0x08005811   Thumb Code    58  rt_cmsis.o(i.svcMessageGet)
    svcThreadCreate                          0x0800584d   Thumb Code    96  rt_cmsis.o(i.svcThreadCreate)
    svcThreadGetId                           0x080058b9   Thumb Code    22  rt_cmsis.o(i.svcThreadGetId)
    svcThreadTerminate                       0x080058d5   Thumb Code    50  rt_cmsis.o(i.svcThreadTerminate)
    svcTimerCall                             0x0800590d   Thumb Code    24  rt_cmsis.o(i.svcTimerCall)
    sysTimerTick                             0x08005925   Thumb Code    84  rt_cmsis.o(i.sysTimerTick)
    os_thread_def_I2CHandler                 0x08005abc   Data          16  tutorial.o(.constdata)
    GLCD_Font_6x8                            0x0800734c   Data          16  glcd_fonts.o(.constdata)
    GLCD_Font_16x24                          0x0800735c   Data          16  glcd_fonts.o(.constdata)
    os_maxtaskrun                            0x0800736c   Data           2  rtx_conf_cm.o(.constdata)
    os_stackinfo                             0x08007370   Data           4  rtx_conf_cm.o(.constdata)
    os_rrobin                                0x08007374   Data           4  rtx_conf_cm.o(.constdata)
    os_tickfreq                              0x08007378   Data           4  rtx_conf_cm.o(.constdata)
    os_tickus_i                              0x0800737c   Data           2  rtx_conf_cm.o(.constdata)
    os_tickus_f                              0x0800737e   Data           2  rtx_conf_cm.o(.constdata)
    os_trv                                   0x08007380   Data           4  rtx_conf_cm.o(.constdata)
    os_flags                                 0x08007384   Data           1  rtx_conf_cm.o(.constdata)
    CMSIS_RTOS_API_Version                   0x08007388   Data           4  rtx_conf_cm.o(.constdata)
    CMSIS_RTOS_RTX_Version                   0x0800738c   Data           4  rtx_conf_cm.o(.constdata)
    os_clockrate                             0x08007390   Data           4  rtx_conf_cm.o(.constdata)
    os_timernum                              0x08007394   Data           4  rtx_conf_cm.o(.constdata)
    mp_tcb_size                              0x08007398   Data           2  rtx_conf_cm.o(.constdata)
    mp_stk_size                              0x0800739c   Data           4  rtx_conf_cm.o(.constdata)
    os_stack_sz                              0x080073a0   Data           4  rtx_conf_cm.o(.constdata)
    os_fifo_size                             0x080073a4   Data           1  rtx_conf_cm.o(.constdata)
    os_thread_def_osTimerThread              0x080073a8   Data          16  rtx_conf_cm.o(.constdata)
    os_messageQ_def_osTimerMessageQ          0x080073b8   Data           8  rtx_conf_cm.o(.constdata)
    mp_tmr_size                              0x080073c0   Data           2  rtx_conf_cm.o(.constdata)
    os_thread_def_main                       0x080073c4   Data          16  rtx_conf_cm.o(.constdata)
    Driver_SPI3                              0x0800742c   Data          44  spi_stm32f10x.o(.constdata)
    Driver_I2C1                              0x08007488   Data          48  i2c_stm32f10x.o(.constdata)
    __stdin_name                             0x080074b8   Data           7  retarget_io.o(.constdata)
    __stdout_name                            0x080074bf   Data           8  retarget_io.o(.constdata)
    __stderr_name                            0x080074c7   Data           8  retarget_io.o(.constdata)
    Region$$Table$$Base                      0x08007508   Number         0  anon$$obj.o(Region$$Table)
    Region$$Table$$Limit                     0x08007528   Number         0  anon$$obj.o(Region$$Table)
    TID_Accelerometer                        0x20000000   Data           4  tutorial.o(.data)
    osThreadId_osTimerThread                 0x20000010   Data           4  rtx_conf_cm.o(.data)
    osMessageQId_osTimerMessageQ             0x20000014   Data           4  rtx_conf_cm.o(.data)
    os_tmr                                   0x20000018   Data           4  rtx_conf_cm.o(.data)
    m_tmr                                    0x2000001c   Data           4  rtx_conf_cm.o(.data)
    SystemCoreClock                          0x20000024   Data           4  system_stm32f10x.o(.data)
    AHBPrescTable                            0x20000028   Data          16  system_stm32f10x.o(.data)
    os_initialized                           0x20000038   Data           1  rt_cmsis.o(.data)
    os_running                               0x20000039   Data           1  rt_cmsis.o(.data)
    os_timer_head                            0x2000003c   Data           4  rt_cmsis.o(.data)
    os_tsk                                   0x20000040   Data           8  rt_task.o(.data)
    os_tick_irqn                             0x2000004c   Data           4  rt_system.o(.data)
    os_time                                  0x20000050   Data           4  rt_time.o(.data)
    os_robin                                 0x20000054   Data           8  rt_robin.o(.data)
    dbg_msg                                  0x2000005c   Data           1  hal_cm.o(.data)
    __aeabi_stdin                            0x20000060   Data           4  stdio_streams.o(.data)
    __aeabi_stdout                           0x20000064   Data           4  stdio_streams.o(.data)
    __aeabi_stderr                           0x20000068   Data           4  stdio_streams.o(.data)
    _stream_list_lock                        0x2000006c   Data           4  streamlock.o(.data)
    mp_tcb                                   0x20000070   Data         376  rtx_conf_cm.o(.bss)
    mp_stk                                   0x200001e8   Data       12304  rtx_conf_cm.o(.bss)
    os_stack_mem                             0x200031f8   Data        2280  rtx_conf_cm.o(.bss)
    os_fifo                                  0x20003ae0   Data         132  rtx_conf_cm.o(.bss)
    os_active_TCB                            0x20003b64   Data          28  rtx_conf_cm.o(.bss)
    os_messageQ_q_osTimerMessageQ            0x20003b80   Data          32  rtx_conf_cm.o(.bss)
    os_idle_TCB                              0x20003f04   Data          52  rt_task.o(.bss)
    os_rdy                                   0x20003f38   Data          24  rt_list.o(.bss)
    os_dly                                   0x20003f50   Data          24  rt_list.o(.bss)
    __libspace_start                         0x20003f68   Data          96  libspace.o(.bss)
    __stdin                                  0x20003fc8   Data          84  stdio_streams.o(.bss)
    __temporary_stack_top$libspace           0x20003fc8   Data           0  libspace.o(.bss)
    __stdout                                 0x2000401c   Data          84  stdio_streams.o(.bss)
    __stderr                                 0x20004070   Data          84  stdio_streams.o(.bss)



==============================================================================

Memory Map of the image

  Image Entry point : 0x08000151

  Load Region LR_IROM1 (Base: 0x08000000, Size: 0x00007598, Max: 0x00040000, ABSOLUTE)

    Execution Region ER_IROM1 (Exec base: 0x08000000, Load base: 0x08000000, Size: 0x00007528, Max: 0x00040000, ABSOLUTE)

    Exec Addr    Load Addr    Size         Type   Attr      Idx    E Section Name        Object

    0x08000000   0x08000000   0x00000150   Data   RO         1081    RESET               startup_stm32f10x_cl.o
    0x08000150   0x08000150   0x00000008   Code   RO         2409  * !!!main             c_w.l(__main.o)
    0x08000158   0x08000158   0x00000034   Code   RO         2757    !!!scatter          c_w.l(__scatter.o)
    0x0800018c   0x0800018c   0x0000001a   Code   RO         2759    !!handler_copy      c_w.l(__scatter_copy.o)
    0x080001a6   0x080001a6   0x00000002   PAD
    0x080001a8   0x080001a8   0x0000001c   Code   RO         2761    !!handler_zi        c_w.l(__scatter_zi.o)
    0x080001c4   0x080001c4   0x00000000   Code   RO         2400    .ARM.Collect$$_printf_percent$$00000000  c_w.l(_printf_percent.o)
    0x080001c4   0x080001c4   0x00000006   Code   RO         2399    .ARM.Collect$$_printf_percent$$00000009  c_w.l(_printf_d.o)
    0x080001ca   0x080001ca   0x00000006   Code   RO         2398    .ARM.Collect$$_printf_percent$$0000000C  c_w.l(_printf_x.o)
    0x080001d0   0x080001d0   0x00000004   Code   RO         2422    .ARM.Collect$$_printf_percent$$00000017  c_w.l(_printf_percent_end.o)
    0x080001d4   0x080001d4   0x00000002   Code   RO         2558    .ARM.Collect$$libinit$$00000000  c_w.l(libinit.o)
    0x080001d6   0x080001d6   0x00000000   Code   RO         2560    .ARM.Collect$$libinit$$00000002  c_w.l(libinit2.o)
    0x080001d6   0x080001d6   0x00000000   Code   RO         2562    .ARM.Collect$$libinit$$00000004  c_w.l(libinit2.o)
    0x080001d6   0x080001d6   0x00000008   Code   RO         2563    .ARM.Collect$$libinit$$00000005  c_w.l(libinit2.o)
    0x080001de   0x080001de   0x00000000   Code   RO         2565    .ARM.Collect$$libinit$$0000000A  c_w.l(libinit2.o)
    0x080001de   0x080001de   0x00000000   Code   RO         2567    .ARM.Collect$$libinit$$0000000C  c_w.l(libinit2.o)
    0x080001de   0x080001de   0x00000000   Code   RO         2569    .ARM.Collect$$libinit$$0000000E  c_w.l(libinit2.o)
    0x080001de   0x080001de   0x00000000   Code   RO         2572    .ARM.Collect$$libinit$$00000011  c_w.l(libinit2.o)
    0x080001de   0x080001de   0x00000000   Code   RO         2574    .ARM.Collect$$libinit$$00000013  c_w.l(libinit2.o)
    0x080001de   0x080001de   0x00000000   Code   RO         2576    .ARM.Collect$$libinit$$00000015  c_w.l(libinit2.o)
    0x080001de   0x080001de   0x00000000   Code   RO         2578    .ARM.Collect$$libinit$$00000017  c_w.l(libinit2.o)
    0x080001de   0x080001de   0x00000000   Code   RO         2580    .ARM.Collect$$libinit$$00000019  c_w.l(libinit2.o)
    0x080001de   0x080001de   0x00000000   Code   RO         2582    .ARM.Collect$$libinit$$0000001B  c_w.l(libinit2.o)
    0x080001de   0x080001de   0x00000000   Code   RO         2584    .ARM.Collect$$libinit$$0000001D  c_w.l(libinit2.o)
    0x080001de   0x080001de   0x00000000   Code   RO         2586    .ARM.Collect$$libinit$$0000001F  c_w.l(libinit2.o)
    0x080001de   0x080001de   0x00000000   Code   RO         2588    .ARM.Collect$$libinit$$00000021  c_w.l(libinit2.o)
    0x080001de   0x080001de   0x00000000   Code   RO         2590    .ARM.Collect$$libinit$$00000023  c_w.l(libinit2.o)
    0x080001de   0x080001de   0x00000004   Code   RO         2591    .ARM.Collect$$libinit$$00000024  c_w.l(libinit2.o)
    0x080001e2   0x080001e2   0x00000000   Code   RO         2592    .ARM.Collect$$libinit$$00000025  c_w.l(libinit2.o)
    0x080001e2   0x080001e2   0x00000000   Code   RO         2596    .ARM.Collect$$libinit$$0000002C  c_w.l(libinit2.o)
    0x080001e2   0x080001e2   0x00000000   Code   RO         2598    .ARM.Collect$$libinit$$0000002E  c_w.l(libinit2.o)
    0x080001e2   0x080001e2   0x00000000   Code   RO         2600    .ARM.Collect$$libinit$$00000030  c_w.l(libinit2.o)
    0x080001e2   0x080001e2   0x00000000   Code   RO         2602    .ARM.Collect$$libinit$$00000032  c_w.l(libinit2.o)
    0x080001e2   0x080001e2   0x00000002   Code   RO         2603    .ARM.Collect$$libinit$$00000033  c_w.l(libinit2.o)
    0x080001e4   0x080001e4   0x00000002   Code   RO         2604    .ARM.Collect$$libshutdown$$00000000  c_w.l(libshutdown.o)
    0x080001e6   0x080001e6   0x00000000   Code   RO         2606    .ARM.Collect$$libshutdown$$00000002  c_w.l(libshutdown2.o)
    0x080001e6   0x080001e6   0x00000004   Code   RO         2607    .ARM.Collect$$libshutdown$$00000003  c_w.l(libshutdown2.o)
    0x080001ea   0x080001ea   0x00000000   Code   RO         2608    .ARM.Collect$$libshutdown$$00000004  c_w.l(libshutdown2.o)
    0x080001ea   0x080001ea   0x00000000   Code   RO         2611    .ARM.Collect$$libshutdown$$00000007  c_w.l(libshutdown2.o)
    0x080001ea   0x080001ea   0x00000000   Code   RO         2614    .ARM.Collect$$libshutdown$$0000000A  c_w.l(libshutdown2.o)
    0x080001ea   0x080001ea   0x00000000   Code   RO         2616    .ARM.Collect$$libshutdown$$0000000C  c_w.l(libshutdown2.o)
    0x080001ea   0x080001ea   0x00000000   Code   RO         2619    .ARM.Collect$$libshutdown$$0000000F  c_w.l(libshutdown2.o)
    0x080001ea   0x080001ea   0x00000002   Code   RO         2620    .ARM.Collect$$libshutdown$$00000010  c_w.l(libshutdown2.o)
    0x080001ec   0x080001ec   0x00000000   Code   RO         2411    .ARM.Collect$$rtentry$$00000000  c_w.l(__rtentry.o)
    0x080001ec   0x080001ec   0x00000000   Code   RO         2430    .ARM.Collect$$rtentry$$00000002  c_w.l(__rtentry2.o)
    0x080001ec   0x080001ec   0x00000006   Code   RO         2442    .ARM.Collect$$rtentry$$00000004  c_w.l(__rtentry4.o)
    0x080001f2   0x080001f2   0x00000000   Code   RO         2432    .ARM.Collect$$rtentry$$00000009  c_w.l(__rtentry2.o)
    0x080001f2   0x080001f2   0x00000004   Code   RO         2433    .ARM.Collect$$rtentry$$0000000A  c_w.l(__rtentry2.o)
    0x080001f6   0x080001f6   0x00000008   Code   RO         2434    .ARM.Collect$$rtentry$$0000000B  c_w.l(__rtentry2.o)
    0x080001fe   0x080001fe   0x00000008   Code   RO         2436    .ARM.Collect$$rtentry$$0000000D  c_w.l(__rtentry2.o)
    0x08000206   0x08000206   0x00000002   Code   RO         2412    .ARM.Collect$$rtexit$$00000000  c_w.l(rtexit.o)
    0x08000208   0x08000208   0x00000000   Code   RO         2445    .ARM.Collect$$rtexit$$00000002  c_w.l(rtexit2.o)
    0x08000208   0x08000208   0x00000004   Code   RO         2446    .ARM.Collect$$rtexit$$00000003  c_w.l(rtexit2.o)
    0x0800020c   0x0800020c   0x00000006   Code   RO         2447    .ARM.Collect$$rtexit$$00000004  c_w.l(rtexit2.o)
    0x08000212   0x08000212   0x00000002   PAD
    0x08000214   0x08000214   0x0000001c   Code   RO          343    .emb_text           rtx_conf_cm.o
    0x08000230   0x08000230   0x00000130   Code   RO         2327    .emb_text           RTX_CM3.lib(hal_cm3.o)
    0x08000360   0x08000360   0x00000000   Code   RO         2681    .emb_text           c_w.l(maybetermalloc1.o)
    0x08000360   0x08000360   0x00000040   Code   RO         1082    .text               startup_stm32f10x_cl.o
    0x080003a0   0x080003a0   0x00000008   Code   RO         2342    .text               c_w.l(libspace.o)
    0x080003a8   0x080003a8   0x00000018   Code   RO         2349    .text               c_w.l(noretval__2printf.o)
    0x080003c0   0x080003c0   0x0000004e   Code   RO         2353    .text               c_w.l(_printf_pad.o)
    0x0800040e   0x0800040e   0x00000002   PAD
    0x08000410   0x08000410   0x00000078   Code   RO         2355    .text               c_w.l(_printf_dec.o)
    0x08000488   0x08000488   0x00000058   Code   RO         2360    .text               c_w.l(_printf_hex_int.o)
    0x080004e0   0x080004e0   0x00000138   Code   RO         2390    .text               c_w.l(__printf_flags_wp.o)
    0x08000618   0x08000618   0x00000012   Code   RO         2401    .text               c_w.l(exit.o)
    0x0800062a   0x0800062a   0x0000004e   Code   RO         2403    .text               c_w.l(rt_memclr_w.o)
    0x08000678   0x08000678   0x00000080   Code   RO         2405    .text               c_w.l(strcmpv7m.o)
    0x080006f8   0x080006f8   0x00000006   Code   RO         2407    .text               c_w.l(heapauxi.o)
    0x080006fe   0x080006fe   0x000000b2   Code   RO         2418    .text               c_w.l(_printf_intcommon.o)
    0x080007b0   0x080007b0   0x00000030   Code   RO         2453    .text               c_w.l(_printf_char_common.o)
    0x080007e0   0x080007e0   0x000001c8   Code   RO         2467    .text               c_w.l(initio_locked.o)
    0x080009a8   0x080009a8   0x0000000c   Code   RO         2469    .text               c_w.l(sys_exit.o)
    0x080009b4   0x080009b4   0x0000004a   Code   RO         2471    .text               c_w.l(sys_stackheap_outer.o)
    0x080009fe   0x080009fe   0x00000076   Code   RO         2477    .text               c_w.l(h1_free_mt.o)
    0x08000a74   0x08000a74   0x000001d6   Code   RO         2531    .text               c_w.l(flsbuf.o)
    0x08000c4a   0x08000c4a   0x0000004c   Code   RO         2538    .text               c_w.l(fclose.o)
    0x08000c96   0x08000c96   0x00000068   Code   RO         2540    .text               c_w.l(setvbuf_locked.o)
    0x08000cfe   0x08000cfe   0x00000002   PAD
    0x08000d00   0x08000d00   0x00000144   Code   RO         2542    .text               c_w.l(fopen_locked.o)
    0x08000e44   0x08000e44   0x0000000e   Code   RO         2548    .text               c_w.l(defsig_rtred_outer.o)
    0x08000e52   0x08000e52   0x00000002   Code   RO         2623    .text               c_w.l(use_no_semi.o)
    0x08000e54   0x08000e54   0x00000000   Code   RO         2625    .text               c_w.l(indicate_semi.o)
    0x08000e54   0x08000e54   0x0000000a   Code   RO         2633    .text               c_w.l(rt_heap_descriptor_twolibspace.o)
    0x08000e5e   0x08000e5e   0x00000004   Code   RO         2635    .text               c_w.l(hguard.o)
    0x08000e62   0x08000e62   0x0000008a   Code   RO         2637    .text               c_w.l(init_alloc.o)
    0x08000eec   0x08000eec   0x0000009e   Code   RO         2645    .text               c_w.l(h1_alloc_mt.o)
    0x08000f8a   0x08000f8a   0x00000002   PAD
    0x08000f8c   0x08000f8c   0x00000040   Code   RO         2657    .text               c_w.l(_printf_char_file_locked.o)
    0x08000fcc   0x08000fcc   0x000000f8   Code   RO         2659    .text               c_w.l(fseek.o)
    0x080010c4   0x080010c4   0x000000f0   Code   RO         2661    .text               c_w.l(stdio.o)
    0x080011b4   0x080011b4   0x0000000a   Code   RO         2667    .text               c_w.l(defsig_exit.o)
    0x080011be   0x080011be   0x00000002   PAD
    0x080011c0   0x080011c0   0x00000034   Code   RO         2671    .text               c_w.l(defsig_rtred_inner.o)
    0x080011f4   0x080011f4   0x00000012   Code   RO         2687    .text               c_w.l(h1_init_mt.o)
    0x08001206   0x08001206   0x0000003e   Code   RO         2689    .text               c_w.l(h1_extend_mt.o)
    0x08001244   0x08001244   0x00000042   Code   RO         2695    .text               c_w.l(ftell.o)
    0x08001286   0x08001286   0x00000032   Code   RO         2703    .text               c_w.l(defsig_general.o)
    0x080012b8   0x080012b8   0x0000000e   Code   RO         2705    .text               c_w.l(defsig_rtmem_outer.o)
    0x080012c6   0x080012c6   0x0000000e   Code   RO         2720    .text               c_w.l(sys_wrch.o)
    0x080012d4   0x080012d4   0x00000004   Code   RO         2729    .text               c_w.l(rt_errno_addr_twolibspace.o)
    0x080012d8   0x080012d8   0x00000050   Code   RO         2735    .text               c_w.l(defsig_rtmem_inner.o)
    0x08001328   0x08001328   0x00000004   Code   RO         2337    SVC_TABLE           RTX_CM3.lib(svc_table.o)
    0x0800132c   0x0800132c   0x0000003e   Code   RO           77    i.Accelerometer_GetState  myaccelerometer.o
    0x0800136a   0x0800136a   0x00000002   Code   RO          836    i.DMA1_Channel1_Event  dma_stm32f10x.o
    0x0800136c   0x0800136c   0x0000001c   Code   RO          837    i.DMA1_Channel1_IRQHandler  dma_stm32f10x.o
    0x08001388   0x08001388   0x00000002   Code   RO          838    i.DMA1_Channel2_Event  dma_stm32f10x.o
    0x0800138a   0x0800138a   0x00000002   PAD
    0x0800138c   0x0800138c   0x0000001c   Code   RO          839    i.DMA1_Channel2_IRQHandler  dma_stm32f10x.o
    0x080013a8   0x080013a8   0x00000002   Code   RO          840    i.DMA1_Channel3_Event  dma_stm32f10x.o
    0x080013aa   0x080013aa   0x00000002   PAD
    0x080013ac   0x080013ac   0x0000001c   Code   RO          841    i.DMA1_Channel3_IRQHandler  dma_stm32f10x.o
    0x080013c8   0x080013c8   0x00000002   Code   RO          842    i.DMA1_Channel4_Event  dma_stm32f10x.o
    0x080013ca   0x080013ca   0x00000002   PAD
    0x080013cc   0x080013cc   0x0000001c   Code   RO          843    i.DMA1_Channel4_IRQHandler  dma_stm32f10x.o
    0x080013e8   0x080013e8   0x00000002   Code   RO          844    i.DMA1_Channel5_Event  dma_stm32f10x.o
    0x080013ea   0x080013ea   0x00000002   PAD
    0x080013ec   0x080013ec   0x0000001c   Code   RO          845    i.DMA1_Channel5_IRQHandler  dma_stm32f10x.o
    0x08001408   0x08001408   0x00000002   Code   RO          846    i.DMA1_Channel6_Event  dma_stm32f10x.o
    0x0800140a   0x0800140a   0x00000002   PAD
    0x0800140c   0x0800140c   0x0000001c   Code   RO          847    i.DMA1_Channel6_IRQHandler  dma_stm32f10x.o
    0x08001428   0x08001428   0x00000002   Code   RO          848    i.DMA1_Channel7_Event  dma_stm32f10x.o
    0x0800142a   0x0800142a   0x00000002   PAD
    0x0800142c   0x0800142c   0x0000001c   Code   RO          849    i.DMA1_Channel7_IRQHandler  dma_stm32f10x.o
    0x08001448   0x08001448   0x00000002   Code   RO          850    i.DMA2_Channel1_Event  dma_stm32f10x.o
    0x0800144a   0x0800144a   0x00000002   PAD
    0x0800144c   0x0800144c   0x0000001c   Code   RO          851    i.DMA2_Channel1_IRQHandler  dma_stm32f10x.o
    0x08001468   0x08001468   0x00000002   Code   RO          852    i.DMA2_Channel2_Event  dma_stm32f10x.o
    0x0800146a   0x0800146a   0x00000002   PAD
    0x0800146c   0x0800146c   0x00000020   Code   RO          853    i.DMA2_Channel2_IRQHandler  dma_stm32f10x.o
    0x0800148c   0x0800148c   0x00000002   Code   RO          854    i.DMA2_Channel3_Event  dma_stm32f10x.o
    0x0800148e   0x0800148e   0x00000002   PAD
    0x08001490   0x08001490   0x00000020   Code   RO          855    i.DMA2_Channel3_IRQHandler  dma_stm32f10x.o
    0x080014b0   0x080014b0   0x00000002   Code   RO          858    i.DMA2_Channel5_Event  dma_stm32f10x.o
    0x080014b2   0x080014b2   0x00000002   PAD
    0x080014b4   0x080014b4   0x00000020   Code   RO          859    i.DMA2_Channel5_IRQHandler  dma_stm32f10x.o
    0x080014d4   0x080014d4   0x00000024   Code   RO           55    i.Display           mylcd.o
    0x080014f8   0x080014f8   0x0000003c   Code   RO          125    i.GLCD_ClearScreen  glcd_mcbstm32c.o
    0x08001534   0x08001534   0x000000d0   Code   RO          128    i.GLCD_DrawChar     glcd_mcbstm32c.o
    0x08001604   0x08001604   0x0000002c   Code   RO          132    i.GLCD_DrawString   glcd_mcbstm32c.o
    0x08001630   0x08001630   0x00000610   Code   RO          136    i.GLCD_Initialize   glcd_mcbstm32c.o
    0x08001c40   0x08001c40   0x00000010   Code   RO          137    i.GLCD_SetBackgroundColor  glcd_mcbstm32c.o
    0x08001c50   0x08001c50   0x00000010   Code   RO          138    i.GLCD_SetFont      glcd_mcbstm32c.o
    0x08001c60   0x08001c60   0x00000010   Code   RO          139    i.GLCD_SetForegroundColor  glcd_mcbstm32c.o
    0x08001c70   0x08001c70   0x000000ac   Code   RO          140    i.GLCD_SetWindow    glcd_mcbstm32c.o
    0x08001d1c   0x08001d1c   0x0000009c   Code   RO         1037    i.GPIO_AFConfigure  gpio_stm32f10x.o
    0x08001db8   0x08001db8   0x00000098   Code   RO         1038    i.GPIO_GetPortClockState  gpio_stm32f10x.o
    0x08001e50   0x08001e50   0x00000078   Code   RO         1039    i.GPIO_PinConfigure  gpio_stm32f10x.o
    0x08001ec8   0x08001ec8   0x0000013c   Code   RO         1040    i.GPIO_PortClock    gpio_stm32f10x.o
    0x08002004   0x08002004   0x00000018   Code   RO          565    i.I2C1_Control      i2c_stm32f10x.o
    0x0800201c   0x0800201c   0x00000010   Code   RO          566    i.I2C1_ER_IRQHandler  i2c_stm32f10x.o
    0x0800202c   0x0800202c   0x00000010   Code   RO          567    i.I2C1_EV_IRQHandler  i2c_stm32f10x.o
    0x0800203c   0x0800203c   0x00000010   Code   RO          568    i.I2C1_GetDataCount  i2c_stm32f10x.o
    0x0800204c   0x0800204c   0x00000010   Code   RO          569    i.I2C1_GetStatus    i2c_stm32f10x.o
    0x0800205c   0x0800205c   0x00000014   Code   RO          570    i.I2C1_Initialize   i2c_stm32f10x.o
    0x08002070   0x08002070   0x00000020   Code   RO          571    i.I2C1_MasterReceive  i2c_stm32f10x.o
    0x08002090   0x08002090   0x00000020   Code   RO          572    i.I2C1_MasterTransmit  i2c_stm32f10x.o
    0x080020b0   0x080020b0   0x00000014   Code   RO          573    i.I2C1_PowerControl  i2c_stm32f10x.o
    0x080020c4   0x080020c4   0x00000018   Code   RO          574    i.I2C1_SlaveReceive  i2c_stm32f10x.o
    0x080020dc   0x080020dc   0x00000018   Code   RO          575    i.I2C1_SlaveTransmit  i2c_stm32f10x.o
    0x080020f4   0x080020f4   0x00000010   Code   RO          576    i.I2C1_Uninitialize  i2c_stm32f10x.o
    0x08002104   0x08002104   0x000000b0   Code   RO           78    i.I2CHandler        myaccelerometer.o
    0x080021b4   0x080021b4   0x0000000c   Code   RO          577    i.I2CX_GetCapabilities  i2c_stm32f10x.o
    0x080021c0   0x080021c0   0x00000010   Code   RO          578    i.I2CX_GetVersion   i2c_stm32f10x.o
    0x080021d0   0x080021d0   0x000003ec   Code   RO          579    i.I2C_Control       i2c_stm32f10x.o
    0x080025bc   0x080025bc   0x00000122   Code   RO          580    i.I2C_ER_IRQHandler  i2c_stm32f10x.o
    0x080026de   0x080026de   0x0000058c   Code   RO          581    i.I2C_EV_IRQHandler  i2c_stm32f10x.o
    0x08002c6a   0x08002c6a   0x00000008   Code   RO          582    i.I2C_GetDataCount  i2c_stm32f10x.o
    0x08002c72   0x08002c72   0x00000008   Code   RO          583    i.I2C_GetStatus     i2c_stm32f10x.o
    0x08002c7a   0x08002c7a   0x00000002   PAD
    0x08002c7c   0x08002c7c   0x00000054   Code   RO           79    i.I2C_Initialize    myaccelerometer.o
    0x08002cd0   0x08002cd0   0x00000058   Code   RO          584    i.I2C_Initialize    i2c_stm32f10x.o
    0x08002d28   0x08002d28   0x000000e2   Code   RO          585    i.I2C_MasterReceive  i2c_stm32f10x.o
    0x08002e0a   0x08002e0a   0x000000d4   Code   RO          586    i.I2C_MasterTransmit  i2c_stm32f10x.o
    0x08002ede   0x08002ede   0x00000002   PAD
    0x08002ee0   0x08002ee0   0x0000015c   Code   RO          587    i.I2C_PowerControl  i2c_stm32f10x.o
    0x0800303c   0x0800303c   0x0000008c   Code   RO           80    i.I2C_ReadBuf       myaccelerometer.o
    0x080030c8   0x080030c8   0x00000070   Code   RO          588    i.I2C_SlaveReceive  i2c_stm32f10x.o
    0x08003138   0x08003138   0x00000064   Code   RO          589    i.I2C_SlaveTransmit  i2c_stm32f10x.o
    0x0800319c   0x0800319c   0x0000002a   Code   RO          590    i.I2C_Uninitialize  i2c_stm32f10x.o
    0x080031c6   0x080031c6   0x00000002   PAD
    0x080031c8   0x080031c8   0x00000048   Code   RO           81    i.I2C_WriteBuf      myaccelerometer.o
    0x08003210   0x08003210   0x00000030   Code   RO          742    i.ITM_SendChar      retarget_io.o
    0x08003240   0x08003240   0x00000024   Code   RO           56    i.InitDisplay       mylcd.o
    0x08003264   0x08003264   0x00000018   Code   RO          404    i.SPI3_Control      spi_stm32f10x.o
    0x0800327c   0x0800327c   0x00000010   Code   RO          405    i.SPI3_GetDataCount  spi_stm32f10x.o
    0x0800328c   0x0800328c   0x00000010   Code   RO          406    i.SPI3_GetStatus    spi_stm32f10x.o
    0x0800329c   0x0800329c   0x00000010   Code   RO          407    i.SPI3_IRQHandler   spi_stm32f10x.o
    0x080032ac   0x080032ac   0x00000014   Code   RO          408    i.SPI3_Initialize   spi_stm32f10x.o
    0x080032c0   0x080032c0   0x00000014   Code   RO          409    i.SPI3_PowerControl  spi_stm32f10x.o
    0x080032d4   0x080032d4   0x00000018   Code   RO          410    i.SPI3_Receive      spi_stm32f10x.o
    0x080032ec   0x080032ec   0x00000018   Code   RO          411    i.SPI3_Send         spi_stm32f10x.o
    0x08003304   0x08003304   0x0000001c   Code   RO          412    i.SPI3_Transfer     spi_stm32f10x.o
    0x08003320   0x08003320   0x00000010   Code   RO          413    i.SPI3_Uninitialize  spi_stm32f10x.o
    0x08003330   0x08003330   0x0000000c   Code   RO          414    i.SPIX_GetCapabilities  spi_stm32f10x.o
    0x0800333c   0x0800333c   0x00000010   Code   RO          415    i.SPIX_GetVersion   spi_stm32f10x.o
    0x0800334c   0x0800334c   0x00000430   Code   RO          416    i.SPI_Control       spi_stm32f10x.o
    0x0800377c   0x0800377c   0x00000008   Code   RO          417    i.SPI_GetDataCount  spi_stm32f10x.o
    0x08003784   0x08003784   0x0000005a   Code   RO          418    i.SPI_GetStatus     spi_stm32f10x.o
    0x080037de   0x080037de   0x00000208   Code   RO          419    i.SPI_IRQHandler    spi_stm32f10x.o
    0x080039e6   0x080039e6   0x0000009e   Code   RO          420    i.SPI_Initialize    spi_stm32f10x.o
    0x08003a84   0x08003a84   0x00000088   Code   RO          421    i.SPI_PeripheralReset  spi_stm32f10x.o
    0x08003b0c   0x08003b0c   0x00000194   Code   RO          422    i.SPI_PowerControl  spi_stm32f10x.o
    0x08003ca0   0x08003ca0   0x00000094   Code   RO          423    i.SPI_Receive       spi_stm32f10x.o
    0x08003d34   0x08003d34   0x00000094   Code   RO          424    i.SPI_Send          spi_stm32f10x.o
    0x08003dc8   0x08003dc8   0x00000070   Code   RO          425    i.SPI_Transfer      spi_stm32f10x.o
    0x08003e38   0x08003e38   0x0000004e   Code   RO          426    i.SPI_Uninitialize  spi_stm32f10x.o
    0x08003e86   0x08003e86   0x00000008   Code   RO         1089    i.SetSysClock       system_stm32f10x.o
    0x08003e8e   0x08003e8e   0x00000002   PAD
    0x08003e90   0x08003e90   0x00000118   Code   RO         1090    i.SetSysClockTo72   system_stm32f10x.o
    0x08003fa8   0x08003fa8   0x00000100   Code   RO         1091    i.SystemCoreClockUpdate  system_stm32f10x.o
    0x080040a8   0x080040a8   0x0000006c   Code   RO         1092    i.SystemInit        system_stm32f10x.o
    0x08004114   0x08004114   0x0000001c   Code   RO          591    i.__NVIC_ClearPendingIRQ  i2c_stm32f10x.o
    0x08004130   0x08004130   0x0000003c   Code   RO          592    i.__NVIC_DisableIRQ  i2c_stm32f10x.o
    0x0800416c   0x0800416c   0x0000001a   Code   RO          593    i.__NVIC_EnableIRQ  i2c_stm32f10x.o
    0x08004186   0x08004186   0x00000002   PAD
    0x08004188   0x08004188   0x0000002c   Code   RO          344    i.__user_perthread_libspace  rtx_conf_cm.o
    0x080041b4   0x080041b4   0x00000046   Code   RO         2226    i._init_box         RTX_CM3.lib(rt_membox.o)
    0x080041fa   0x080041fa   0x0000000e   Code   RO         2388    i._is_digit         c_w.l(__printf_wp.o)
    0x08004208   0x08004208   0x00000020   Code   RO          345    i._mutex_acquire    rtx_conf_cm.o
    0x08004228   0x08004228   0x0000002c   Code   RO          346    i._mutex_initialize  rtx_conf_cm.o
    0x08004254   0x08004254   0x0000001c   Code   RO          347    i._mutex_release    rtx_conf_cm.o
    0x08004270   0x08004270   0x00000026   Code   RO          743    i._sys_close        retarget_io.o
    0x08004296   0x08004296   0x00000024   Code   RO          744    i._sys_flen         retarget_io.o
    0x080042ba   0x080042ba   0x00000024   Code   RO          745    i._sys_istty        retarget_io.o
    0x080042de   0x080042de   0x00000002   PAD
    0x080042e0   0x080042e0   0x00000068   Code   RO          746    i._sys_open         retarget_io.o
    0x08004348   0x08004348   0x0000002c   Code   RO          748    i._sys_seek         retarget_io.o
    0x08004374   0x08004374   0x00000058   Code   RO          749    i._sys_write        retarget_io.o
    0x080043cc   0x080043cc   0x00000030   Code   RO         2279    i.dbg_init          RTX_CM3.lib(hal_cm.o)
    0x080043fc   0x080043fc   0x00000020   Code   RO         2280    i.dbg_task_notify   RTX_CM3.lib(hal_cm.o)
    0x0800441c   0x0800441c   0x00000010   Code   RO         2281    i.dbg_task_switch   RTX_CM3.lib(hal_cm.o)
    0x0800442c   0x0800442c   0x0000002c   Code   RO          143    i.delay_ms          glcd_mcbstm32c.o
    0x08004458   0x08004458   0x0000001a   Code   RO         2458    i.fputc             c_w.l(fputc.o)
    0x08004472   0x08004472   0x0000002a   Code   RO         1135    i.isrMessageGet     RTX_CM3.lib(rt_cmsis.o)
    0x0800449c   0x0800449c   0x0000002c   Code   RO         1136    i.isrMessagePut     RTX_CM3.lib(rt_cmsis.o)
    0x080044c8   0x080044c8   0x00000056   Code   RO         2081    i.isr_mbx_receive   RTX_CM3.lib(rt_mailbox.o)
    0x0800451e   0x0800451e   0x0000000e   Code   RO         2082    i.isr_mbx_send      RTX_CM3.lib(rt_mailbox.o)
    0x0800452c   0x0800452c   0x00000024   Code   RO            1    i.main              tutorial.o
    0x08004550   0x08004550   0x00000018   Code   RO         1139    i.osDelay           RTX_CM3.lib(rt_cmsis.o)
    0x08004568   0x08004568   0x00000024   Code   RO         1140    i.osKernelInitialize  RTX_CM3.lib(rt_cmsis.o)
    0x0800458c   0x0800458c   0x0000006c   Code   RO         1142    i.osKernelStart     RTX_CM3.lib(rt_cmsis.o)
    0x080045f8   0x080045f8   0x00000018   Code   RO         1151    i.osMessageGet      RTX_CM3.lib(rt_cmsis.o)
    0x08004610   0x08004610   0x0000002c   Code   RO         1168    i.osThreadCreate    RTX_CM3.lib(rt_cmsis.o)
    0x0800463c   0x0800463c   0x00000018   Code   RO         1169    i.osThreadExit      RTX_CM3.lib(rt_cmsis.o)
    0x08004654   0x08004654   0x0000000c   Code   RO         1175    i.osTimerCall       RTX_CM3.lib(rt_cmsis.o)
    0x08004660   0x08004660   0x0000002c   Code   RO         1180    i.osTimerThread     RTX_CM3.lib(rt_cmsis.o)
    0x0800468c   0x0800468c   0x00000022   Code   RO          348    i.os_error          rtx_conf_cm.o
    0x080046ae   0x080046ae   0x00000004   Code   RO          349    i.os_idle_demon     rtx_conf_cm.o
    0x080046b2   0x080046b2   0x00000002   PAD
    0x080046b4   0x080046b4   0x00000028   Code   RO         1873    i.os_tick_init      RTX_CM3.lib(rt_system.o)
    0x080046dc   0x080046dc   0x00000002   Code   RO         1874    i.os_tick_irqack    RTX_CM3.lib(rt_system.o)
    0x080046de   0x080046de   0x00000002   PAD
    0x080046e0   0x080046e0   0x00000044   Code   RO          144    i.rd_dat            glcd_mcbstm32c.o
    0x08004724   0x08004724   0x00000108   Code   RO          145    i.rd_id_man         glcd_mcbstm32c.o
    0x0800482c   0x0800482c   0x00000010   Code   RO          146    i.rd_reg            glcd_mcbstm32c.o
    0x0800483c   0x0800483c   0x0000001a   Code   RO         2227    i.rt_alloc_box      RTX_CM3.lib(rt_membox.o)
    0x08004856   0x08004856   0x0000003e   Code   RO         2255    i.rt_alloc_mem      RTX_CM3.lib(rt_memory.o)
    0x08004894   0x08004894   0x00000038   Code   RO         1754    i.rt_block          RTX_CM3.lib(rt_task.o)
    0x080048cc   0x080048cc   0x00000048   Code   RO         2204    i.rt_chk_robin      RTX_CM3.lib(rt_robin.o)
    0x08004914   0x08004914   0x00000070   Code   RO         2005    i.rt_dec_dly        RTX_CM3.lib(rt_list.o)
    0x08004984   0x08004984   0x00000044   Code   RO         1755    i.rt_dispatch       RTX_CM3.lib(rt_task.o)
    0x080049c8   0x080049c8   0x00000006   Code   RO         2171    i.rt_dly_wait       RTX_CM3.lib(rt_time.o)
    0x080049ce   0x080049ce   0x00000002   PAD
    0x080049d0   0x080049d0   0x00000050   Code   RO         1966    i.rt_evt_psh        RTX_CM3.lib(rt_event.o)
    0x08004a20   0x08004a20   0x0000002c   Code   RO         2228    i.rt_free_box       RTX_CM3.lib(rt_membox.o)
    0x08004a4c   0x08004a4c   0x00000028   Code   RO         2256    i.rt_free_mem       RTX_CM3.lib(rt_memory.o)
    0x08004a74   0x08004a74   0x00000028   Code   RO         2006    i.rt_get_first      RTX_CM3.lib(rt_list.o)
    0x08004a9c   0x08004a9c   0x00000008   Code   RO         1185    i.rt_id2obj         RTX_CM3.lib(rt_cmsis.o)
    0x08004aa4   0x08004aa4   0x00000048   Code   RO         1756    i.rt_init_context   RTX_CM3.lib(rt_task.o)
    0x08004aec   0x08004aec   0x0000001a   Code   RO         2257    i.rt_init_mem       RTX_CM3.lib(rt_memory.o)
    0x08004b06   0x08004b06   0x00000002   PAD
    0x08004b08   0x08004b08   0x00000018   Code   RO         2205    i.rt_init_robin     RTX_CM3.lib(rt_robin.o)
    0x08004b20   0x08004b20   0x00000080   Code   RO         2282    i.rt_init_stack     RTX_CM3.lib(hal_cm.o)
    0x08004ba0   0x08004ba0   0x00000008   Code   RO         2083    i.rt_mbx_check      RTX_CM3.lib(rt_mailbox.o)
    0x08004ba8   0x08004ba8   0x0000001a   Code   RO         2084    i.rt_mbx_init       RTX_CM3.lib(rt_mailbox.o)
    0x08004bc2   0x08004bc2   0x00000002   PAD
    0x08004bc4   0x08004bc4   0x000000f0   Code   RO         2085    i.rt_mbx_psh        RTX_CM3.lib(rt_mailbox.o)
    0x08004cb4   0x08004cb4   0x000000b4   Code   RO         2087    i.rt_mbx_wait       RTX_CM3.lib(rt_mailbox.o)
    0x08004d68   0x08004d68   0x00000044   Code   RO         1186    i.rt_ms2tick        RTX_CM3.lib(rt_cmsis.o)
    0x08004dac   0x08004dac   0x00000010   Code   RO         1839    i.rt_mut_init       RTX_CM3.lib(rt_mutex.o)
    0x08004dbc   0x08004dbc   0x000000d8   Code   RO         1840    i.rt_mut_release    RTX_CM3.lib(rt_mutex.o)
    0x08004e94   0x08004e94   0x00000078   Code   RO         1841    i.rt_mut_wait       RTX_CM3.lib(rt_mutex.o)
    0x08004f0c   0x08004f0c   0x0000007c   Code   RO         1877    i.rt_pop_req        RTX_CM3.lib(rt_system.o)
    0x08004f88   0x08004f88   0x00000020   Code   RO         1878    i.rt_psh_req        RTX_CM3.lib(rt_system.o)
    0x08004fa8   0x08004fa8   0x0000005c   Code   RO         2008    i.rt_psq_enq        RTX_CM3.lib(rt_list.o)
    0x08005004   0x08005004   0x00000048   Code   RO         2009    i.rt_put_dly        RTX_CM3.lib(rt_list.o)
    0x0800504c   0x0800504c   0x00000036   Code   RO         2010    i.rt_put_prio       RTX_CM3.lib(rt_list.o)
    0x08005082   0x08005082   0x00000002   PAD
    0x08005084   0x08005084   0x00000014   Code   RO         2011    i.rt_put_rdy_first  RTX_CM3.lib(rt_list.o)
    0x08005098   0x08005098   0x00000034   Code   RO         2012    i.rt_resort_prio    RTX_CM3.lib(rt_list.o)
    0x080050cc   0x080050cc   0x00000006   Code   RO         2283    i.rt_ret_val        RTX_CM3.lib(hal_cm.o)
    0x080050d2   0x080050d2   0x00000008   Code   RO         2284    i.rt_ret_val2       RTX_CM3.lib(hal_cm.o)
    0x080050da   0x080050da   0x00000028   Code   RO         2013    i.rt_rmv_dly        RTX_CM3.lib(rt_list.o)
    0x08005102   0x08005102   0x00000002   PAD
    0x08005104   0x08005104   0x00000030   Code   RO         2014    i.rt_rmv_list       RTX_CM3.lib(rt_list.o)
    0x08005134   0x08005134   0x00000034   Code   RO         2132    i.rt_sem_psh        RTX_CM3.lib(rt_semaphore.o)
    0x08005168   0x08005168   0x00000024   Code   RO         1880    i.rt_stk_check      RTX_CM3.lib(rt_system.o)
    0x0800518c   0x0800518c   0x00000028   Code   RO         1757    i.rt_switch_req     RTX_CM3.lib(rt_task.o)
    0x080051b4   0x080051b4   0x000000cc   Code   RO         1758    i.rt_sys_init       RTX_CM3.lib(rt_task.o)
    0x08005280   0x08005280   0x00000078   Code   RO         1759    i.rt_sys_start      RTX_CM3.lib(rt_task.o)
    0x080052f8   0x080052f8   0x00000040   Code   RO         1882    i.rt_systick        RTX_CM3.lib(rt_system.o)
    0x08005338   0x08005338   0x00000012   Code   RO         1187    i.rt_tid2ptcb       RTX_CM3.lib(rt_cmsis.o)
    0x0800534a   0x0800534a   0x00000002   PAD
    0x0800534c   0x0800534c   0x00000034   Code   RO         1188    i.rt_timer_insert   RTX_CM3.lib(rt_cmsis.o)
    0x08005380   0x08005380   0x00000088   Code   RO         1760    i.rt_tsk_create     RTX_CM3.lib(rt_task.o)
    0x08005408   0x08005408   0x0000017c   Code   RO         1761    i.rt_tsk_delete     RTX_CM3.lib(rt_task.o)
    0x08005584   0x08005584   0x0000007c   Code   RO         1763    i.rt_tsk_prio       RTX_CM3.lib(rt_task.o)
    0x08005600   0x08005600   0x00000010   Code   RO         1764    i.rt_tsk_self       RTX_CM3.lib(rt_task.o)
    0x08005610   0x08005610   0x0000002c   Code   RO          147    i.spi_tran          glcd_mcbstm32c.o
    0x0800563c   0x0800563c   0x000000cc   Code   RO          148    i.spi_tran_man      glcd_mcbstm32c.o
    0x08005708   0x08005708   0x0000000c   Code   RO          750    i.stderr_putchar    retarget_io.o
    0x08005714   0x08005714   0x0000000c   Code   RO          752    i.stdout_putchar    retarget_io.o
    0x08005720   0x08005720   0x00000012   Code   RO         1190    i.svcDelay          RTX_CM3.lib(rt_cmsis.o)
    0x08005732   0x08005732   0x00000002   PAD
    0x08005734   0x08005734   0x00000070   Code   RO         1191    i.svcKernelInitialize  RTX_CM3.lib(rt_cmsis.o)
    0x080057a4   0x080057a4   0x00000048   Code   RO         1193    i.svcKernelStart    RTX_CM3.lib(rt_cmsis.o)
    0x080057ec   0x080057ec   0x00000024   Code   RO         1196    i.svcMessageCreate  RTX_CM3.lib(rt_cmsis.o)
    0x08005810   0x08005810   0x0000003a   Code   RO         1197    i.svcMessageGet     RTX_CM3.lib(rt_cmsis.o)
    0x0800584a   0x0800584a   0x00000002   PAD
    0x0800584c   0x0800584c   0x0000006c   Code   RO         1211    i.svcThreadCreate   RTX_CM3.lib(rt_cmsis.o)
    0x080058b8   0x080058b8   0x0000001c   Code   RO         1212    i.svcThreadGetId    RTX_CM3.lib(rt_cmsis.o)
    0x080058d4   0x080058d4   0x00000038   Code   RO         1215    i.svcThreadTerminate  RTX_CM3.lib(rt_cmsis.o)
    0x0800590c   0x0800590c   0x00000018   Code   RO         1217    i.svcTimerCall      RTX_CM3.lib(rt_cmsis.o)
    0x08005924   0x08005924   0x0000005c   Code   RO         1226    i.sysTimerTick      RTX_CM3.lib(rt_cmsis.o)
    0x08005980   0x08005980   0x0000004c   Code   RO          149    i.wr_cmd            glcd_mcbstm32c.o
    0x080059cc   0x080059cc   0x00000034   Code   RO          151    i.wr_dat_only       glcd_mcbstm32c.o
    0x08005a00   0x08005a00   0x00000018   Code   RO          152    i.wr_dat_start      glcd_mcbstm32c.o
    0x08005a18   0x08005a18   0x00000014   Code   RO          153    i.wr_dat_stop       glcd_mcbstm32c.o
    0x08005a2c   0x08005a2c   0x00000090   Code   RO          154    i.wr_reg            glcd_mcbstm32c.o
    0x08005abc   0x08005abc   0x00000010   Data   RO            2    .constdata          tutorial.o
    0x08005acc   0x08005acc   0x000018a0   Data   RO          113    .constdata          glcd_fonts.o
    0x0800736c   0x0800736c   0x00000068   Data   RO          351    .constdata          rtx_conf_cm.o
    0x080073d4   0x080073d4   0x00000084   Data   RO          428    .constdata          spi_stm32f10x.o
    0x08007458   0x08007458   0x00000060   Data   RO          595    .constdata          i2c_stm32f10x.o
    0x080074b8   0x080074b8   0x00000017   Data   RO          753    .constdata          retarget_io.o
    0x080074cf   0x080074cf   0x00000028   Data   RO         2361    .constdata          c_w.l(_printf_hex_int.o)
    0x080074f7   0x080074f7   0x00000011   Data   RO         2391    .constdata          c_w.l(__printf_flags_wp.o)
    0x08007508   0x08007508   0x00000020   Data   RO         2755    Region$$Table       anon$$obj.o


    Execution Region RW_IRAM1 (Exec base: 0x20000000, Load base: 0x08007528, Size: 0x000046c8, Max: 0x00010000, ABSOLUTE)

    Exec Addr    Load Addr    Size         Type   Attr      Idx    E Section Name        Object

    0x20000000   0x08007528   0x00000004   Data   RW            3    .data               tutorial.o
    0x20000004   0x0800752c   0x00000009   Data   RW          155    .data               glcd_mcbstm32c.o
    0x2000000d   0x08007535   0x00000003   PAD
    0x20000010   0x08007538   0x00000014   Data   RW          352    .data               rtx_conf_cm.o
    0x20000024   0x0800754c   0x00000014   Data   RW         1093    .data               system_stm32f10x.o
    0x20000038   0x08007560   0x00000008   Data   RW         1229    .data               RTX_CM3.lib(rt_cmsis.o)
    0x20000040   0x08007568   0x00000008   Data   RW         1766    .data               RTX_CM3.lib(rt_task.o)
    0x20000048   0x08007570   0x00000008   Data   RW         1885    .data               RTX_CM3.lib(rt_system.o)
    0x20000050   0x08007578   0x00000004   Data   RW         2175    .data               RTX_CM3.lib(rt_time.o)
    0x20000054   0x0800757c   0x00000008   Data   RW         2206    .data               RTX_CM3.lib(rt_robin.o)
    0x2000005c   0x08007584   0x00000001   Data   RW         2285    .data               RTX_CM3.lib(hal_cm.o)
    0x2000005d   0x08007585   0x00000003   PAD
    0x20000060   0x08007588   0x00000004   Data   RW         2426    .data               c_w.l(stdio_streams.o)
    0x20000064   0x0800758c   0x00000004   Data   RW         2427    .data               c_w.l(stdio_streams.o)
    0x20000068   0x08007590   0x00000004   Data   RW         2428    .data               c_w.l(stdio_streams.o)
    0x2000006c   0x08007594   0x00000004   Data   RW         2535    .data               c_w.l(streamlock.o)
    0x20000070        -       0x00003e50   Zero   RW          350    .bss                rtx_conf_cm.o
    0x20003ec0        -       0x00000028   Zero   RW          427    .bss                spi_stm32f10x.o
    0x20003ee8        -       0x0000001c   Zero   RW          594    .bss                i2c_stm32f10x.o
    0x20003f04        -       0x00000034   Zero   RW         1765    .bss                RTX_CM3.lib(rt_task.o)
    0x20003f38        -       0x00000030   Zero   RW         2015    .bss                RTX_CM3.lib(rt_list.o)
    0x20003f68        -       0x00000060   Zero   RW         2343    .bss                c_w.l(libspace.o)
    0x20003fc8        -       0x00000054   Zero   RW         2423    .bss                c_w.l(stdio_streams.o)
    0x2000401c        -       0x00000054   Zero   RW         2424    .bss                c_w.l(stdio_streams.o)
    0x20004070        -       0x00000054   Zero   RW         2425    .bss                c_w.l(stdio_streams.o)
    0x200040c4   0x08007598   0x00000004   PAD
    0x200040c8        -       0x00000200   Zero   RW         1080    HEAP                startup_stm32f10x_cl.o
    0x200042c8        -       0x00000400   Zero   RW         1079    STACK               startup_stm32f10x_cl.o


==============================================================================

Image component sizes


      Code (inc. data)   RO Data    RW Data    ZI Data      Debug   Object Name

       342         52          0          0          0      11407   dma_stm32f10x.o
         0          0       6304          0          0        748   glcd_fonts.o
      3040        132          0          9          0     241652   glcd_mcbstm32c.o
       744         76          0          0          0       6505   gpio_stm32f10x.o
      4256        136         96          0         28      47371   i2c_stm32f10x.o
       534        128          0          0          0       3556   myaccelerometer.o
        72         26          0          0          0        852   mylcd.o
       418         30         23          0          0       6946   retarget_io.o
       214         48        104         20      15952      10511   rtx_conf_cm.o
      3106        112        132          0         40      48860   spi_stm32f10x.o
        64         26        336          0       1536        836   startup_stm32f10x_cl.o
       652         56          0         20          0       3189   system_stm32f10x.o
        36          8         16          4          0      13848   tutorial.o

    ----------------------------------------------------------------------
     13512        830       7043         56      17556     396281   Object Totals
         0          0         32          0          0          0   (incl. Generated)
        34          0          0          3          0          0   (incl. Padding)

    ----------------------------------------------------------------------

      Code (inc. data)   RO Data    RW Data    ZI Data      Debug   Library Member Name

       238         24          0          1          0       3312   hal_cm.o
       304         36          0          0          0        768   hal_cm3.o
      1152        144          0          8          0      32862   rt_cmsis.o
        80          4          0          0          0        661   rt_event.o
       530         34          0          0         48       8253   rt_list.o
       554         10          0          0          0       3949   rt_mailbox.o
       140          0          0          0          0       1925   rt_membox.o
       128          0          0          0          0       2307   rt_memory.o
       352         14          0          0          0       2105   rt_mutex.o
        96         22          0          8          0       1158   rt_robin.o
        52          4          0          0          0        573   rt_semaphore.o
       298         52          0          8          0       6223   rt_system.o
      1216        174          0          8         52       9649   rt_task.o
         6          0          0          4          0        652   rt_time.o
         4          4          0          0          0        208   svc_table.o
         8          0          0          0          0         68   __main.o
       312          4         17          0          0         92   __printf_flags_wp.o
        14          0          0          0          0         68   __printf_wp.o
         0          0          0          0          0          0   __rtentry.o
        20          0          0          0          0          0   __rtentry2.o
         6          0          0          0          0          0   __rtentry4.o
        52          8          0          0          0          0   __scatter.o
        26          0          0          0          0          0   __scatter_copy.o
        28          0          0          0          0          0   __scatter_zi.o
        48          6          0          0          0         96   _printf_char_common.o
        64          6          0          0          0         84   _printf_char_file_locked.o
         6          0          0          0          0          0   _printf_d.o
       120         16          0          0          0         92   _printf_dec.o
        88          4         40          0          0         88   _printf_hex_int.o
       178          0          0          0          0         88   _printf_intcommon.o
        78          0          0          0          0        108   _printf_pad.o
         0          0          0          0          0          0   _printf_percent.o
         4          0          0          0          0          0   _printf_percent_end.o
         6          0          0          0          0          0   _printf_x.o
        10          0          0          0          0         68   defsig_exit.o
        50          0          0          0          0         88   defsig_general.o
        80         58          0          0          0         76   defsig_rtmem_inner.o
        14          0          0          0          0         80   defsig_rtmem_outer.o
        52         38          0          0          0         76   defsig_rtred_inner.o
        14          0          0          0          0         80   defsig_rtred_outer.o
        18          0          0          0          0         80   exit.o
        76          0          0          0          0         88   fclose.o
       470          0          0          0          0         88   flsbuf.o
       324          8          0          0          0        152   fopen_locked.o
        26          0          0          0          0         68   fputc.o
       248          6          0          0          0         84   fseek.o
        66          0          0          0          0         76   ftell.o
       158          0          0          0          0        128   h1_alloc_mt.o
        62          0          0          0          0         80   h1_extend_mt.o
       118          0          0          0          0        108   h1_free_mt.o
        18          0          0          0          0         84   h1_init_mt.o
         6          0          0          0          0        152   heapauxi.o
         4          0          0          0          0        136   hguard.o
         0          0          0          0          0          0   indicate_semi.o
       138          0          0          0          0        168   init_alloc.o
       456         48          0          0          0        116   initio_locked.o
         2          0          0          0          0          0   libinit.o
        14          0          0          0          0          0   libinit2.o
         2          0          0          0          0          0   libshutdown.o
         6          0          0          0          0          0   libshutdown2.o
         8          4          0          0         96         68   libspace.o
         0          0          0          0          0          0   maybetermalloc1.o
        24          4          0          0          0         84   noretval__2printf.o
         4          0          0          0          0         68   rt_errno_addr_twolibspace.o
        10          0          0          0          0         76   rt_heap_descriptor_twolibspace.o
        78          0          0          0          0         80   rt_memclr_w.o
         2          0          0          0          0          0   rtexit.o
        10          0          0          0          0          0   rtexit2.o
       104          0          0          0          0         88   setvbuf_locked.o
       240          6          0          0          0        156   stdio.o
         0          0          0         12        252          0   stdio_streams.o
       128          0          0          0          0         68   strcmpv7m.o
         0          0          0          4          0          0   streamlock.o
        12          4          0          0          0         68   sys_exit.o
        74          0          0          0          0         80   sys_stackheap_outer.o
        14          0          0          0          0         76   sys_wrch.o
         2          0          0          0          0         68   use_no_semi.o

    ----------------------------------------------------------------------
      9380        742         57         56        452      78445   Library Totals
        30          0          0          3          4          0   (incl. Padding)

    ----------------------------------------------------------------------

      Code (inc. data)   RO Data    RW Data    ZI Data      Debug   Library Name

      5150        522          0         37        100      74605   RTX_CM3.lib
      4200        220         57         16        348       3840   c_w.l

    ----------------------------------------------------------------------
      9380        742         57         56        452      78445   Library Totals

    ----------------------------------------------------------------------

==============================================================================


      Code (inc. data)   RO Data    RW Data    ZI Data      Debug   

     22892       1572       7100        112      18008     462710   Grand Totals
     22892       1572       7100        112      18008     462710   ELF Image Totals
     22892       1572       7100        112          0          0   ROM Totals

==============================================================================

    Total RO  Size (Code + RO Data)                29992 (  29.29kB)
    Total RW  Size (RW Data + ZI Data)             18120 (  17.70kB)
    Total ROM Size (Code + RO Data + RW Data)      30104 (  29.40kB)

==============================================================================

