Component: ARM Compiler 5.06 update 6 (build 750) Tool: armlink [4d35ed]

==============================================================================

Section Cross References

    tutorial.o(.text) refers to noretval__2printf.o(.text) for __2printf
    tutorial.o(.text) refers to glcd_mcbstm32c.o(.text) for GLCD_Initialize
    tutorial.o(.text) refers to glcd_fonts.o(.constdata) for GLCD_Font_16x24
    mylcd.o(.text) refers to glcd_mcbstm32c.o(.text) for GLCD_DrawString
    glcd_mcbstm32c.o(.text) refers to gpio_stm32f10x.o(.text) for GPIO_PinConfigure
    glcd_mcbstm32c.o(.text) refers to system_stm32f10x.o(.data) for SystemCoreClock
    glcd_mcbstm32c.o(.text) refers to spi_stm32f10x.o(.constdata) for Driver_SPI3
    glcd_mcbstm32c.o(.text) refers to glcd_mcbstm32c.o(.data) for Himax
    rtx_conf_cm.o(.emb_text) refers to rt_cmsis.o(i.osKernelInitialize) for osKernelInitialize
    rtx_conf_cm.o(.emb_text) refers to rt_cmsis.o(i.osThreadCreate) for osThreadCreate
    rtx_conf_cm.o(.emb_text) refers to rt_cmsis.o(i.osKernelStart) for osKernelStart
    rtx_conf_cm.o(.emb_text) refers to exit.o(.text) for exit
    rtx_conf_cm.o(.emb_text) refers to rtx_conf_cm.o(.constdata) for os_thread_def_main
    rtx_conf_cm.o(.text) refers to rt_task.o(i.rt_tsk_self) for rt_tsk_self
    rtx_conf_cm.o(.text) refers to rt_mutex.o(i.rt_mut_init) for rt_mut_init
    rtx_conf_cm.o(.text) refers to rt_cmsis.o(.data) for os_running
    rtx_conf_cm.o(.text) refers to rtx_conf_cm.o(.bss) for .bss
    rtx_conf_cm.o(.text) refers to libspace.o(.bss) for __libspace_start
    rtx_conf_cm.o(.text) refers to rtx_conf_cm.o(.data) for .data
    rtx_conf_cm.o(.text) refers to rt_mutex.o(i.rt_mut_wait) for rt_mut_wait
    rtx_conf_cm.o(.text) refers to rt_mutex.o(i.rt_mut_release) for rt_mut_release
    rtx_conf_cm.o(.constdata) refers to rt_cmsis.o(i.osTimerThread) for osTimerThread
    rtx_conf_cm.o(.constdata) refers to rtx_conf_cm.o(.bss) for os_messageQ_q_osTimerMessageQ
    rtx_conf_cm.o(.constdata) refers to tutorial.o(.text) for main
    spi_stm32f10x.o(.text) refers to rt_memclr_w.o(.text) for __aeabi_memclr4
    spi_stm32f10x.o(.text) refers to gpio_stm32f10x.o(.text) for GPIO_AFConfigure
    spi_stm32f10x.o(.text) refers to spi_stm32f10x.o(.constdata) for DriverVersion
    spi_stm32f10x.o(.constdata) refers to spi_stm32f10x.o(.bss) for SPI3_Info
    spi_stm32f10x.o(.constdata) refers to spi_stm32f10x.o(.text) for SPIX_GetVersion
    retarget_io.o(.text) refers to strcmpv7m.o(.text) for strcmp
    retarget_io.o(.text) refers to retarget_io.o(.data) for ITM_RxBuffer
    stm32f10x_rcc.o(.text) refers to stm32f10x_rcc.o(.data) for APBAHBPrescTable
    stm32f10x_spi.o(.text) refers to stm32f10x_rcc.o(.text) for RCC_APB2PeriphResetCmd
    dma_stm32f10x.o(.text) refers to dma_stm32f10x.o(.data) for DMA1_Channel
    startup_stm32f10x_cl.o(STACK) refers (Special) to heapauxi.o(.text) for __use_two_region_memory
    startup_stm32f10x_cl.o(HEAP) refers (Special) to heapauxi.o(.text) for __use_two_region_memory
    startup_stm32f10x_cl.o(RESET) refers (Special) to heapauxi.o(.text) for __use_two_region_memory
    startup_stm32f10x_cl.o(RESET) refers to startup_stm32f10x_cl.o(STACK) for __initial_sp
    startup_stm32f10x_cl.o(RESET) refers to startup_stm32f10x_cl.o(.text) for Reset_Handler
    startup_stm32f10x_cl.o(RESET) refers to hal_cm3.o(.emb_text) for SVC_Handler
    startup_stm32f10x_cl.o(RESET) refers to dma_stm32f10x.o(.text) for DMA1_Channel1_IRQHandler
    startup_stm32f10x_cl.o(RESET) refers to spi_stm32f10x.o(.text) for SPI3_IRQHandler
    startup_stm32f10x_cl.o(.text) refers (Special) to heapauxi.o(.text) for __use_two_region_memory
    startup_stm32f10x_cl.o(.text) refers to system_stm32f10x.o(.text) for SystemInit
    startup_stm32f10x_cl.o(.text) refers to __main.o(!!!main) for __main
    startup_stm32f10x_cl.o(.text) refers to startup_stm32f10x_cl.o(HEAP) for Heap_Mem
    startup_stm32f10x_cl.o(.text) refers to startup_stm32f10x_cl.o(STACK) for Stack_Mem
    system_stm32f10x.o(.text) refers to system_stm32f10x.o(.data) for SystemCoreClock
    rt_cmsis.o(i.isrMessageGet) refers to rt_mailbox.o(i.isr_mbx_receive) for isr_mbx_receive
    rt_cmsis.o(i.isrMessagePut) refers to rt_mailbox.o(i.rt_mbx_check) for rt_mbx_check
    rt_cmsis.o(i.isrMessagePut) refers to rt_mailbox.o(i.isr_mbx_send) for isr_mbx_send
    rt_cmsis.o(i.isrSemaphoreRelease) refers to rt_cmsis.o(i.rt_id2obj) for rt_id2obj
    rt_cmsis.o(i.isrSemaphoreRelease) refers to rt_semaphore.o(i.isr_sem_send) for isr_sem_send
    rt_cmsis.o(i.isrSignalSet) refers to rt_cmsis.o(i.rt_tid2ptcb) for rt_tid2ptcb
    rt_cmsis.o(i.isrSignalSet) refers to rt_event.o(i.isr_evt_set) for isr_evt_set
    rt_cmsis.o(i.osDelay) refers to rt_cmsis.o(i.svcDelay) for svcDelay
    rt_cmsis.o(i.osKernelInitialize) refers to rt_cmsis.o(i.svcKernelInitialize) for svcKernelInitialize
    rt_cmsis.o(i.osKernelRunning) refers to rt_cmsis.o(i.svcKernelRunning) for svcKernelRunning
[...]
    SPI3_Initialize                          0x08001da3   Thumb Code    14  spi_stm32f10x.o(.text)
    SPI3_Uninitialize                        0x08001db1   Thumb Code    10  spi_stm32f10x.o(.text)
    SPI3_PowerControl                        0x08001dbb   Thumb Code    14  spi_stm32f10x.o(.text)
    SPI3_Send                                0x08001dc9   Thumb Code    18  spi_stm32f10x.o(.text)
    SPI3_Receive                             0x08001ddb   Thumb Code    18  spi_stm32f10x.o(.text)
    SPI3_Transfer                            0x08001ded   Thumb Code    22  spi_stm32f10x.o(.text)
    SPI3_GetDataCount                        0x08001e03   Thumb Code    10  spi_stm32f10x.o(.text)
    SPI3_Control                             0x08001e0d   Thumb Code    18  spi_stm32f10x.o(.text)
    SPI3_GetStatus                           0x08001e1f   Thumb Code    12  spi_stm32f10x.o(.text)
    .text                                    0x08001e38   Section        0  retarget_io.o(.text)
    stdin_getchar                            0x08001e7d   Thumb Code    16  retarget_io.o(.text)
    stdout_putchar                           0x08001e8d   Thumb Code    12  retarget_io.o(.text)
    stderr_putchar                           0x08001e99   Thumb Code    12  retarget_io.o(.text)
    .text                                    0x08002058   Section        0  dma_stm32f10x.o(.text)
    __NVIC_DisableIRQ                        0x08002059   Thumb Code    54  dma_stm32f10x.o(.text)
    __NVIC_EnableIRQ                         0x080024f7   Thumb Code    26  dma_stm32f10x.o(.text)
    __NVIC_ClearPendingIRQ                   0x08002511   Thumb Code    22  dma_stm32f10x.o(.text)
    .text                                    0x08002530   Section        0  gpio_stm32f10x.o(.text)
    .text                                    0x080027f0   Section       64  startup_stm32f10x_cl.o(.text)
    .text                                    0x08002830   Section        0  system_stm32f10x.o(.text)
    SetSysClockTo72                          0x08002831   Thumb Code   264  system_stm32f10x.o(.text)
    SetSysClock                              0x08002939   Thumb Code     8  system_stm32f10x.o(.text)
    .text                                    0x08002ab4   Section        8  libspace.o(.text)
    .text                                    0x08002abc   Section        0  noretval__2printf.o(.text)
    .text                                    0x08002ad4   Section        0  exit.o(.text)
    .text                                    0x08002ae6   Section       78  rt_memclr_w.o(.text)
    .text                                    0x08002b34   Section      128  strcmpv7m.o(.text)
    .text                                    0x08002bb4   Section        0  heapauxi.o(.text)
    .text                                    0x08002bbc   Section        0  _printf_char_common.o(.text)
    _printf_input_char                       0x08002bbd   Thumb Code    10  _printf_char_common.o(.text)
    .text                                    0x08002bec   Section        0  initio_locked.o(.text)
    .text                                    0x08002db4   Section        0  sys_exit.o(.text)
    .text                                    0x08002dc0   Section       74  sys_stackheap_outer.o(.text)
    .text                                    0x08002e0a   Section        0  h1_free_mt.o(.text)
    .text                                    0x08002e80   Section        0  __printf_nopercent.o(.text)
    .text                                    0x08002ea8   Section        0  flsbuf.o(.text)
    .text                                    0x0800307e   Section        0  fclose.o(.text)
    .text                                    0x080030ca   Section        0  setvbuf_locked.o(.text)
    .text                                    0x08003134   Section        0  fopen_locked.o(.text)
    _freopen_locked                          0x08003135   Thumb Code   174  fopen_locked.o(.text)
    .text                                    0x08003278   Section        0  defsig_rtred_outer.o(.text)
    .text                                    0x08003286   Section        2  use_no_semi.o(.text)
    .text                                    0x08003288   Section        0  indicate_semi.o(.text)
    .text                                    0x08003288   Section       10  rt_heap_descriptor_twolibspace.o(.text)
    .text                                    0x08003292   Section        0  hguard.o(.text)
    .text                                    0x08003296   Section        0  init_alloc.o(.text)
    .text                                    0x08003320   Section        0  h1_alloc_mt.o(.text)
    Heap1_SizeAdjust                         0x08003321   Thumb Code     8  h1_alloc_mt.o(.text)
    .text                                    0x080033c0   Section        0  _printf_char_file_locked.o(.text)
    .text                                    0x08003400   Section        0  fseek.o(.text)
    .text                                    0x080034f8   Section        0  stdio.o(.text)
    .text                                    0x080035e8   Section        0  defsig_exit.o(.text)
    .text                                    0x080035f4   Section        0  defsig_rtred_inner.o(.text)
    .text                                    0x08003628   Section        0  h1_init_mt.o(.text)
    .text                                    0x0800363a   Section        0  h1_extend_mt.o(.text)
    .text                                    0x08003678   Section        0  ftell.o(.text)
    .text                                    0x080036ba   Section        0  defsig_general.o(.text)
    .text                                    0x080036ec   Section        0  defsig_rtmem_outer.o(.text)
    .text                                    0x080036fa   Section        0  sys_wrch.o(.text)
    .text                                    0x08003708   Section        4  rt_errno_addr_twolibspace.o(.text)
    .text                                    0x0800370c   Section        0  defsig_rtmem_inner.o(.text)
    SVC_TABLE                                0x0800375c   Section        4  svc_table.o(SVC_TABLE)
    i._init_box                              0x08003760   Section        0  rt_membox.o(i._init_box)
    i.dbg_init                               0x080037a8   Section        0  hal_cm.o(i.dbg_init)
    i.dbg_task_notify                        0x080037d8   Section        0  hal_cm.o(i.dbg_task_notify)
    i.dbg_task_switch                        0x080037f8   Section        0  hal_cm.o(i.dbg_task_switch)
    i.fputc                                  0x08003808   Section        0  fputc.o(i.fputc)
    i.isrMessageGet                          0x08003822   Section        0  rt_cmsis.o(i.isrMessageGet)
    i.isrMessagePut                          0x0800384c   Section        0  rt_cmsis.o(i.isrMessagePut)
    i.isr_mbx_receive                        0x08003878   Section        0  rt_mailbox.o(i.isr_mbx_receive)
    i.isr_mbx_send                           0x080038ce   Section        0  rt_mailbox.o(i.isr_mbx_send)
    i.osKernelInitialize                     0x080038dc   Section        0  rt_cmsis.o(i.osKernelInitialize)
    i.osKernelStart                          0x08003900   Section        0  rt_cmsis.o(i.osKernelStart)
    i.osMessageGet                           0x0800396c   Section        0  rt_cmsis.o(i.osMessageGet)
    i.osThreadCreate                         0x08003984   Section        0  rt_cmsis.o(i.osThreadCreate)
    i.osThreadExit                           0x080039b0   Section        0  rt_cmsis.o(i.osThreadExit)
    i.osTimerCall                            0x080039c8   Section        0  rt_cmsis.o(i.osTimerCall)
    i.osTimerThread                          0x080039d4   Section        0  rt_cmsis.o(i.osTimerThread)
    i.os_tick_init                           0x08003a00   Section        0  rt_system.o(i.os_tick_init)
    i.os_tick_irqack                         0x08003a28   Section        0  rt_system.o(i.os_tick_irqack)
    i.rt_alloc_box                           0x08003a2a   Section        0  rt_membox.o(i.rt_alloc_box)
    i.rt_alloc_mem                           0x08003a44   Section        0  rt_memory.o(i.rt_alloc_mem)
    i.rt_block                               0x08003a84   Section        0  rt_task.o(i.rt_block)
    i.rt_chk_robin                           0x08003abc   Section        0  rt_robin.o(i.rt_chk_robin)
    i.rt_dec_dly                             0x08003b04   Section        0  rt_list.o(i.rt_dec_dly)
    i.rt_dispatch                            0x08003b74   Section        0  rt_task.o(i.rt_dispatch)
    i.rt_evt_psh                             0x08003bb8   Section        0  rt_event.o(i.rt_evt_psh)
    i.rt_free_box                            0x08003c08   Section        0  rt_membox.o(i.rt_free_box)
    i.rt_free_mem                            0x08003c34   Section        0  rt_memory.o(i.rt_free_mem)
    i.rt_get_first                           0x08003c5c   Section        0  rt_list.o(i.rt_get_first)
    i.rt_id2obj                              0x08003c84   Section        0  rt_cmsis.o(i.rt_id2obj)
    rt_id2obj                                0x08003c85   Thumb Code     8  rt_cmsis.o(i.rt_id2obj)
    i.rt_init_context                        0x08003c8c   Section        0  rt_task.o(i.rt_init_context)
    rt_init_context                          0x08003c8d   Thumb Code    66  rt_task.o(i.rt_init_context)
    i.rt_init_mem                            0x08003cd4   Section        0  rt_memory.o(i.rt_init_mem)
    i.rt_init_robin                          0x08003cf0   Section        0  rt_robin.o(i.rt_init_robin)
    i.rt_init_stack                          0x08003d08   Section        0  hal_cm.o(i.rt_init_stack)
    i.rt_mbx_check                           0x08003d88   Section        0  rt_mailbox.o(i.rt_mbx_check)
    i.rt_mbx_init                            0x08003d90   Section        0  rt_mailbox.o(i.rt_mbx_init)
    i.rt_mbx_psh                             0x08003dac   Section        0  rt_mailbox.o(i.rt_mbx_psh)
    i.rt_mbx_wait                            0x08003e9c   Section        0  rt_mailbox.o(i.rt_mbx_wait)
    i.rt_ms2tick                             0x08003f50   Section        0  rt_cmsis.o(i.rt_ms2tick)
    rt_ms2tick                               0x08003f51   Thumb Code    58  rt_cmsis.o(i.rt_ms2tick)
    i.rt_mut_init                            0x08003f94   Section        0  rt_mutex.o(i.rt_mut_init)
    i.rt_mut_release                         0x08003fa4   Section        0  rt_mutex.o(i.rt_mut_release)
    i.rt_mut_wait                            0x0800407c   Section        0  rt_mutex.o(i.rt_mut_wait)
    i.rt_pop_req                             0x080040f4   Section        0  rt_system.o(i.rt_pop_req)
    i.rt_psh_req                             0x08004170   Section        0  rt_system.o(i.rt_psh_req)
    i.rt_psq_enq                             0x08004190   Section        0  rt_list.o(i.rt_psq_enq)
    i.rt_put_dly                             0x080041ec   Section        0  rt_list.o(i.rt_put_dly)
    i.rt_put_prio                            0x08004234   Section        0  rt_list.o(i.rt_put_prio)
    i.rt_put_rdy_first                       0x0800426c   Section        0  rt_list.o(i.rt_put_rdy_first)
    i.rt_resort_prio                         0x08004280   Section        0  rt_list.o(i.rt_resort_prio)
    i.rt_ret_val                             0x080042b4   Section        0  hal_cm.o(i.rt_ret_val)
    i.rt_ret_val2                            0x080042ba   Section        0  hal_cm.o(i.rt_ret_val2)
    i.rt_rmv_dly                             0x080042c2   Section        0  rt_list.o(i.rt_rmv_dly)
    i.rt_rmv_list                            0x080042ec   Section        0  rt_list.o(i.rt_rmv_list)
    i.rt_sem_psh                             0x0800431c   Section        0  rt_semaphore.o(i.rt_sem_psh)
    i.rt_stk_check                           0x08004350   Section        0  rt_system.o(i.rt_stk_check)
    i.rt_switch_req                          0x08004374   Section        0  rt_task.o(i.rt_switch_req)
    i.rt_sys_init                            0x0800439c   Section        0  rt_task.o(i.rt_sys_init)
    i.rt_sys_start                           0x08004468   Section        0  rt_task.o(i.rt_sys_start)
    i.rt_systick                             0x080044e0   Section        0  rt_system.o(i.rt_systick)
    i.rt_tid2ptcb                            0x08004520   Section        0  rt_cmsis.o(i.rt_tid2ptcb)
    rt_tid2ptcb                              0x08004521   Thumb Code    18  rt_cmsis.o(i.rt_tid2ptcb)
    i.rt_timer_insert                        0x08004534   Section        0  rt_cmsis.o(i.rt_timer_insert)
    rt_timer_insert                          0x08004535   Thumb Code    48  rt_cmsis.o(i.rt_timer_insert)
    i.rt_tsk_create                          0x08004568   Section        0  rt_task.o(i.rt_tsk_create)
    i.rt_tsk_delete                          0x080045f0   Section        0  rt_task.o(i.rt_tsk_delete)
    i.rt_tsk_prio                            0x0800476c   Section        0  rt_task.o(i.rt_tsk_prio)
    i.rt_tsk_self                            0x080047e8   Section        0  rt_task.o(i.rt_tsk_self)
    i.svcKernelInitialize                    0x080047f8   Section        0  rt_cmsis.o(i.svcKernelInitialize)
    i.svcKernelStart                         0x08004868   Section        0  rt_cmsis.o(i.svcKernelStart)
    i.svcMessageCreate                       0x080048b0   Section        0  rt_cmsis.o(i.svcMessageCreate)
    i.svcMessageGet                          0x080048d4   Section        0  rt_cmsis.o(i.svcMessageGet)
    i.svcThreadCreate                        0x08004910   Section        0  rt_cmsis.o(i.svcThreadCreate)
    i.svcThreadGetId                         0x0800497c   Section        0  rt_cmsis.o(i.svcThreadGetId)
    i.svcThreadTerminate                     0x08004998   Section        0  rt_cmsis.o(i.svcThreadTerminate)
    i.svcTimerCall                           0x080049d0   Section        0  rt_cmsis.o(i.svcTimerCall)
    i.sysTimerTick                           0x080049e8   Section        0  rt_cmsis.o(i.sysTimerTick)
    .constdata                               0x08004a44   Section     6304  glcd_fonts.o(.constdata)
    Font_6x8_h                               0x08004a44   Data         896  glcd_fonts.o(.constdata)
    Font_16x24_h                             0x08004dc4   Data        5376  glcd_fonts.o(.constdata)
    .constdata                               0x080062e4   Section      104  rtx_conf_cm.o(.constdata)
    __tagsym$$used                           0x08006300   Number         0  rtx_conf_cm.o(.constdata)
    __tagsym$$used                           0x08006304   Number         0  rtx_conf_cm.o(.constdata)
    __tagsym$$used                           0x08006308   Number         0  rtx_conf_cm.o(.constdata)
    __tagsym$$used                           0x0800630c   Number         0  rtx_conf_cm.o(.constdata)
    .constdata                               0x0800634c   Section      132  spi_stm32f10x.o(.constdata)
    DriverVersion                            0x0800634c   Data           4  spi_stm32f10x.o(.constdata)
    DriverCapabilities                       0x08006350   Data           4  spi_stm32f10x.o(.constdata)
    SPI3_mosi                                0x08006354   Data           8  spi_stm32f10x.o(.constdata)
    SPI3_miso                                0x0800635c   Data           8  spi_stm32f10x.o(.constdata)
    SPI3_nss                                 0x08006364   Data           8  spi_stm32f10x.o(.constdata)
    SPI3_sck                                 0x0800636c   Data           8  spi_stm32f10x.o(.constdata)
    SPI3_Resources                           0x08006374   Data          48  spi_stm32f10x.o(.constdata)
    .constdata                               0x080063d0   Section       23  retarget_io.o(.constdata)
    .data                                    0x20000000   Section        9  glcd_mcbstm32c.o(.data)
    foreground_color                         0x20000000   Data           2  glcd_mcbstm32c.o(.data)
    background_color                         0x20000002   Data           2  glcd_mcbstm32c.o(.data)
    active_font                              0x20000004   Data           4  glcd_mcbstm32c.o(.data)
    Himax                                    0x20000008   Data           1  glcd_mcbstm32c.o(.data)
    .data                                    0x2000000c   Section       20  rtx_conf_cm.o(.data)
    nr_mutex                                 0x2000001c   Data           4  rtx_conf_cm.o(.data)
    .data                                    0x20000020   Section        4  retarget_io.o(.data)
    .data                                    0x20000024   Section        2  dma_stm32f10x.o(.data)
    DMA1_Channel                             0x20000024   Data           1  dma_stm32f10x.o(.data)
    DMA2_Channel                             0x20000025   Data           1  dma_stm32f10x.o(.data)
    .data                                    0x20000028   Section       20  system_stm32f10x.o(.data)
    .data                                    0x2000003c   Section        8  rt_cmsis.o(.data)
    .data                                    0x20000044   Section        8  rt_task.o(.data)
    .data                                    0x2000004c   Section        8  rt_system.o(.data)
    os_lock                                  0x2000004c   Data           1  rt_system.o(.data)
    os_psh_flag                              0x2000004d   Data           1  rt_system.o(.data)
    pend_flags                               0x2000004e   Data           1  rt_system.o(.data)
    .data                                    0x20000054   Section        4  rt_time.o(.data)
    .data                                    0x20000058   Section        8  rt_robin.o(.data)
    .data                                    0x20000060   Section        1  hal_cm.o(.data)
    .data                                    0x20000064   Section        4  stdio_streams.o(.data)
    .data                                    0x20000068   Section        4  stdio_streams.o(.data)
    .data                                    0x2000006c   Section        4  stdio_streams.o(.data)
    .data                                    0x20000070   Section        4  streamlock.o(.data)
    .bss                                     0x20000078   Section    15952  rtx_conf_cm.o(.bss)
    std_libspace                             0x20003ba8   Data         672  rtx_conf_cm.o(.bss)
    std_libmutex                             0x20003e48   Data         128  rtx_conf_cm.o(.bss)
    .bss                                     0x20003ec8   Section       40  spi_stm32f10x.o(.bss)
    SPI3_Info                                0x20003ec8   Data          12  spi_stm32f10x.o(.bss)
    SPI3_TransferInfo                        0x20003ed4   Data          28  spi_stm32f10x.o(.bss)
    .bss                                     0x20003ef0   Section       52  rt_task.o(.bss)
    .bss                                     0x20003f24   Section       48  rt_list.o(.bss)
    .bss                                     0x20003f54   Section       96  libspace.o(.bss)
    .bss                                     0x20003fb4   Section       84  stdio_streams.o(.bss)
    .bss                                     0x20004008   Section       84  stdio_streams.o(.bss)
    .bss                                     0x2000405c   Section       84  stdio_streams.o(.bss)
    HEAP                                     0x200040b0   Section      512  startup_stm32f10x_cl.o(HEAP)
    Heap_Mem                                 0x200040b0   Data         512  startup_stm32f10x_cl.o(HEAP)
    STACK                                    0x200042b0   Section     1024  startup_stm32f10x_cl.o(STACK)
    Stack_Mem                                0x200042b0   Data        1024  startup_stm32f10x_cl.o(STACK)
    __initial_sp                             0x200046b0   Data           0  startup_stm32f10x_cl.o(STACK)

    Global Symbols

    Symbol Name                              Value     Ov Type        Size  Object(Section)

    BuildAttributes$$THM_ISAv4$P$D$K$B$S$PE$A:L22UL41UL21$X:L11$S22US41US21$IEEE1$IW$USESV6$~STKCKD$USESV7$~SHL$OTIME$ROPI$EBA8$UX$STANDARDLIB$REQ8$PRES8$EABIv2 0x00000000   Number         0  anon$$obj.o ABSOLUTE
    __ARM_use_no_argv                        0x00000000   Number         0  tutorial.o ABSOLUTE
    __ARM_exceptions_init                     - Undefined Weak Reference
    __alloca_initialize                       - Undefined Weak Reference
    __arm_preinit_                            - Undefined Weak Reference
    __cpp_initialize__aeabi_                  - Undefined Weak Reference
    __cxa_finalize                            - Undefined Weak Reference
    __rt_locale                               - Undefined Weak Reference
    __sigvec_lookup                           - Undefined Weak Reference
    __user_heap_extent                        - Undefined Weak Reference
    _atexit_init                              - Undefined Weak Reference
    _call_atexit_fns                          - Undefined Weak Reference
    _clock_init                               - Undefined Weak Reference
    _fp_trap_init                             - Undefined Weak Reference
    _fp_trap_shutdown                         - Undefined Weak Reference
    _get_lc_collate                           - Undefined Weak Reference
    _get_lc_ctype                             - Undefined Weak Reference
    _get_lc_monetary                          - Undefined Weak Reference
    _get_lc_numeric                           - Undefined Weak Reference
    _get_lc_time                              - Undefined Weak Reference
    _getenv_init                              - Undefined Weak Reference
    _handle_redirection                       - Undefined Weak Reference
    _mutex_free                               - Undefined Weak Reference
    _rand_init                                - Undefined Weak Reference
    _signal_finish                            - Undefined Weak Reference
    _signal_init                              - Undefined Weak Reference
    __Vectors_Size                           0x00000150   Number         0  startup_stm32f10x_cl.o ABSOLUTE
    __RL_RTX_VER                             0x00000482   Number         0  rt_system.o ABSOLUTE
    __Vectors                                0x08000000   Data           4  startup_stm32f10x_cl.o(RESET)
    __Vectors_End                            0x08000150   Data           0  startup_stm32f10x_cl.o(RESET)
    __main                                   0x08000151   Thumb Code     8  __main.o(!!!main)
    __scatterload                            0x08000159   Thumb Code     0  __scatter.o(!!!scatter)
    __scatterload_rt2                        0x08000159   Thumb Code    44  __scatter.o(!!!scatter)
    __scatterload_rt2_thumb_only             0x08000159   Thumb Code     0  __scatter.o(!!!scatter)
    __scatterload_null                       0x08000167   Thumb Code     0  __scatter.o(!!!scatter)
    __scatterload_copy                       0x0800018d   Thumb Code    26  __scatter_copy.o(!!handler_copy)
    __scatterload_zeroinit                   0x080001a9   Thumb Code    28  __scatter_zi.o(!!handler_zi)
    __rt_lib_init                            0x080001c5   Thumb Code     0  libinit.o(.ARM.Collect$$libinit$$00000000)
    __rt_lib_init_fp_1                       0x080001c7   Thumb Code     0  libinit2.o(.ARM.Collect$$libinit$$00000002)
    __rt_lib_init_heap_2                     0x080001c7   Thumb Code     0  libinit2.o(.ARM.Collect$$libinit$$00000005)
    __rt_lib_init_preinit_1                  0x080001c7   Thumb Code     0  libinit2.o(.ARM.Collect$$libinit$$00000004)
    __rt_lib_init_atexit_1                   0x080001cf   Thumb Code     0  libinit2.o(.ARM.Collect$$libinit$$0000001B)
    __rt_lib_init_clock_1                    0x080001cf   Thumb Code     0  libinit2.o(.ARM.Collect$$libinit$$00000021)
    __rt_lib_init_fp_trap_1                  0x080001cf   Thumb Code     0  libinit2.o(.ARM.Collect$$libinit$$0000001F)
    __rt_lib_init_getenv_1                   0x080001cf   Thumb Code     0  libinit2.o(.ARM.Collect$$libinit$$00000023)
    __rt_lib_init_heap_1                     0x080001cf   Thumb Code     0  libinit2.o(.ARM.Collect$$libinit$$0000000A)
    __rt_lib_init_lc_collate_1               0x080001cf   Thumb Code     0  libinit2.o(.ARM.Collect$$libinit$$00000011)
    __rt_lib_init_lc_ctype_1                 0x080001cf   Thumb Code     0  libinit2.o(.ARM.Collect$$libinit$$00000013)
    __rt_lib_init_lc_monetary_1              0x080001cf   Thumb Code     0  libinit2.o(.ARM.Collect$$libinit$$00000015)
    __rt_lib_init_lc_numeric_1               0x080001cf   Thumb Code     0  libinit2.o(.ARM.Collect$$libinit$$00000017)
    __rt_lib_init_lc_time_1                  0x080001cf   Thumb Code     0  libinit2.o(.ARM.Collect$$libinit$$00000019)
    __rt_lib_init_rand_1                     0x080001cf   Thumb Code     0  libinit2.o(.ARM.Collect$$libinit$$0000000E)
    __rt_lib_init_signal_1                   0x080001cf   Thumb Code     0  libinit2.o(.ARM.Collect$$libinit$$0000001D)
    __rt_lib_init_stdio_2                    0x080001cf   Thumb Code     0  libinit2.o(.ARM.Collect$$libinit$$00000024)
    __rt_lib_init_user_alloc_1               0x080001cf   Thumb Code     0  libinit2.o(.ARM.Collect$$libinit$$0000000C)
    __rt_lib_init_alloca_1                   0x080001d3   Thumb Code     0  libinit2.o(.ARM.Collect$$libinit$$0000002E)
    __rt_lib_init_argv_1                     0x080001d3   Thumb Code     0  libinit2.o(.ARM.Collect$$libinit$$0000002C)
    __rt_lib_init_cpp_1                      0x080001d3   Thumb Code     0  libinit2.o(.ARM.Collect$$libinit$$00000032)
    __rt_lib_init_exceptions_1               0x080001d3   Thumb Code     0  libinit2.o(.ARM.Collect$$libinit$$00000030)
    __rt_lib_init_return                     0x080001d3   Thumb Code     0  libinit2.o(.ARM.Collect$$libinit$$00000033)
    __rt_lib_init_stdio_1                    0x080001d3   Thumb Code     0  libinit2.o(.ARM.Collect$$libinit$$00000025)
    __rt_lib_shutdown                        0x080001d5   Thumb Code     0  libshutdown.o(.ARM.Collect$$libshutdown$$00000000)
    __rt_lib_shutdown_cpp_1                  0x080001d7   Thumb Code     0  libshutdown2.o(.ARM.Collect$$libshutdown$$00000002)
    __rt_lib_shutdown_stdio_2                0x080001d7   Thumb Code     0  libshutdown2.o(.ARM.Collect$$libshutdown$$00000003)
    __rt_lib_shutdown_fp_trap_1              0x080001db   Thumb Code     0  libshutdown2.o(.ARM.Collect$$libshutdown$$00000007)
    __rt_lib_shutdown_heap_1                 0x080001db   Thumb Code     0  libshutdown2.o(.ARM.Collect$$libshutdown$$0000000F)
    __rt_lib_shutdown_return                 0x080001db   Thumb Code     0  libshutdown2.o(.ARM.Collect$$libshutdown$$00000010)
    __rt_lib_shutdown_signal_1               0x080001db   Thumb Code     0  libshutdown2.o(.ARM.Collect$$libshutdown$$0000000A)
    __rt_lib_shutdown_stdio_1                0x080001db   Thumb Code     0  libshutdown2.o(.ARM.Collect$$libshutdown$$00000004)
    __rt_lib_shutdown_user_alloc_1           0x080001db   Thumb Code     0  libshutdown2.o(.ARM.Collect$$libshutdown$$0000000C)
    __rt_entry                               0x080001dd   Thumb Code     0  __rtentry.o(.ARM.Collect$$rtentry$$00000000)
    __rt_entry_presh_1                       0x080001dd   Thumb Code     0  __rtentry2.o(.ARM.Collect$$rtentry$$00000002)
    __rt_entry_sh                            0x080001dd   Thumb Code     0  __rtentry4.o(.ARM.Collect$$rtentry$$00000004)
    __rt_entry_li                            0x080001e3   Thumb Code     0  __rtentry2.o(.ARM.Collect$$rtentry$$0000000A)
    __rt_entry_postsh_1                      0x080001e3   Thumb Code     0  __rtentry2.o(.ARM.Collect$$rtentry$$00000009)
    __rt_entry_postli_1                      0x080001e7   Thumb Code     0  __rtentry2.o(.ARM.Collect$$rtentry$$0000000B)
    __rt_entry_main                          0x080001ef   Thumb Code     0  __rtentry2.o(.ARM.Collect$$rtentry$$0000000D)
    __rt_exit                                0x080001f7   Thumb Code     0  rtexit.o(.ARM.Collect$$rtexit$$00000000)
    __rt_exit_ls                             0x080001f9   Thumb Code     0  rtexit2.o(.ARM.Collect$$rtexit$$00000003)
    __rt_exit_prels_1                        0x080001f9   Thumb Code     0  rtexit2.o(.ARM.Collect$$rtexit$$00000002)
    __rt_exit_exit                           0x080001fd   Thumb Code     0  rtexit2.o(.ARM.Collect$$rtexit$$00000004)
    _platform_post_lib_init                  0x08000205   Thumb Code    24  rtx_conf_cm.o(.emb_text)
    rt_set_PSP                               0x08000221   Thumb Code     6  hal_cm3.o(.emb_text)
    rt_get_PSP                               0x08000227   Thumb Code     6  hal_cm3.o(.emb_text)
    os_set_env                               0x0800022d   Thumb Code    24  hal_cm3.o(.emb_text)
    _alloc_box                               0x08000249   Thumb Code    28  hal_cm3.o(.emb_text)
    _free_box                                0x08000269   Thumb Code    28  hal_cm3.o(.emb_text)
    SVC_Handler                              0x08000289   Thumb Code   108  hal_cm3.o(.emb_text)
    PendSV_Handler                           0x08000301   Thumb Code    56  hal_cm3.o(.emb_text)
    SysTick_Handler                          0x0800033d   Thumb Code     8  hal_cm3.o(.emb_text)
    OS_Tick_Handler                          0x08000345   Thumb Code    12  hal_cm3.o(.emb_text)
    InitDisplay                              0x08000351   Thumb Code    38  tutorial.o(.text)
    _maybe_terminate_alloc                   0x08000351   Thumb Code     0  maybetermalloc1.o(.emb_text)
    main                                     0x08000377   Thumb Code    14  tutorial.o(.text)
    GLCD_Initialize                          0x08000835   Thumb Code  1546  glcd_mcbstm32c.o(.text)
    GLCD_Uninitialize                        0x08000e3f   Thumb Code    50  glcd_mcbstm32c.o(.text)
    GLCD_SetForegroundColor                  0x08000e71   Thumb Code    10  glcd_mcbstm32c.o(.text)
    GLCD_SetBackgroundColor                  0x08000e7b   Thumb Code    10  glcd_mcbstm32c.o(.text)
    GLCD_ClearScreen                         0x08000e85   Thumb Code    54  glcd_mcbstm32c.o(.text)
    GLCD_SetFont                             0x08000ebb   Thumb Code    10  glcd_mcbstm32c.o(.text)
    GLCD_DrawPixel                           0x08000ec5   Thumb Code   120  glcd_mcbstm32c.o(.text)
    GLCD_DrawHLine                           0x08000f3d   Thumb Code    56  glcd_mcbstm32c.o(.text)
    GLCD_DrawVLine                           0x08000f75   Thumb Code    56  glcd_mcbstm32c.o(.text)
    GLCD_DrawRectangle                       0x08000fad   Thumb Code    58  glcd_mcbstm32c.o(.text)
    GLCD_DrawChar                            0x08000fe7   Thumb Code   194  glcd_mcbstm32c.o(.text)
    GLCD_DrawString                          0x080010a9   Thumb Code    38  glcd_mcbstm32c.o(.text)
    GLCD_DrawBargraph                        0x080010cf   Thumb Code   102  glcd_mcbstm32c.o(.text)
    GLCD_DrawBitmap                          0x08001135   Thumb Code    84  glcd_mcbstm32c.o(.text)
    GLCD_VScroll                             0x08001189   Thumb Code     8  glcd_mcbstm32c.o(.text)
    GLCD_FrameBufferAccess                   0x08001191   Thumb Code     8  glcd_mcbstm32c.o(.text)
    GLCD_FrameBufferAddress                  0x08001199   Thumb Code     4  glcd_mcbstm32c.o(.text)
    os_idle_demon                            0x080011b5   Thumb Code     4  rtx_conf_cm.o(.text)
    os_error                                 0x080011b9   Thumb Code    34  rtx_conf_cm.o(.text)
    __user_perthread_libspace                0x080011db   Thumb Code    32  rtx_conf_cm.o(.text)
    _mutex_initialize                        0x080011fb   Thumb Code    34  rtx_conf_cm.o(.text)
    _mutex_acquire                           0x0800121d   Thumb Code    22  rtx_conf_cm.o(.text)
    _mutex_release                           0x08001233   Thumb Code    18  rtx_conf_cm.o(.text)
    SPI_IRQHandler                           0x08001b9b   Thumb Code   520  spi_stm32f10x.o(.text)
    SPI3_IRQHandler                          0x08001e2b   Thumb Code    10  spi_stm32f10x.o(.text)
    ITM_SendChar                             0x08001e39   Thumb Code    42  retarget_io.o(.text)
    ITM_ReceiveChar                          0x08001e63   Thumb Code    26  retarget_io.o(.text)
    _sys_open                                0x08001ea5   Thumb Code    80  retarget_io.o(.text)
    _sys_close                               0x08001ef5   Thumb Code    38  retarget_io.o(.text)
    _sys_write                               0x08001f1b   Thumb Code    88  retarget_io.o(.text)
    _sys_read                                0x08001f73   Thumb Code    76  retarget_io.o(.text)
    _sys_istty                               0x08001fbf   Thumb Code    36  retarget_io.o(.text)
    _sys_seek                                0x08001fe3   Thumb Code    44  retarget_io.o(.text)
    _sys_flen                                0x0800200f   Thumb Code    36  retarget_io.o(.text)
    DMA_ChannelInitialize                    0x0800208f   Thumb Code   444  dma_stm32f10x.o(.text)
    DMA_ChannelUninitialize                  0x0800224b   Thumb Code   314  dma_stm32f10x.o(.text)
    DMA1_Channel1_Event                      0x08002385   Thumb Code     2  dma_stm32f10x.o(.text)
    DMA1_Channel2_Event                      0x08002387   Thumb Code     2  dma_stm32f10x.o(.text)
    DMA1_Channel3_Event                      0x08002389   Thumb Code     2  dma_stm32f10x.o(.text)
    DMA1_Channel4_Event                      0x0800238b   Thumb Code     2  dma_stm32f10x.o(.text)
    DMA1_Channel5_Event                      0x0800238d   Thumb Code     2  dma_stm32f10x.o(.text)
    DMA1_Channel6_Event                      0x0800238f   Thumb Code     2  dma_stm32f10x.o(.text)
    DMA1_Channel7_Event                      0x08002391   Thumb Code     2  dma_stm32f10x.o(.text)
    DMA2_Channel1_Event                      0x08002393   Thumb Code     2  dma_stm32f10x.o(.text)
    DMA2_Channel2_Event                      0x08002395   Thumb Code     2  dma_stm32f10x.o(.text)
    DMA2_Channel3_Event                      0x08002397   Thumb Code     2  dma_stm32f10x.o(.text)
    DMA2_Channel4_Event                      0x08002399   Thumb Code     2  dma_stm32f10x.o(.text)
    DMA2_Channel5_Event                      0x0800239b   Thumb Code     2  dma_stm32f10x.o(.text)
    DMA1_Channel1_IRQHandler                 0x0800239d   Thumb Code    22  dma_stm32f10x.o(.text)
    DMA1_Channel2_IRQHandler                 0x080023b3   Thumb Code    24  dma_stm32f10x.o(.text)
    DMA1_Channel3_IRQHandler                 0x080023cb   Thumb Code    24  dma_stm32f10x.o(.text)
    DMA1_Channel4_IRQHandler                 0x080023e3   Thumb Code    24  dma_stm32f10x.o(.text)
    DMA1_Channel5_IRQHandler                 0x080023fb   Thumb Code    24  dma_stm32f10x.o(.text)
    DMA1_Channel6_IRQHandler                 0x08002413   Thumb Code    24  dma_stm32f10x.o(.text)
    DMA1_Channel7_IRQHandler                 0x0800242b   Thumb Code    50  dma_stm32f10x.o(.text)
    DMA2_Channel1_IRQHandler                 0x0800245d   Thumb Code    24  dma_stm32f10x.o(.text)
    DMA2_Channel2_IRQHandler                 0x08002475   Thumb Code    26  dma_stm32f10x.o(.text)
    DMA2_Channel3_IRQHandler                 0x0800248f   Thumb Code    26  dma_stm32f10x.o(.text)
    DMA2_Channel5_IRQHandler                 0x080024a9   Thumb Code    26  dma_stm32f10x.o(.text)
    DMA2_Channel4_5_IRQHandler               0x080024c3   Thumb Code    52  dma_stm32f10x.o(.text)
    GPIO_PortClock                           0x08002531   Thumb Code   284  gpio_stm32f10x.o(.text)
    GPIO_GetPortClockState                   0x0800264d   Thumb Code   118  gpio_stm32f10x.o(.text)
    GPIO_PinConfigure                        0x080026c3   Thumb Code   120  gpio_stm32f10x.o(.text)
    GPIO_AFConfigure                         0x0800273b   Thumb Code   146  gpio_stm32f10x.o(.text)
    Reset_Handler                            0x080027f1   Thumb Code     8  startup_stm32f10x_cl.o(.text)
    NMI_Handler                              0x080027f9   Thumb Code     2  startup_stm32f10x_cl.o(.text)
    HardFault_Handler                        0x080027fb   Thumb Code     2  startup_stm32f10x_cl.o(.text)
    MemManage_Handler                        0x080027fd   Thumb Code     2  startup_stm32f10x_cl.o(.text)
    BusFault_Handler                         0x080027ff   Thumb Code     2  startup_stm32f10x_cl.o(.text)
    UsageFault_Handler                       0x08002801   Thumb Code     2  startup_stm32f10x_cl.o(.text)
    DebugMon_Handler                         0x08002805   Thumb Code     2  startup_stm32f10x_cl.o(.text)
    ADC1_2_IRQHandler                        0x0800280b   Thumb Code     0  startup_stm32f10x_cl.o(.text)
    CAN1_RX0_IRQHandler                      0x0800280b   Thumb Code     0  startup_stm32f10x_cl.o(.text)
    CAN1_RX1_IRQHandler                      0x0800280b   Thumb Code     0  startup_stm32f10x_cl.o(.text)
    CAN1_SCE_IRQHandler                      0x0800280b   Thumb Code     0  startup_stm32f10x_cl.o(.text)
    CAN1_TX_IRQHandler                       0x0800280b   Thumb Code     0  startup_stm32f10x_cl.o(.text)
    CAN2_RX0_IRQHandler                      0x0800280b   Thumb Code     0  startup_stm32f10x_cl.o(.text)
    CAN2_RX1_IRQHandler                      0x0800280b   Thumb Code     0  startup_stm32f10x_cl.o(.text)
    CAN2_SCE_IRQHandler                      0x0800280b   Thumb Code     0  startup_stm32f10x_cl.o(.text)
    CAN2_TX_IRQHandler                       0x0800280b   Thumb Code     0  startup_stm32f10x_cl.o(.text)
    DMA2_Channel4_IRQHandler                 0x0800280b   Thumb Code     0  startup_stm32f10x_cl.o(.text)
    ETH_IRQHandler                           0x0800280b   Thumb Code     0  startup_stm32f10x_cl.o(.text)
    ETH_WKUP_IRQHandler                      0x0800280b   Thumb Code     0  startup_stm32f10x_cl.o(.text)
    EXTI0_IRQHandler                         0x0800280b   Thumb Code     0  startup_stm32f10x_cl.o(.text)
    EXTI15_10_IRQHandler                     0x0800280b   Thumb Code     0  startup_stm32f10x_cl.o(.text)
    EXTI1_IRQHandler                         0x0800280b   Thumb Code     0  startup_stm32f10x_cl.o(.text)
    EXTI2_IRQHandler                         0x0800280b   Thumb Code     0  startup_stm32f10x_cl.o(.text)
    EXTI3_IRQHandler                         0x0800280b   Thumb Code     0  startup_stm32f10x_cl.o(.text)
    EXTI4_IRQHandler                         0x0800280b   Thumb Code     0  startup_stm32f10x_cl.o(.text)
    EXTI9_5_IRQHandler                       0x0800280b   Thumb Code     0  startup_stm32f10x_cl.o(.text)
    FLASH_IRQHandler                         0x0800280b   Thumb Code     0  startup_stm32f10x_cl.o(.text)
    I2C1_ER_IRQHandler                       0x0800280b   Thumb Code     0  startup_stm32f10x_cl.o(.text)
    I2C1_EV_IRQHandler                       0x0800280b   Thumb Code     0  startup_stm32f10x_cl.o(.text)
    I2C2_ER_IRQHandler                       0x0800280b   Thumb Code     0  startup_stm32f10x_cl.o(.text)
    I2C2_EV_IRQHandler                       0x0800280b   Thumb Code     0  startup_stm32f10x_cl.o(.text)
    OTG_FS_IRQHandler                        0x0800280b   Thumb Code     0  startup_stm32f10x_cl.o(.text)
    OTG_FS_WKUP_IRQHandler                   0x0800280b   Thumb Code     0  startup_stm32f10x_cl.o(.text)
    PVD_IRQHandler                           0x0800280b   Thumb Code     0  startup_stm32f10x_cl.o(.text)
    RCC_IRQHandler                           0x0800280b   Thumb Code     0  startup_stm32f10x_cl.o(.text)
    RTCAlarm_IRQHandler                      0x0800280b   Thumb Code     0  startup_stm32f10x_cl.o(.text)
    RTC_IRQHandler                           0x0800280b   Thumb Code     0  startup_stm32f10x_cl.o(.text)
    SPI1_IRQHandler                          0x0800280b   Thumb Code     0  startup_stm32f10x_cl.o(.text)
    SPI2_IRQHandler                          0x0800280b   Thumb Code     0  startup_stm32f10x_cl.o(.text)
    TAMPER_IRQHandler                        0x0800280b   Thumb Code     0  startup_stm32f10x_cl.o(.text)
    TIM1_BRK_IRQHandler                      0x0800280b   Thumb Code     0  startup_stm32f10x_cl.o(.text)
    TIM1_CC_IRQHandler                       0x0800280b   Thumb Code     0  startup_stm32f10x_cl.o(.text)
    TIM1_TRG_COM_IRQHandler                  0x0800280b   Thumb Code     0  startup_stm32f10x_cl.o(.text)
    TIM1_UP_IRQHandler                       0x0800280b   Thumb Code     0  startup_stm32f10x_cl.o(.text)
    TIM2_IRQHandler                          0x0800280b   Thumb Code     0  startup_stm32f10x_cl.o(.text)
    TIM3_IRQHandler                          0x0800280b   Thumb Code     0  startup_stm32f10x_cl.o(.text)
    TIM4_IRQHandler                          0x0800280b   Thumb Code     0  startup_stm32f10x_cl.o(.text)
    TIM5_IRQHandler                          0x0800280b   Thumb Code     0  startup_stm32f10x_cl.o(.text)
    TIM6_IRQHandler                          0x0800280b   Thumb Code     0  startup_stm32f10x_cl.o(.text)
    TIM7_IRQHandler                          0x0800280b   Thumb Code     0  startup_stm32f10x_cl.o(.text)
    UART4_IRQHandler                         0x0800280b   Thumb Code     0  startup_stm32f10x_cl.o(.text)
    UART5_IRQHandler                         0x0800280b   Thumb Code     0  startup_stm32f10x_cl.o(.text)
    USART1_IRQHandler                        0x0800280b   Thumb Code     0  startup_stm32f10x_cl.o(.text)
    USART2_IRQHandler                        0x0800280b   Thumb Code     0  startup_stm32f10x_cl.o(.text)
    USART3_IRQHandler                        0x0800280b   Thumb Code     0  startup_stm32f10x_cl.o(.text)
    WWDG_IRQHandler                          0x0800280b   Thumb Code     0  startup_stm32f10x_cl.o(.text)
    __user_initial_stackheap                 0x0800280d   Thumb Code     0  startup_stm32f10x_cl.o(.text)
    SystemInit                               0x08002941   Thumb Code    92  system_stm32f10x.o(.text)
    SystemCoreClockUpdate                    0x0800299d   Thumb Code   232  system_stm32f10x.o(.text)
    __user_libspace                          0x08002ab5   Thumb Code     8  libspace.o(.text)
    __user_perproc_libspace                  0x08002ab5   Thumb Code     0  libspace.o(.text)
    __2printf                                0x08002abd   Thumb Code    20  noretval__2printf.o(.text)
    exit                                     0x08002ad5   Thumb Code    18  exit.o(.text)
    __aeabi_memclr4                          0x08002ae7   Thumb Code     0  rt_memclr_w.o(.text)
    __aeabi_memclr8                          0x08002ae7   Thumb Code     0  rt_memclr_w.o(.text)
    __rt_memclr_w                            0x08002ae7   Thumb Code    78  rt_memclr_w.o(.text)
    _memset_w                                0x08002aeb   Thumb Code     0  rt_memclr_w.o(.text)
    strcmp                                   0x08002b35   Thumb Code   128  strcmpv7m.o(.text)
    __use_two_region_memory                  0x08002bb5   Thumb Code     2  heapauxi.o(.text)
    __rt_heap_escrow                         0x08002bb7   Thumb Code     2  heapauxi.o(.text)
    __rt_heap_expand                         0x08002bb9   Thumb Code     2  heapauxi.o(.text)
    _printf_char_common                      0x08002bc7   Thumb Code    32  _printf_char_common.o(.text)
    _initio                                  0x08002bed   Thumb Code   240  initio_locked.o(.text)
    _terminateio                             0x08002cdd   Thumb Code   168  initio_locked.o(.text)
    _sys_exit                                0x08002db5   Thumb Code     8  sys_exit.o(.text)
    __user_setup_stackheap                   0x08002dc1   Thumb Code    74  sys_stackheap_outer.o(.text)
    _free_internal                           0x08002e0b   Thumb Code    98  h1_free_mt.o(.text)
    free                                     0x08002e6d   Thumb Code    20  h1_free_mt.o(.text)
    __printf                                 0x08002e81   Thumb Code    40  __printf_nopercent.o(.text)
    __flsbuf                                 0x08002ea9   Thumb Code   470  flsbuf.o(.text)
    __flsbuf_byte                            0x08002ea9   Thumb Code     0  flsbuf.o(.text)
    __flsbuf_wide                            0x08002ea9   Thumb Code     0  flsbuf.o(.text)
    _fclose_internal                         0x0800307f   Thumb Code    76  fclose.o(.text)
    fclose                                   0x0800307f   Thumb Code     0  fclose.o(.text)
    setvbuf                                  0x080030cb   Thumb Code   104  setvbuf_locked.o(.text)
    freopen                                  0x080031e3   Thumb Code    42  fopen_locked.o(.text)
    _fopen$locked                            0x0800320d   Thumb Code   100  fopen_locked.o(.text)
    __rt_SIGRTRED                            0x08003279   Thumb Code    14  defsig_rtred_outer.o(.text)
    __I$use$semihosting                      0x08003287   Thumb Code     0  use_no_semi.o(.text)
    __use_no_semihosting_swi                 0x08003287   Thumb Code     2  use_no_semi.o(.text)
    __rt_heap_descriptor                     0x08003289   Thumb Code    10  rt_heap_descriptor_twolibspace.o(.text)
    __semihosting_library_function           0x08003289   Thumb Code     0  indicate_semi.o(.text)
    __use_no_heap                            0x08003293   Thumb Code     2  hguard.o(.text)
    __heap$guard                             0x08003295   Thumb Code     2  hguard.o(.text)
    _terminate_user_alloc                    0x08003297   Thumb Code     2  init_alloc.o(.text)
    _init_user_alloc                         0x08003299   Thumb Code     2  init_alloc.o(.text)
    __Heap_Full                              0x0800329b   Thumb Code    34  init_alloc.o(.text)
    __Heap_Broken                            0x080032bd   Thumb Code     6  init_alloc.o(.text)
    _init_alloc                              0x080032c3   Thumb Code    94  init_alloc.o(.text)
    _malloc_internal                         0x08003329   Thumb Code   130  h1_alloc_mt.o(.text)
    malloc                                   0x080033ab   Thumb Code    20  h1_alloc_mt.o(.text)
    _printf_char_file                        0x080033c1   Thumb Code    58  _printf_char_file_locked.o(.text)
    _fseek                                   0x08003401   Thumb Code   242  fseek.o(.text)
    fseek                                    0x08003401   Thumb Code     0  fseek.o(.text)
    _seterr                                  0x080034f9   Thumb Code    20  stdio.o(.text)
    _writebuf                                0x0800350d   Thumb Code    84  stdio.o(.text)
    _fflush                                  0x08003561   Thumb Code    70  stdio.o(.text)
    _deferredlazyseek                        0x080035a7   Thumb Code    60  stdio.o(.text)
    __sig_exit                               0x080035e9   Thumb Code    10  defsig_exit.o(.text)
    __rt_SIGRTRED_inner                      0x080035f5   Thumb Code    14  defsig_rtred_inner.o(.text)
    __Heap_Initialize                        0x08003629   Thumb Code    14  h1_init_mt.o(.text)
    __Heap_DescSize                          0x08003637   Thumb Code     4  h1_init_mt.o(.text)
    __Heap_ProvideMemory                     0x0800363b   Thumb Code    62  h1_extend_mt.o(.text)
    _ftell_internal                          0x08003679   Thumb Code    66  ftell.o(.text)
    ftell                                    0x08003679   Thumb Code     0  ftell.o(.text)
    __default_signal_display                 0x080036bb   Thumb Code    50  defsig_general.o(.text)
    __rt_SIGRTMEM                            0x080036ed   Thumb Code    14  defsig_rtmem_outer.o(.text)
    _ttywrch                                 0x080036fb   Thumb Code    14  sys_wrch.o(.text)
    __aeabi_errno_addr                       0x08003709   Thumb Code     4  rt_errno_addr_twolibspace.o(.text)
    __errno$twolibspace                      0x08003709   Thumb Code     0  rt_errno_addr_twolibspace.o(.text)
    __rt_errno_addr$twolibspace              0x08003709   Thumb Code     0  rt_errno_addr_twolibspace.o(.text)
    __rt_SIGRTMEM_inner                      0x0800370d   Thumb Code    22  defsig_rtmem_inner.o(.text)
    SVC_Count                                0x0800375c   Data           4  svc_table.o(SVC_TABLE)
    SVC_Table                                0x08003760   Data           0  svc_table.o(SVC_TABLE)
    _init_box                                0x08003761   Thumb Code    70  rt_membox.o(i._init_box)
    dbg_init                                 0x080037a9   Thumb Code    34  hal_cm.o(i.dbg_init)
    dbg_task_notify                          0x080037d9   Thumb Code    32  hal_cm.o(i.dbg_task_notify)
    dbg_task_switch                          0x080037f9   Thumb Code    16  hal_cm.o(i.dbg_task_switch)
    _fputc$unlocked                          0x08003809   Thumb Code    26  fputc.o(i.fputc)
    isrMessageGet                            0x08003823   Thumb Code    42  rt_cmsis.o(i.isrMessageGet)
    isrMessagePut                            0x0800384d   Thumb Code    44  rt_cmsis.o(i.isrMessagePut)
    isr_mbx_receive                          0x08003879   Thumb Code    86  rt_mailbox.o(i.isr_mbx_receive)
    isr_mbx_send                             0x080038cf   Thumb Code    14  rt_mailbox.o(i.isr_mbx_send)
    osKernelInitialize                       0x080038dd   Thumb Code    30  rt_cmsis.o(i.osKernelInitialize)
    osKernelStart                            0x08003901   Thumb Code    98  rt_cmsis.o(i.osKernelStart)
    osMessageGet                             0x0800396d   Thumb Code    18  rt_cmsis.o(i.osMessageGet)
    osThreadCreate                           0x08003985   Thumb Code    36  rt_cmsis.o(i.osThreadCreate)
    osThreadExit                             0x080039b1   Thumb Code    14  rt_cmsis.o(i.osThreadExit)
    osTimerCall                              0x080039c9   Thumb Code     8  rt_cmsis.o(i.osTimerCall)
    osTimerThread                            0x080039d5   Thumb Code    38  rt_cmsis.o(i.osTimerThread)
    os_tick_init                             0x08003a01   Thumb Code    32  rt_system.o(i.os_tick_init)
    os_tick_irqack                           0x08003a29   Thumb Code     2  rt_system.o(i.os_tick_irqack)
    rt_alloc_box                             0x08003a2b   Thumb Code    26  rt_membox.o(i.rt_alloc_box)
    rt_alloc_mem                             0x08003a45   Thumb Code    62  rt_memory.o(i.rt_alloc_mem)
    rt_block                                 0x08003a85   Thumb Code    48  rt_task.o(i.rt_block)
    rt_chk_robin                             0x08003abd   Thumb Code    60  rt_robin.o(i.rt_chk_robin)
    rt_dec_dly                               0x08003b05   Thumb Code   102  rt_list.o(i.rt_dec_dly)
    rt_dispatch                              0x08003b75   Thumb Code    60  rt_task.o(i.rt_dispatch)
    rt_evt_psh                               0x08003bb9   Thumb Code    76  rt_event.o(i.rt_evt_psh)
    rt_free_box                              0x08003c09   Thumb Code    44  rt_membox.o(i.rt_free_box)
    rt_free_mem                              0x08003c35   Thumb Code    40  rt_memory.o(i.rt_free_mem)
    rt_get_first                             0x08003c5d   Thumb Code    40  rt_list.o(i.rt_get_first)
    rt_init_mem                              0x08003cd5   Thumb Code    26  rt_memory.o(i.rt_init_mem)
    rt_init_robin                            0x08003cf1   Thumb Code    14  rt_robin.o(i.rt_init_robin)
    rt_init_stack                            0x08003d09   Thumb Code   118  hal_cm.o(i.rt_init_stack)
    rt_mbx_check                             0x08003d89   Thumb Code     8  rt_mailbox.o(i.rt_mbx_check)
    rt_mbx_init                              0x08003d91   Thumb Code    26  rt_mailbox.o(i.rt_mbx_init)
    rt_mbx_psh                               0x08003dad   Thumb Code   236  rt_mailbox.o(i.rt_mbx_psh)
    rt_mbx_wait                              0x08003e9d   Thumb Code   174  rt_mailbox.o(i.rt_mbx_wait)
    rt_mut_init                              0x08003f95   Thumb Code    16  rt_mutex.o(i.rt_mut_init)
    rt_mut_release                           0x08003fa5   Thumb Code   208  rt_mutex.o(i.rt_mut_release)
    rt_mut_wait                              0x0800407d   Thumb Code   114  rt_mutex.o(i.rt_mut_wait)
    rt_pop_req                               0x080040f5   Thumb Code   112  rt_system.o(i.rt_pop_req)
    rt_psh_req                               0x08004171   Thumb Code    22  rt_system.o(i.rt_psh_req)
    rt_psq_enq                               0x08004191   Thumb Code    88  rt_list.o(i.rt_psq_enq)
    rt_put_dly                               0x080041ed   Thumb Code    68  rt_list.o(i.rt_put_dly)
    rt_put_prio                              0x08004235   Thumb Code    54  rt_list.o(i.rt_put_prio)
    rt_put_rdy_first                         0x0800426d   Thumb Code    14  rt_list.o(i.rt_put_rdy_first)
    rt_resort_prio                           0x08004281   Thumb Code    46  rt_list.o(i.rt_resort_prio)
    rt_ret_val                               0x080042b5   Thumb Code     6  hal_cm.o(i.rt_ret_val)
    rt_ret_val2                              0x080042bb   Thumb Code     8  hal_cm.o(i.rt_ret_val2)
    rt_rmv_dly                               0x080042c3   Thumb Code    40  rt_list.o(i.rt_rmv_dly)
    rt_rmv_list                              0x080042ed   Thumb Code    44  rt_list.o(i.rt_rmv_list)
    rt_sem_psh                               0x0800431d   Thumb Code    48  rt_semaphore.o(i.rt_sem_psh)
    rt_stk_check                             0x08004351   Thumb Code    28  rt_system.o(i.rt_stk_check)
    rt_switch_req                            0x08004375   Thumb Code    30  rt_task.o(i.rt_switch_req)
    rt_sys_init                              0x0800439d   Thumb Code   138  rt_task.o(i.rt_sys_init)
    rt_sys_start                             0x08004469   Thumb Code   110  rt_task.o(i.rt_sys_start)
    rt_systick                               0x080044e1   Thumb Code    50  rt_system.o(i.rt_systick)
    rt_tsk_create                            0x08004569   Thumb Code   118  rt_task.o(i.rt_tsk_create)
    rt_tsk_delete                            0x080045f1   Thumb Code   352  rt_task.o(i.rt_tsk_delete)
    rt_tsk_prio                              0x0800476d   Thumb Code   108  rt_task.o(i.rt_tsk_prio)
    rt_tsk_self                              0x080047e9   Thumb Code    12  rt_task.o(i.rt_tsk_self)
    svcKernelInitialize                      0x080047f9   Thumb Code    80  rt_cmsis.o(i.svcKernelInitialize)
    svcKernelStart                           0x08004869   Thumb Code    62  rt_cmsis.o(i.svcKernelStart)
    svcMessageCreate                         0x080048b1   Thumb Code    36  rt_cmsis.o(i.svcMessageCreate)
    svcMessageGet                            0x080048d5   Thumb Code    58  rt_cmsis.o(i.svcMessageGet)
    svcThreadCreate                          0x08004911   Thumb Code    96  rt_cmsis.o(i.svcThreadCreate)
    svcThreadGetId                           0x0800497d   Thumb Code    22  rt_cmsis.o(i.svcThreadGetId)
    svcThreadTerminate                       0x08004999   Thumb Code    50  rt_cmsis.o(i.svcThreadTerminate)
    svcTimerCall                             0x080049d1   Thumb Code    24  rt_cmsis.o(i.svcTimerCall)
    sysTimerTick                             0x080049e9   Thumb Code    84  rt_cmsis.o(i.sysTimerTick)
    GLCD_Font_6x8                            0x080062c4   Data          16  glcd_fonts.o(.constdata)
    GLCD_Font_16x24                          0x080062d4   Data          16  glcd_fonts.o(.constdata)
    os_maxtaskrun                            0x080062e4   Data           2  rtx_conf_cm.o(.constdata)
    os_stackinfo                             0x080062e8   Data           4  rtx_conf_cm.o(.constdata)
    os_rrobin                                0x080062ec   Data           4  rtx_conf_cm.o(.constdata)
    os_tickfreq                              0x080062f0   Data           4  rtx_conf_cm.o(.constdata)
    os_tickus_i                              0x080062f4   Data           2  rtx_conf_cm.o(.constdata)
    os_tickus_f                              0x080062f6   Data           2  rtx_conf_cm.o(.constdata)
    os_trv                                   0x080062f8   Data           4  rtx_conf_cm.o(.constdata)
    os_flags                                 0x080062fc   Data           1  rtx_conf_cm.o(.constdata)
    CMSIS_RTOS_API_Version                   0x08006300   Data           4  rtx_conf_cm.o(.constdata)
    CMSIS_RTOS_RTX_Version                   0x08006304   Data           4  rtx_conf_cm.o(.constdata)
    os_clockrate                             0x08006308   Data           4  rtx_conf_cm.o(.constdata)
    os_timernum                              0x0800630c   Data           4  rtx_conf_cm.o(.constdata)
    mp_tcb_size                              0x08006310   Data           2  rtx_conf_cm.o(.constdata)
    mp_stk_size                              0x08006314   Data           4  rtx_conf_cm.o(.constdata)
    os_stack_sz                              0x08006318   Data           4  rtx_conf_cm.o(.constdata)
    os_fifo_size                             0x0800631c   Data           1  rtx_conf_cm.o(.constdata)
    os_thread_def_osTimerThread              0x08006320   Data          16  rtx_conf_cm.o(.constdata)
    os_messageQ_def_osTimerMessageQ          0x08006330   Data           8  rtx_conf_cm.o(.constdata)
    mp_tmr_size                              0x08006338   Data           2  rtx_conf_cm.o(.constdata)
    os_thread_def_main                       0x0800633c   Data          16  rtx_conf_cm.o(.constdata)
    Driver_SPI3                              0x080063a4   Data          44  spi_stm32f10x.o(.constdata)
    __stdin_name                             0x080063d0   Data           7  retarget_io.o(.constdata)
    __stdout_name                            0x080063d7   Data           8  retarget_io.o(.constdata)
    __stderr_name                            0x080063df   Data           8  retarget_io.o(.constdata)
    Region$$Table$$Base                      0x080063e8   Number         0  anon$$obj.o(Region$$Table)
    Region$$Table$$Limit                     0x08006408   Number         0  anon$$obj.o(Region$$Table)
    osThreadId_osTimerThread                 0x2000000c   Data           4  rtx_conf_cm.o(.data)
    osMessageQId_osTimerMessageQ             0x20000010   Data           4  rtx_conf_cm.o(.data)
    os_tmr                                   0x20000014   Data           4  rtx_conf_cm.o(.data)
    m_tmr                                    0x20000018   Data           4  rtx_conf_cm.o(.data)
    ITM_RxBuffer                             0x20000020   Data           4  retarget_io.o(.data)
    SystemCoreClock                          0x20000028   Data           4  system_stm32f10x.o(.data)
    AHBPrescTable                            0x2000002c   Data          16  system_stm32f10x.o(.data)
    os_initialized                           0x2000003c   Data           1  rt_cmsis.o(.data)
    os_running                               0x2000003d   Data           1  rt_cmsis.o(.data)
    os_timer_head                            0x20000040   Data           4  rt_cmsis.o(.data)
    os_tsk                                   0x20000044   Data           8  rt_task.o(.data)
    os_tick_irqn                             0x20000050   Data           4  rt_system.o(.data)
    os_time                                  0x20000054   Data           4  rt_time.o(.data)
    os_robin                                 0x20000058   Data           8  rt_robin.o(.data)
    dbg_msg                                  0x20000060   Data           1  hal_cm.o(.data)
    __aeabi_stdin                            0x20000064   Data           4  stdio_streams.o(.data)
    __aeabi_stdout                           0x20000068   Data           4  stdio_streams.o(.data)
    __aeabi_stderr                           0x2000006c   Data           4  stdio_streams.o(.data)
    _stream_list_lock                        0x20000070   Data           4  streamlock.o(.data)
    mp_tcb                                   0x20000078   Data         376  rtx_conf_cm.o(.bss)
    mp_stk                                   0x200001f0   Data       12304  rtx_conf_cm.o(.bss)
    os_stack_mem                             0x20003200   Data        2280  rtx_conf_cm.o(.bss)
    os_fifo                                  0x20003ae8   Data         132  rtx_conf_cm.o(.bss)
    os_active_TCB                            0x20003b6c   Data          28  rtx_conf_cm.o(.bss)
    os_messageQ_q_osTimerMessageQ            0x20003b88   Data          32  rtx_conf_cm.o(.bss)
    os_idle_TCB                              0x20003ef0   Data          52  rt_task.o(.bss)
    os_rdy                                   0x20003f24   Data          24  rt_list.o(.bss)
    os_dly                                   0x20003f3c   Data          24  rt_list.o(.bss)
    __libspace_start                         0x20003f54   Data          96  libspace.o(.bss)
    __stdin                                  0x20003fb4   Data          84  stdio_streams.o(.bss)
    __temporary_stack_top$libspace           0x20003fb4   Data           0  libspace.o(.bss)
    __stdout                                 0x20004008   Data          84  stdio_streams.o(.bss)
    __stderr                                 0x2000405c   Data          84  stdio_streams.o(.bss)



==============================================================================

Memory Map of the image

  Image Entry point : 0x08000151

  Load Region LR_IROM1 (Base: 0x08000000, Size: 0x0000647c, Max: 0x00040000, ABSOLUTE)

    Execution Region ER_IROM1 (Exec base: 0x08000000, Load base: 0x08000000, Size: 0x00006408, Max: 0x00040000, ABSOLUTE)

    Exec Addr    Load Addr    Size         Type   Attr      Idx    E Section Name        Object

    0x08000000   0x08000000   0x00000150   Data   RO          387    RESET               startup_stm32f10x_cl.o
    0x08000150   0x08000150   0x00000008   Code   RO         1649  * !!!main             c_w.l(__main.o)
    0x08000158   0x08000158   0x00000034   Code   RO         1994    !!!scatter          c_w.l(__scatter.o)
    0x0800018c   0x0800018c   0x0000001a   Code   RO         1996    !!handler_copy      c_w.l(__scatter_copy.o)
    0x080001a6   0x080001a6   0x00000002   PAD
    0x080001a8   0x080001a8   0x0000001c   Code   RO         1998    !!handler_zi        c_w.l(__scatter_zi.o)
    0x080001c4   0x080001c4   0x00000002   Code   RO         1795    .ARM.Collect$$libinit$$00000000  c_w.l(libinit.o)
    0x080001c6   0x080001c6   0x00000000   Code   RO         1797    .ARM.Collect$$libinit$$00000002  c_w.l(libinit2.o)
    0x080001c6   0x080001c6   0x00000000   Code   RO         1799    .ARM.Collect$$libinit$$00000004  c_w.l(libinit2.o)
    0x080001c6   0x080001c6   0x00000008   Code   RO         1800    .ARM.Collect$$libinit$$00000005  c_w.l(libinit2.o)
    0x080001ce   0x080001ce   0x00000000   Code   RO         1802    .ARM.Collect$$libinit$$0000000A  c_w.l(libinit2.o)
    0x080001ce   0x080001ce   0x00000000   Code   RO         1804    .ARM.Collect$$libinit$$0000000C  c_w.l(libinit2.o)
    0x080001ce   0x080001ce   0x00000000   Code   RO         1806    .ARM.Collect$$libinit$$0000000E  c_w.l(libinit2.o)
    0x080001ce   0x080001ce   0x00000000   Code   RO         1809    .ARM.Collect$$libinit$$00000011  c_w.l(libinit2.o)
    0x080001ce   0x080001ce   0x00000000   Code   RO         1811    .ARM.Collect$$libinit$$00000013  c_w.l(libinit2.o)
    0x080001ce   0x080001ce   0x00000000   Code   RO         1813    .ARM.Collect$$libinit$$00000015  c_w.l(libinit2.o)
    0x080001ce   0x080001ce   0x00000000   Code   RO         1815    .ARM.Collect$$libinit$$00000017  c_w.l(libinit2.o)
    0x080001ce   0x080001ce   0x00000000   Code   RO         1817    .ARM.Collect$$libinit$$00000019  c_w.l(libinit2.o)
    0x080001ce   0x080001ce   0x00000000   Code   RO         1819    .ARM.Collect$$libinit$$0000001B  c_w.l(libinit2.o)
    0x080001ce   0x080001ce   0x00000000   Code   RO         1821    .ARM.Collect$$libinit$$0000001D  c_w.l(libinit2.o)
    0x080001ce   0x080001ce   0x00000000   Code   RO         1823    .ARM.Collect$$libinit$$0000001F  c_w.l(libinit2.o)
    0x080001ce   0x080001ce   0x00000000   Code   RO         1825    .ARM.Collect$$libinit$$00000021  c_w.l(libinit2.o)
    0x080001ce   0x080001ce   0x00000000   Code   RO         1827    .ARM.Collect$$libinit$$00000023  c_w.l(libinit2.o)
    0x080001ce   0x080001ce   0x00000004   Code   RO         1828    .ARM.Collect$$libinit$$00000024  c_w.l(libinit2.o)
    0x080001d2   0x080001d2   0x00000000   Code   RO         1829    .ARM.Collect$$libinit$$00000025  c_w.l(libinit2.o)
    0x080001d2   0x080001d2   0x00000000   Code   RO         1833    .ARM.Collect$$libinit$$0000002C  c_w.l(libinit2.o)
    0x080001d2   0x080001d2   0x00000000   Code   RO         1835    .ARM.Collect$$libinit$$0000002E  c_w.l(libinit2.o)
    0x080001d2   0x080001d2   0x00000000   Code   RO         1837    .ARM.Collect$$libinit$$00000030  c_w.l(libinit2.o)
    0x080001d2   0x080001d2   0x00000000   Code   RO         1839    .ARM.Collect$$libinit$$00000032  c_w.l(libinit2.o)
    0x080001d2   0x080001d2   0x00000002   Code   RO         1840    .ARM.Collect$$libinit$$00000033  c_w.l(libinit2.o)
    0x080001d4   0x080001d4   0x00000002   Code   RO         1841    .ARM.Collect$$libshutdown$$00000000  c_w.l(libshutdown.o)
    0x080001d6   0x080001d6   0x00000000   Code   RO         1843    .ARM.Collect$$libshutdown$$00000002  c_w.l(libshutdown2.o)
    0x080001d6   0x080001d6   0x00000004   Code   RO         1844    .ARM.Collect$$libshutdown$$00000003  c_w.l(libshutdown2.o)
    0x080001da   0x080001da   0x00000000   Code   RO         1845    .ARM.Collect$$libshutdown$$00000004  c_w.l(libshutdown2.o)
    0x080001da   0x080001da   0x00000000   Code   RO         1848    .ARM.Collect$$libshutdown$$00000007  c_w.l(libshutdown2.o)
    0x080001da   0x080001da   0x00000000   Code   RO         1851    .ARM.Collect$$libshutdown$$0000000A  c_w.l(libshutdown2.o)
    0x080001da   0x080001da   0x00000000   Code   RO         1853    .ARM.Collect$$libshutdown$$0000000C  c_w.l(libshutdown2.o)
    0x080001da   0x080001da   0x00000000   Code   RO         1856    .ARM.Collect$$libshutdown$$0000000F  c_w.l(libshutdown2.o)
    0x080001da   0x080001da   0x00000002   Code   RO         1857    .ARM.Collect$$libshutdown$$00000010  c_w.l(libshutdown2.o)
    0x080001dc   0x080001dc   0x00000000   Code   RO         1651    .ARM.Collect$$rtentry$$00000000  c_w.l(__rtentry.o)
    0x080001dc   0x080001dc   0x00000000   Code   RO         1667    .ARM.Collect$$rtentry$$00000002  c_w.l(__rtentry2.o)
    0x080001dc   0x080001dc   0x00000006   Code   RO         1679    .ARM.Collect$$rtentry$$00000004  c_w.l(__rtentry4.o)
    0x080001e2   0x080001e2   0x00000000   Code   RO         1669    .ARM.Collect$$rtentry$$00000009  c_w.l(__rtentry2.o)
    0x080001e2   0x080001e2   0x00000004   Code   RO         1670    .ARM.Collect$$rtentry$$0000000A  c_w.l(__rtentry2.o)
    0x080001e6   0x080001e6   0x00000008   Code   RO         1671    .ARM.Collect$$rtentry$$0000000B  c_w.l(__rtentry2.o)
    0x080001ee   0x080001ee   0x00000008   Code   RO         1673    .ARM.Collect$$rtentry$$0000000D  c_w.l(__rtentry2.o)
    0x080001f6   0x080001f6   0x00000002   Code   RO         1652    .ARM.Collect$$rtexit$$00000000  c_w.l(rtexit.o)
    0x080001f8   0x080001f8   0x00000000   Code   RO         1682    .ARM.Collect$$rtexit$$00000002  c_w.l(rtexit2.o)
    0x080001f8   0x080001f8   0x00000004   Code   RO         1683    .ARM.Collect$$rtexit$$00000003  c_w.l(rtexit2.o)
    0x080001fc   0x080001fc   0x00000006   Code   RO         1684    .ARM.Collect$$rtexit$$00000004  c_w.l(rtexit2.o)
    0x08000202   0x08000202   0x00000002   PAD
    0x08000204   0x08000204   0x0000001c   Code   RO          138    .emb_text           rtx_conf_cm.o
    0x08000220   0x08000220   0x00000130   Code   RO         1617    .emb_text           RTX_CM3.lib(hal_cm3.o)
    0x08000350   0x08000350   0x00000000   Code   RO         1918    .emb_text           c_w.l(maybetermalloc1.o)
    0x08000350   0x08000350   0x00000054   Code   RO            1    .text               tutorial.o
    0x080003a4   0x080003a4   0x00000e10   Code   RO           66    .text               glcd_mcbstm32c.o
    0x080011b4   0x080011b4   0x000000ac   Code   RO          139    .text               rtx_conf_cm.o
    0x08001260   0x08001260   0x00000bd8   Code   RO          169    .text               spi_stm32f10x.o
    0x08001e38   0x08001e38   0x00000220   Code   RO          216    .text               retarget_io.o
    0x08002058   0x08002058   0x000004d8   Code   RO          322    .text               dma_stm32f10x.o
    0x08002530   0x08002530   0x000002c0   Code   RO          361    .text               gpio_stm32f10x.o
    0x080027f0   0x080027f0   0x00000040   Code   RO          388    .text               startup_stm32f10x_cl.o
    0x08002830   0x08002830   0x00000284   Code   RO          395    .text               system_stm32f10x.o
    0x08002ab4   0x08002ab4   0x00000008   Code   RO         1632    .text               c_w.l(libspace.o)
    0x08002abc   0x08002abc   0x00000018   Code   RO         1639    .text               c_w.l(noretval__2printf.o)
    0x08002ad4   0x08002ad4   0x00000012   Code   RO         1641    .text               c_w.l(exit.o)
    0x08002ae6   0x08002ae6   0x0000004e   Code   RO         1643    .text               c_w.l(rt_memclr_w.o)
    0x08002b34   0x08002b34   0x00000080   Code   RO         1645    .text               c_w.l(strcmpv7m.o)
    0x08002bb4   0x08002bb4   0x00000006   Code   RO         1647    .text               c_w.l(heapauxi.o)
    0x08002bba   0x08002bba   0x00000002   PAD
    0x08002bbc   0x08002bbc   0x00000030   Code   RO         1690    .text               c_w.l(_printf_char_common.o)
    0x08002bec   0x08002bec   0x000001c8   Code   RO         1704    .text               c_w.l(initio_locked.o)
    0x08002db4   0x08002db4   0x0000000c   Code   RO         1706    .text               c_w.l(sys_exit.o)
    0x08002dc0   0x08002dc0   0x0000004a   Code   RO         1708    .text               c_w.l(sys_stackheap_outer.o)
    0x08002e0a   0x08002e0a   0x00000076   Code   RO         1714    .text               c_w.l(h1_free_mt.o)
    0x08002e80   0x08002e80   0x00000028   Code   RO         1766    .text               c_w.l(__printf_nopercent.o)
    0x08002ea8   0x08002ea8   0x000001d6   Code   RO         1768    .text               c_w.l(flsbuf.o)
    0x0800307e   0x0800307e   0x0000004c   Code   RO         1775    .text               c_w.l(fclose.o)
    0x080030ca   0x080030ca   0x00000068   Code   RO         1777    .text               c_w.l(setvbuf_locked.o)
    0x08003132   0x08003132   0x00000002   PAD
    0x08003134   0x08003134   0x00000144   Code   RO         1779    .text               c_w.l(fopen_locked.o)
    0x08003278   0x08003278   0x0000000e   Code   RO         1785    .text               c_w.l(defsig_rtred_outer.o)
    0x08003286   0x08003286   0x00000002   Code   RO         1860    .text               c_w.l(use_no_semi.o)
    0x08003288   0x08003288   0x00000000   Code   RO         1862    .text               c_w.l(indicate_semi.o)
    0x08003288   0x08003288   0x0000000a   Code   RO         1870    .text               c_w.l(rt_heap_descriptor_twolibspace.o)
    0x08003292   0x08003292   0x00000004   Code   RO         1872    .text               c_w.l(hguard.o)
    0x08003296   0x08003296   0x0000008a   Code   RO         1874    .text               c_w.l(init_alloc.o)
    0x08003320   0x08003320   0x0000009e   Code   RO         1882    .text               c_w.l(h1_alloc_mt.o)
    0x080033be   0x080033be   0x00000002   PAD
    0x080033c0   0x080033c0   0x00000040   Code   RO         1894    .text               c_w.l(_printf_char_file_locked.o)
    0x08003400   0x08003400   0x000000f8   Code   RO         1896    .text               c_w.l(fseek.o)
    0x080034f8   0x080034f8   0x000000f0   Code   RO         1898    .text               c_w.l(stdio.o)
    0x080035e8   0x080035e8   0x0000000a   Code   RO         1904    .text               c_w.l(defsig_exit.o)
    0x080035f2   0x080035f2   0x00000002   PAD
    0x080035f4   0x080035f4   0x00000034   Code   RO         1908    .text               c_w.l(defsig_rtred_inner.o)
    0x08003628   0x08003628   0x00000012   Code   RO         1924    .text               c_w.l(h1_init_mt.o)
    0x0800363a   0x0800363a   0x0000003e   Code   RO         1926    .text               c_w.l(h1_extend_mt.o)
    0x08003678   0x08003678   0x00000042   Code   RO         1932    .text               c_w.l(ftell.o)
    0x080036ba   0x080036ba   0x00000032   Code   RO         1940    .text               c_w.l(defsig_general.o)
    0x080036ec   0x080036ec   0x0000000e   Code   RO         1942    .text               c_w.l(defsig_rtmem_outer.o)
    0x080036fa   0x080036fa   0x0000000e   Code   RO         1957    .text               c_w.l(sys_wrch.o)
    0x08003708   0x08003708   0x00000004   Code   RO         1966    .text               c_w.l(rt_errno_addr_twolibspace.o)
    0x0800370c   0x0800370c   0x00000050   Code   RO         1972    .text               c_w.l(defsig_rtmem_inner.o)
    0x0800375c   0x0800375c   0x00000004   Code   RO         1627    SVC_TABLE           RTX_CM3.lib(svc_table.o)
    0x08003760   0x08003760   0x00000046   Code   RO         1516    i._init_box         RTX_CM3.lib(rt_membox.o)
    0x080037a6   0x080037a6   0x00000002   PAD
    0x080037a8   0x080037a8   0x00000030   Code   RO         1569    i.dbg_init          RTX_CM3.lib(hal_cm.o)
    0x080037d8   0x080037d8   0x00000020   Code   RO         1570    i.dbg_task_notify   RTX_CM3.lib(hal_cm.o)
    0x080037f8   0x080037f8   0x00000010   Code   RO         1571    i.dbg_task_switch   RTX_CM3.lib(hal_cm.o)
    0x08003808   0x08003808   0x0000001a   Code   RO         1695    i.fputc             c_w.l(fputc.o)
    0x08003822   0x08003822   0x0000002a   Code   RO          425    i.isrMessageGet     RTX_CM3.lib(rt_cmsis.o)
    0x0800384c   0x0800384c   0x0000002c   Code   RO          426    i.isrMessagePut     RTX_CM3.lib(rt_cmsis.o)
    0x08003878   0x08003878   0x00000056   Code   RO         1371    i.isr_mbx_receive   RTX_CM3.lib(rt_mailbox.o)
    0x080038ce   0x080038ce   0x0000000e   Code   RO         1372    i.isr_mbx_send      RTX_CM3.lib(rt_mailbox.o)
    0x080038dc   0x080038dc   0x00000024   Code   RO          430    i.osKernelInitialize  RTX_CM3.lib(rt_cmsis.o)
    0x08003900   0x08003900   0x0000006c   Code   RO          432    i.osKernelStart     RTX_CM3.lib(rt_cmsis.o)
    0x0800396c   0x0800396c   0x00000018   Code   RO          441    i.osMessageGet      RTX_CM3.lib(rt_cmsis.o)
    0x08003984   0x08003984   0x0000002c   Code   RO          458    i.osThreadCreate    RTX_CM3.lib(rt_cmsis.o)
    0x080039b0   0x080039b0   0x00000018   Code   RO          459    i.osThreadExit      RTX_CM3.lib(rt_cmsis.o)
    0x080039c8   0x080039c8   0x0000000c   Code   RO          465    i.osTimerCall       RTX_CM3.lib(rt_cmsis.o)
    0x080039d4   0x080039d4   0x0000002c   Code   RO          470    i.osTimerThread     RTX_CM3.lib(rt_cmsis.o)
    0x08003a00   0x08003a00   0x00000028   Code   RO         1163    i.os_tick_init      RTX_CM3.lib(rt_system.o)
    0x08003a28   0x08003a28   0x00000002   Code   RO         1164    i.os_tick_irqack    RTX_CM3.lib(rt_system.o)
    0x08003a2a   0x08003a2a   0x0000001a   Code   RO         1517    i.rt_alloc_box      RTX_CM3.lib(rt_membox.o)
    0x08003a44   0x08003a44   0x0000003e   Code   RO         1545    i.rt_alloc_mem      RTX_CM3.lib(rt_memory.o)
    0x08003a82   0x08003a82   0x00000002   PAD
    0x08003a84   0x08003a84   0x00000038   Code   RO         1044    i.rt_block          RTX_CM3.lib(rt_task.o)
    0x08003abc   0x08003abc   0x00000048   Code   RO         1494    i.rt_chk_robin      RTX_CM3.lib(rt_robin.o)
    0x08003b04   0x08003b04   0x00000070   Code   RO         1295    i.rt_dec_dly        RTX_CM3.lib(rt_list.o)
    0x08003b74   0x08003b74   0x00000044   Code   RO         1045    i.rt_dispatch       RTX_CM3.lib(rt_task.o)
    0x08003bb8   0x08003bb8   0x00000050   Code   RO         1256    i.rt_evt_psh        RTX_CM3.lib(rt_event.o)
    0x08003c08   0x08003c08   0x0000002c   Code   RO         1518    i.rt_free_box       RTX_CM3.lib(rt_membox.o)
    0x08003c34   0x08003c34   0x00000028   Code   RO         1546    i.rt_free_mem       RTX_CM3.lib(rt_memory.o)
    0x08003c5c   0x08003c5c   0x00000028   Code   RO         1296    i.rt_get_first      RTX_CM3.lib(rt_list.o)
    0x08003c84   0x08003c84   0x00000008   Code   RO          475    i.rt_id2obj         RTX_CM3.lib(rt_cmsis.o)
    0x08003c8c   0x08003c8c   0x00000048   Code   RO         1046    i.rt_init_context   RTX_CM3.lib(rt_task.o)
    0x08003cd4   0x08003cd4   0x0000001a   Code   RO         1547    i.rt_init_mem       RTX_CM3.lib(rt_memory.o)
    0x08003cee   0x08003cee   0x00000002   PAD
    0x08003cf0   0x08003cf0   0x00000018   Code   RO         1495    i.rt_init_robin     RTX_CM3.lib(rt_robin.o)
    0x08003d08   0x08003d08   0x00000080   Code   RO         1572    i.rt_init_stack     RTX_CM3.lib(hal_cm.o)
    0x08003d88   0x08003d88   0x00000008   Code   RO         1373    i.rt_mbx_check      RTX_CM3.lib(rt_mailbox.o)
    0x08003d90   0x08003d90   0x0000001a   Code   RO         1374    i.rt_mbx_init       RTX_CM3.lib(rt_mailbox.o)
    0x08003daa   0x08003daa   0x00000002   PAD
    0x08003dac   0x08003dac   0x000000f0   Code   RO         1375    i.rt_mbx_psh        RTX_CM3.lib(rt_mailbox.o)
    0x08003e9c   0x08003e9c   0x000000b4   Code   RO         1377    i.rt_mbx_wait       RTX_CM3.lib(rt_mailbox.o)
    0x08003f50   0x08003f50   0x00000044   Code   RO          476    i.rt_ms2tick        RTX_CM3.lib(rt_cmsis.o)
    0x08003f94   0x08003f94   0x00000010   Code   RO         1129    i.rt_mut_init       RTX_CM3.lib(rt_mutex.o)
    0x08003fa4   0x08003fa4   0x000000d8   Code   RO         1130    i.rt_mut_release    RTX_CM3.lib(rt_mutex.o)
    0x0800407c   0x0800407c   0x00000078   Code   RO         1131    i.rt_mut_wait       RTX_CM3.lib(rt_mutex.o)
    0x080040f4   0x080040f4   0x0000007c   Code   RO         1167    i.rt_pop_req        RTX_CM3.lib(rt_system.o)
    0x08004170   0x08004170   0x00000020   Code   RO         1168    i.rt_psh_req        RTX_CM3.lib(rt_system.o)
    0x08004190   0x08004190   0x0000005c   Code   RO         1298    i.rt_psq_enq        RTX_CM3.lib(rt_list.o)
    0x080041ec   0x080041ec   0x00000048   Code   RO         1299    i.rt_put_dly        RTX_CM3.lib(rt_list.o)
    0x08004234   0x08004234   0x00000036   Code   RO         1300    i.rt_put_prio       RTX_CM3.lib(rt_list.o)
    0x0800426a   0x0800426a   0x00000002   PAD
    0x0800426c   0x0800426c   0x00000014   Code   RO         1301    i.rt_put_rdy_first  RTX_CM3.lib(rt_list.o)
    0x08004280   0x08004280   0x00000034   Code   RO         1302    i.rt_resort_prio    RTX_CM3.lib(rt_list.o)
    0x080042b4   0x080042b4   0x00000006   Code   RO         1573    i.rt_ret_val        RTX_CM3.lib(hal_cm.o)
    0x080042ba   0x080042ba   0x00000008   Code   RO         1574    i.rt_ret_val2       RTX_CM3.lib(hal_cm.o)
    0x080042c2   0x080042c2   0x00000028   Code   RO         1303    i.rt_rmv_dly        RTX_CM3.lib(rt_list.o)
    0x080042ea   0x080042ea   0x00000002   PAD
    0x080042ec   0x080042ec   0x00000030   Code   RO         1304    i.rt_rmv_list       RTX_CM3.lib(rt_list.o)
    0x0800431c   0x0800431c   0x00000034   Code   RO         1422    i.rt_sem_psh        RTX_CM3.lib(rt_semaphore.o)
    0x08004350   0x08004350   0x00000024   Code   RO         1170    i.rt_stk_check      RTX_CM3.lib(rt_system.o)
    0x08004374   0x08004374   0x00000028   Code   RO         1047    i.rt_switch_req     RTX_CM3.lib(rt_task.o)
    0x0800439c   0x0800439c   0x000000cc   Code   RO         1048    i.rt_sys_init       RTX_CM3.lib(rt_task.o)
    0x08004468   0x08004468   0x00000078   Code   RO         1049    i.rt_sys_start      RTX_CM3.lib(rt_task.o)
    0x080044e0   0x080044e0   0x00000040   Code   RO         1172    i.rt_systick        RTX_CM3.lib(rt_system.o)
    0x08004520   0x08004520   0x00000012   Code   RO          477    i.rt_tid2ptcb       RTX_CM3.lib(rt_cmsis.o)
    0x08004532   0x08004532   0x00000002   PAD
    0x08004534   0x08004534   0x00000034   Code   RO          478    i.rt_timer_insert   RTX_CM3.lib(rt_cmsis.o)
    0x08004568   0x08004568   0x00000088   Code   RO         1050    i.rt_tsk_create     RTX_CM3.lib(rt_task.o)
    0x080045f0   0x080045f0   0x0000017c   Code   RO         1051    i.rt_tsk_delete     RTX_CM3.lib(rt_task.o)
    0x0800476c   0x0800476c   0x0000007c   Code   RO         1053    i.rt_tsk_prio       RTX_CM3.lib(rt_task.o)
    0x080047e8   0x080047e8   0x00000010   Code   RO         1054    i.rt_tsk_self       RTX_CM3.lib(rt_task.o)
    0x080047f8   0x080047f8   0x00000070   Code   RO          481    i.svcKernelInitialize  RTX_CM3.lib(rt_cmsis.o)
    0x08004868   0x08004868   0x00000048   Code   RO          483    i.svcKernelStart    RTX_CM3.lib(rt_cmsis.o)
    0x080048b0   0x080048b0   0x00000024   Code   RO          486    i.svcMessageCreate  RTX_CM3.lib(rt_cmsis.o)
    0x080048d4   0x080048d4   0x0000003a   Code   RO          487    i.svcMessageGet     RTX_CM3.lib(rt_cmsis.o)
    0x0800490e   0x0800490e   0x00000002   PAD
    0x08004910   0x08004910   0x0000006c   Code   RO          501    i.svcThreadCreate   RTX_CM3.lib(rt_cmsis.o)
    0x0800497c   0x0800497c   0x0000001c   Code   RO          502    i.svcThreadGetId    RTX_CM3.lib(rt_cmsis.o)
    0x08004998   0x08004998   0x00000038   Code   RO          505    i.svcThreadTerminate  RTX_CM3.lib(rt_cmsis.o)
    0x080049d0   0x080049d0   0x00000018   Code   RO          507    i.svcTimerCall      RTX_CM3.lib(rt_cmsis.o)
    0x080049e8   0x080049e8   0x0000005c   Code   RO          516    i.sysTimerTick      RTX_CM3.lib(rt_cmsis.o)
    0x08004a44   0x08004a44   0x000018a0   Data   RO           54    .constdata          glcd_fonts.o
    0x080062e4   0x080062e4   0x00000068   Data   RO          141    .constdata          rtx_conf_cm.o
    0x0800634c   0x0800634c   0x00000084   Data   RO          171    .constdata          spi_stm32f10x.o
    0x080063d0   0x080063d0   0x00000017   Data   RO          217    .constdata          retarget_io.o
    0x080063e7   0x080063e7   0x00000001   PAD
    0x080063e8   0x080063e8   0x00000020   Data   RO         1992    Region$$Table       anon$$obj.o


    Execution Region RW_IRAM1 (Exec base: 0x20000000, Load base: 0x08006408, Size: 0x000046b0, Max: 0x00010000, ABSOLUTE)

    Exec Addr    Load Addr    Size         Type   Attr      Idx    E Section Name        Object

    0x20000000   0x08006408   0x00000009   Data   RW           67    .data               glcd_mcbstm32c.o
    0x20000009   0x08006411   0x00000003   PAD
    0x2000000c   0x08006414   0x00000014   Data   RW          142    .data               rtx_conf_cm.o
    0x20000020   0x08006428   0x00000004   Data   RW          218    .data               retarget_io.o
    0x20000024   0x0800642c   0x00000002   Data   RW          323    .data               dma_stm32f10x.o
    0x20000026   0x0800642e   0x00000002   PAD
    0x20000028   0x08006430   0x00000014   Data   RW          396    .data               system_stm32f10x.o
    0x2000003c   0x08006444   0x00000008   Data   RW          519    .data               RTX_CM3.lib(rt_cmsis.o)
    0x20000044   0x0800644c   0x00000008   Data   RW         1056    .data               RTX_CM3.lib(rt_task.o)
    0x2000004c   0x08006454   0x00000008   Data   RW         1175    .data               RTX_CM3.lib(rt_system.o)
    0x20000054   0x0800645c   0x00000004   Data   RW         1465    .data               RTX_CM3.lib(rt_time.o)
    0x20000058   0x08006460   0x00000008   Data   RW         1496    .data               RTX_CM3.lib(rt_robin.o)
    0x20000060   0x08006468   0x00000001   Data   RW         1575    .data               RTX_CM3.lib(hal_cm.o)
    0x20000061   0x08006469   0x00000003   PAD
    0x20000064   0x0800646c   0x00000004   Data   RW         1663    .data               c_w.l(stdio_streams.o)
    0x20000068   0x08006470   0x00000004   Data   RW         1664    .data               c_w.l(stdio_streams.o)
    0x2000006c   0x08006474   0x00000004   Data   RW         1665    .data               c_w.l(stdio_streams.o)
    0x20000070   0x08006478   0x00000004   Data   RW         1772    .data               c_w.l(streamlock.o)
    0x20000074   0x0800647c   0x00000004   PAD
    0x20000078        -       0x00003e50   Zero   RW          140    .bss                rtx_conf_cm.o
    0x20003ec8        -       0x00000028   Zero   RW          170    .bss                spi_stm32f10x.o
    0x20003ef0        -       0x00000034   Zero   RW         1055    .bss                RTX_CM3.lib(rt_task.o)
    0x20003f24        -       0x00000030   Zero   RW         1305    .bss                RTX_CM3.lib(rt_list.o)
    0x20003f54        -       0x00000060   Zero   RW         1633    .bss                c_w.l(libspace.o)
    0x20003fb4        -       0x00000054   Zero   RW         1660    .bss                c_w.l(stdio_streams.o)
    0x20004008        -       0x00000054   Zero   RW         1661    .bss                c_w.l(stdio_streams.o)
    0x2000405c        -       0x00000054   Zero   RW         1662    .bss                c_w.l(stdio_streams.o)
    0x200040b0        -       0x00000200   Zero   RW          386    HEAP                startup_stm32f10x_cl.o
    0x200042b0        -       0x00000400   Zero   RW          385    STACK               startup_stm32f10x_cl.o


==============================================================================

Image component sizes


      Code (inc. data)   RO Data    RW Data    ZI Data      Debug   Object Name

      1240         64          0          2          0     250413   dma_stm32f10x.o
         0          0       6304          0          0        748   glcd_fonts.o
      3600         70          0          9          0     238796   glcd_mcbstm32c.o
       704         36          0          0          0       5435   gpio_stm32f10x.o
       544         38         23          4          0       4908   retarget_io.o
       200         34        104         20      15952       8809   rtx_conf_cm.o
      3032         36        132          0         40      41158   spi_stm32f10x.o
        64         26        336          0       1536        836   startup_stm32f10x_cl.o
       644         48          0         20          0       2103   system_stm32f10x.o
        84         32          0          0          0       5551   tutorial.o

    ----------------------------------------------------------------------
     10112        384       6932         60      17528     558757   Object Totals
         0          0         32          0          0          0   (incl. Generated)
         0          0          1          5          0          0   (incl. Padding)

    ----------------------------------------------------------------------

      Code (inc. data)   RO Data    RW Data    ZI Data      Debug   Library Member Name

       238         24          0          1          0       3312   hal_cm.o
       304         36          0          0          0        768   hal_cm3.o
      1110        138          0          8          0      31753   rt_cmsis.o
        80          4          0          0          0        661   rt_event.o
       530         34          0          0         48       8253   rt_list.o
       554         10          0          0          0       3949   rt_mailbox.o
       140          0          0          0          0       1925   rt_membox.o
       128          0          0          0          0       2307   rt_memory.o
       352         14          0          0          0       2105   rt_mutex.o
        96         22          0          8          0       1158   rt_robin.o
        52          4          0          0          0        573   rt_semaphore.o
       298         52          0          8          0       6223   rt_system.o
      1216        174          0          8         52       9649   rt_task.o
         0          0          0          4          0        214   rt_time.o
         4          4          0          0          0        208   svc_table.o
         8          0          0          0          0         68   __main.o
        40          0          0          0          0         84   __printf_nopercent.o
         0          0          0          0          0          0   __rtentry.o
        20          0          0          0          0          0   __rtentry2.o
         6          0          0          0          0          0   __rtentry4.o
        52          8          0          0          0          0   __scatter.o
        26          0          0          0          0          0   __scatter_copy.o
        28          0          0          0          0          0   __scatter_zi.o
        48          6          0          0          0         96   _printf_char_common.o
        64          6          0          0          0         84   _printf_char_file_locked.o
        10          0          0          0          0         68   defsig_exit.o
        50          0          0          0          0         88   defsig_general.o
        80         58          0          0          0         76   defsig_rtmem_inner.o
        14          0          0          0          0         80   defsig_rtmem_outer.o
        52         38          0          0          0         76   defsig_rtred_inner.o
        14          0          0          0          0         80   defsig_rtred_outer.o
        18          0          0          0          0         80   exit.o
        76          0          0          0          0         88   fclose.o
       470          0          0          0          0         88   flsbuf.o
       324          8          0          0          0        152   fopen_locked.o
        26          0          0          0          0         68   fputc.o
       248          6          0          0          0         84   fseek.o
        66          0          0          0          0         76   ftell.o
       158          0          0          0          0        128   h1_alloc_mt.o
        62          0          0          0          0         80   h1_extend_mt.o
       118          0          0          0          0        108   h1_free_mt.o
        18          0          0          0          0         84   h1_init_mt.o
         6          0          0          0          0        152   heapauxi.o
         4          0          0          0          0        136   hguard.o
         0          0          0          0          0          0   indicate_semi.o
       138          0          0          0          0        168   init_alloc.o
       456         48          0          0          0        116   initio_locked.o
         2          0          0          0          0          0   libinit.o
        14          0          0          0          0          0   libinit2.o
         2          0          0          0          0          0   libshutdown.o
         6          0          0          0          0          0   libshutdown2.o
         8          4          0          0         96         68   libspace.o
         0          0          0          0          0          0   maybetermalloc1.o
        24          4          0          0          0         84   noretval__2printf.o
         4          0          0          0          0         68   rt_errno_addr_twolibspace.o
        10          0          0          0          0         76   rt_heap_descriptor_twolibspace.o
        78          0          0          0          0         80   rt_memclr_w.o
         2          0          0          0          0          0   rtexit.o
        10          0          0          0          0          0   rtexit2.o
       104          0          0          0          0         88   setvbuf_locked.o
       240          6          0          0          0        156   stdio.o
         0          0          0         12        252          0   stdio_streams.o
       128          0          0          0          0         68   strcmpv7m.o
         0          0          0          4          0          0   streamlock.o
        12          4          0          0          0         68   sys_exit.o
        74          0          0          0          0         80   sys_stackheap_outer.o
        14          0          0          0          0         76   sys_wrch.o
         2          0          0          0          0         68   use_no_semi.o

    ----------------------------------------------------------------------
      8564        712          0         56        452      76446   Library Totals
        28          0          0          3          4          0   (incl. Padding)

    ----------------------------------------------------------------------

      Code (inc. data)   RO Data    RW Data    ZI Data      Debug   Library Name

      5102        516          0         37        100      73058   RTX_CM3.lib
      3434        196          0         16        348       3388   c_w.l

    ----------------------------------------------------------------------
      8564        712          0         56        452      76446   Library Totals

    ----------------------------------------------------------------------

==============================================================================


      Code (inc. data)   RO Data    RW Data    ZI Data      Debug   

     18676       1096       6932        116      17980     629271   Grand Totals
     18676       1096       6932        116      17980     629271   ELF Image Totals
     18676       1096       6932        116          0          0   ROM Totals

==============================================================================

    Total RO  Size (Code + RO Data)                25608 (  25.01kB)
    Total RW  Size (RW Data + ZI Data)             18096 (  17.67kB)
    Total ROM Size (Code + RO Data + RW Data)      25724 (  25.12kB)

==============================================================================

